program: futurelock

[tasks]
task: futurelock::start_background_task::{async_fn#0}::{async_block_env#0}
  kind: AsyncBlock
  decl: futurelock.rs:41
  entries: 2
  symbols-per-entry: 6,6
  stage: Stage<futurelock::start_background_task::{async_fn#0}::{async_block_env#0}>
  variants:
    Unresumed @ futurelock.rs:41
    Returned @ futurelock.rs:47
    Panicked @ futurelock.rs:47
    Suspend0 @ futurelock.rs:43
    Suspend1 @ futurelock.rs:45
task: futurelock::main::{async_block#0}::{async_block_env#0}
  kind: AsyncBlock
  decl: futurelock.rs:15
  entries: 2
  symbols-per-entry: 6,6
  stage: Stage<futurelock::main::{async_block#0}::{async_block_env#0}>
  variants:
    Unresumed @ futurelock.rs:15
    Returned @ futurelock.rs:26
    Panicked @ futurelock.rs:26
    Suspend0 @ futurelock.rs:22
    Suspend1 @ futurelock.rs:25

[dyn-futures]
dyn: core::future::poll_fn::PollFn<futurelock::do_stuff::{async_fn#0}::{closure_env#0}> (poll)
dyn: core::future::poll_fn::PollFn<tokio::runtime::scheduler::current_thread::{impl#0}::block_on::{closure#0}::{closure_env#0}<futurelock::main::{async_block_env#0}>> (poll)
dyn: core::pin::Pin<&mut futurelock::main::{async_block_env#0}> (poll)
dyn: futurelock::do_async_thing::{async_fn_env#0} (poll, drop_glue)
dyn: futurelock::do_stuff::{async_fn_env#0} (poll, drop_glue)
dyn: futurelock::main::{async_block#0}::{async_block_env#0} (poll, drop_glue)
dyn: futurelock::main::{async_block_env#0} (poll, drop_glue)
dyn: futurelock::start_background_task::{async_fn#0}::{async_block_env#0} (poll, drop_glue)
dyn: futurelock::start_background_task::{async_fn_env#0} (poll, drop_glue)

[infra]
header: ok
vtable: ok
trailer: ok
context: ok
scheduler_handle: ok
mt_handle: ok
ct_handle: ok
location: ok
raw_waker_vtable: ok

[statics]
tls-context-key: ok
task-waker-vtable: ok

[walks]
ok      Context.current_task_id
ok      Context.thread_id
ok      Context.handle
ok      Context.handle.current_thread
ok      Context.scheduler
ok      Context.scheduler.current_thread
ok      worker::Context.index
ok      current_thread::Context.core
ok      current_thread::Core.driver
ok      Handle.shared
ok      Shared.remotes
ok      Remote.unpark
ok      parker::Inner.state
ok      parker::Inner.driver_lock
ok      current_thread::Shared.woken
ok      Handle.blocking_metrics
ok      SpawnerMetrics.num_threads
ok      SpawnerMetrics.num_idle_threads
ok      SpawnerMetrics.queue_depth
ok      Shared.owned_lists
ok      Shard.head
ok      Header.state
ok      Header.owner_id
ok      Header.vtable
ok      Trailer.owned_next
ok      Vtable.poll
ok      Vtable.trailer_offset
ok      Vtable.id_offset
ok      Vtable.dealloc
ok      Vtable.try_read_output
ok      Vtable.drop_join_handle_slow
ok      Vtable.drop_abort_handle
ok      Vtable.shutdown
absent  Vtable.spawn_location_offset — the target was built without tokio_unstable
ok      Location.file (spelling 1 of 3)
ok      Location.line
ok      Location.col
ok      Cell.stage
ok      Cell.stage_running
ok      Cell.stage_finished
ok      Cell.stage_consumed
ok      Cell.trailer
ok      Cell.task_id
ok      Cell.scheduler
ok      time::Wheel.levels (family v1_49)
ok      wheel::Level.slot
ok      wheel::Slot.head
ok      TimerShared.next
ok      TimerShared.waker

program: simple-await

[tasks]
task: simple_await::work::{async_fn_env#0}
  kind: AsyncFn
  decl: simple-await.rs:16
  entries: 2
  symbols-per-entry: 6,6
  stage: Stage<simple_await::work::{async_fn_env#0}>
  variants:
    Unresumed @ simple-await.rs:16
    Returned @ simple-await.rs:46
    Panicked @ simple-await.rs:46
    Suspend0 @ simple-await.rs:32
    Suspend1 @ simple-await.rs:34

[dyn-futures]
dyn: core::future::poll_fn::PollFn<tokio::runtime::scheduler::current_thread::{impl#0}::block_on::{closure#0}::{closure_env#0}<simple_await::main::{async_block_env#0}>> (poll)
dyn: core::pin::Pin<&mut simple_await::main::{async_block_env#0}> (poll)
dyn: simple_await::main::{async_block_env#0} (poll, drop_glue)
dyn: simple_await::ready_value::{async_fn_env#0} (poll)
dyn: simple_await::work::{async_fn_env#0} (poll, drop_glue)

[infra]
header: ok
vtable: ok
trailer: ok
context: ok
scheduler_handle: ok
mt_handle: ok
ct_handle: ok
location: ok
raw_waker_vtable: ok

[statics]
tls-context-key: ok
task-waker-vtable: ok

[walks]
ok      Context.current_task_id
ok      Context.thread_id
ok      Context.handle
ok      Context.handle.current_thread
ok      Context.scheduler
ok      Context.scheduler.current_thread
ok      worker::Context.index
ok      current_thread::Context.core
ok      current_thread::Core.driver
ok      Handle.shared
ok      Shared.remotes
ok      Remote.unpark
ok      parker::Inner.state
ok      parker::Inner.driver_lock
ok      current_thread::Shared.woken
ok      Handle.blocking_metrics
ok      SpawnerMetrics.num_threads
ok      SpawnerMetrics.num_idle_threads
ok      SpawnerMetrics.queue_depth
ok      Shared.owned_lists
ok      Shard.head
ok      Header.state
ok      Header.owner_id
ok      Header.vtable
ok      Trailer.owned_next
ok      Vtable.poll
ok      Vtable.trailer_offset
ok      Vtable.id_offset
ok      Vtable.dealloc
ok      Vtable.try_read_output
ok      Vtable.drop_join_handle_slow
ok      Vtable.drop_abort_handle
ok      Vtable.shutdown
absent  Vtable.spawn_location_offset — the target was built without tokio_unstable
ok      Location.file (spelling 1 of 3)
ok      Location.line
ok      Location.col
ok      Cell.stage
ok      Cell.stage_running
ok      Cell.stage_finished
ok      Cell.stage_consumed
ok      Cell.trailer
ok      Cell.task_id
ok      Cell.scheduler
ok      time::Wheel.levels (family v1_49)
ok      wheel::Level.slot
ok      wheel::Slot.head
ok      TimerShared.next
ok      TimerShared.waker

program: nested-await

[tasks]
task: nested_await::outer::{async_fn_env#0}
  kind: AsyncFn
  decl: nested-await.rs:16
  entries: 2
  symbols-per-entry: 6,6
  stage: Stage<nested_await::outer::{async_fn_env#0}>
  variants:
    Unresumed @ nested-await.rs:16
    Returned @ nested-await.rs:20
    Panicked @ nested-await.rs:20
    Suspend0 @ nested-await.rs:18

[dyn-futures]
dyn: core::future::poll_fn::PollFn<tokio::runtime::scheduler::current_thread::{impl#0}::block_on::{closure#0}::{closure_env#0}<nested_await::main::{async_block_env#0}>> (poll)
dyn: core::pin::Pin<&mut nested_await::main::{async_block_env#0}> (poll)
dyn: nested_await::leaf::{async_fn_env#0} (poll, drop_glue)
dyn: nested_await::main::{async_block_env#0} (poll, drop_glue)
dyn: nested_await::middle::{async_fn_env#0} (poll, drop_glue)
dyn: nested_await::outer::{async_fn_env#0} (poll, drop_glue)

[infra]
header: ok
vtable: ok
trailer: ok
context: ok
scheduler_handle: ok
mt_handle: ok
ct_handle: ok
location: ok
raw_waker_vtable: ok

[statics]
tls-context-key: ok
task-waker-vtable: ok

[walks]
ok      Context.current_task_id
ok      Context.thread_id
ok      Context.handle
ok      Context.handle.current_thread
ok      Context.scheduler
ok      Context.scheduler.current_thread
ok      worker::Context.index
ok      current_thread::Context.core
ok      current_thread::Core.driver
ok      Handle.shared
ok      Shared.remotes
ok      Remote.unpark
ok      parker::Inner.state
ok      parker::Inner.driver_lock
ok      current_thread::Shared.woken
ok      Handle.blocking_metrics
ok      SpawnerMetrics.num_threads
ok      SpawnerMetrics.num_idle_threads
ok      SpawnerMetrics.queue_depth
ok      Shared.owned_lists
ok      Shard.head
ok      Header.state
ok      Header.owner_id
ok      Header.vtable
ok      Trailer.owned_next
ok      Vtable.poll
ok      Vtable.trailer_offset
ok      Vtable.id_offset
ok      Vtable.dealloc
ok      Vtable.try_read_output
ok      Vtable.drop_join_handle_slow
ok      Vtable.drop_abort_handle
ok      Vtable.shutdown
absent  Vtable.spawn_location_offset — the target was built without tokio_unstable
ok      Location.file (spelling 1 of 3)
ok      Location.line
ok      Location.col
ok      Cell.stage
ok      Cell.stage_running
ok      Cell.stage_finished
ok      Cell.stage_consumed
ok      Cell.trailer
ok      Cell.task_id
ok      Cell.scheduler
ok      time::Wheel.levels (family v1_49)
ok      wheel::Level.slot
ok      wheel::Slot.head
ok      TimerShared.next
ok      TimerShared.waker

program: dyn-future

[tasks]
task: dyn_future::set_member::{async_fn_env#0}
  kind: AsyncFn
  decl: dyn-future.rs:14
  entries: 2
  symbols-per-entry: 6,6
  stage: Stage<dyn_future::set_member::{async_fn_env#0}>
  variants:
    Unresumed @ dyn-future.rs:14
    Returned @ dyn-future.rs:16
    Panicked @ dyn-future.rs:16
    Suspend0 @ dyn-future.rs:15
task: dyn_future::driver::{async_fn_env#0}
  kind: AsyncFn
  decl: dyn-future.rs:22
  entries: 2
  symbols-per-entry: 6,6
  stage: Stage<dyn_future::driver::{async_fn_env#0}>
  variants:
    Unresumed @ dyn-future.rs:22
    Returned @ dyn-future.rs:32
    Panicked @ dyn-future.rs:32
    Suspend0 @ dyn-future.rs:29
    Suspend1 @ dyn-future.rs:30

[dyn-futures]
dyn: core::future::poll_fn::PollFn<tokio::runtime::scheduler::current_thread::{impl#0}::block_on::{closure#0}::{closure_env#0}<dyn_future::main::{async_block_env#0}>> (poll)
dyn: core::pin::Pin<&mut dyn_future::main::{async_block_env#0}> (poll)
dyn: dyn_future::boxed_leaf::{async_fn_env#0} (poll, drop_glue)
dyn: dyn_future::driver::{async_fn_env#0} (poll, drop_glue)
dyn: dyn_future::main::{async_block_env#0} (poll, drop_glue)
dyn: dyn_future::set_member::{async_fn_env#0} (poll, drop_glue)

[infra]
header: ok
vtable: ok
trailer: ok
context: ok
scheduler_handle: ok
mt_handle: ok
ct_handle: ok
location: ok
raw_waker_vtable: ok

[statics]
tls-context-key: ok
task-waker-vtable: ok

[walks]
ok      Context.current_task_id
ok      Context.thread_id
ok      Context.handle
ok      Context.handle.current_thread
ok      Context.scheduler
ok      Context.scheduler.current_thread
ok      worker::Context.index
ok      current_thread::Context.core
ok      current_thread::Core.driver
ok      Handle.shared
ok      Shared.remotes
ok      Remote.unpark
ok      parker::Inner.state
ok      parker::Inner.driver_lock
ok      current_thread::Shared.woken
ok      Handle.blocking_metrics
ok      SpawnerMetrics.num_threads
ok      SpawnerMetrics.num_idle_threads
ok      SpawnerMetrics.queue_depth
ok      Shared.owned_lists
ok      Shard.head
ok      Header.state
ok      Header.owner_id
ok      Header.vtable
ok      Trailer.owned_next
ok      Vtable.poll
ok      Vtable.trailer_offset
ok      Vtable.id_offset
ok      Vtable.dealloc
ok      Vtable.try_read_output
ok      Vtable.drop_join_handle_slow
ok      Vtable.drop_abort_handle
ok      Vtable.shutdown
absent  Vtable.spawn_location_offset — the target was built without tokio_unstable
ok      Location.file (spelling 1 of 3)
ok      Location.line
ok      Location.col
ok      Cell.stage
ok      Cell.stage_running
ok      Cell.stage_finished
ok      Cell.stage_consumed
ok      Cell.trailer
ok      Cell.task_id
ok      Cell.scheduler
ok      time::Wheel.levels (family v1_49)
ok      wheel::Level.slot
ok      wheel::Slot.head
ok      TimerShared.next
ok      TimerShared.waker

program: select-combinator

[tasks]
task: select_combinator::joiner::{async_fn_env#0}
  kind: AsyncFn
  decl: select-combinator.rs:27
  entries: 2
  symbols-per-entry: 6,6
  stage: Stage<select_combinator::joiner::{async_fn_env#0}>
  variants:
    Unresumed @ select-combinator.rs:27
    Returned @ select-combinator.rs:31
    Panicked @ select-combinator.rs:31
    Suspend0 @ join.rs:203 (awaited at select-combinator.rs:29)
task: select_combinator::selector::{async_fn_env#0}
  kind: AsyncFn
  decl: select-combinator.rs:15
  entries: 2
  symbols-per-entry: 6,6
  stage: Stage<select_combinator::selector::{async_fn_env#0}>
  variants:
    Unresumed @ select-combinator.rs:15
    Returned @ select-combinator.rs:21
    Panicked @ select-combinator.rs:21
    Suspend0 @ select.rs:746 (awaited at select-combinator.rs:17)

[dyn-futures]
dyn: core::future::poll_fn::PollFn<select_combinator::joiner::{async_fn#0}::{closure_env#0}> (poll)
dyn: core::future::poll_fn::PollFn<select_combinator::selector::{async_fn#0}::{closure_env#0}> (poll)
dyn: core::future::poll_fn::PollFn<tokio::runtime::scheduler::current_thread::{impl#0}::block_on::{closure#0}::{closure_env#0}<select_combinator::main::{async_block_env#0}>> (poll)
dyn: core::pin::Pin<&mut select_combinator::main::{async_block_env#0}> (poll)
dyn: select_combinator::joiner::{async_fn_env#0} (poll, drop_glue)
dyn: select_combinator::main::{async_block_env#0} (poll, drop_glue)
dyn: select_combinator::selector::{async_fn_env#0} (poll, drop_glue)
dyn: select_combinator::wait::{async_fn_env#0} (poll, drop_glue)
dyn: tokio::future::maybe_done::MaybeDone<select_combinator::wait::{async_fn_env#0}> (poll, drop_glue)

[infra]
header: ok
vtable: ok
trailer: ok
context: ok
scheduler_handle: ok
mt_handle: ok
ct_handle: ok
location: ok
raw_waker_vtable: ok

[statics]
tls-context-key: ok
task-waker-vtable: ok

[walks]
ok      Context.current_task_id
ok      Context.thread_id
ok      Context.handle
ok      Context.handle.current_thread
ok      Context.scheduler
ok      Context.scheduler.current_thread
ok      worker::Context.index
ok      current_thread::Context.core
ok      current_thread::Core.driver
ok      Handle.shared
ok      Shared.remotes
ok      Remote.unpark
ok      parker::Inner.state
ok      parker::Inner.driver_lock
ok      current_thread::Shared.woken
ok      Handle.blocking_metrics
ok      SpawnerMetrics.num_threads
ok      SpawnerMetrics.num_idle_threads
ok      SpawnerMetrics.queue_depth
ok      Shared.owned_lists
ok      Shard.head
ok      Header.state
ok      Header.owner_id
ok      Header.vtable
ok      Trailer.owned_next
ok      Vtable.poll
ok      Vtable.trailer_offset
ok      Vtable.id_offset
ok      Vtable.dealloc
ok      Vtable.try_read_output
ok      Vtable.drop_join_handle_slow
ok      Vtable.drop_abort_handle
ok      Vtable.shutdown
absent  Vtable.spawn_location_offset — the target was built without tokio_unstable
ok      Location.file (spelling 1 of 3)
ok      Location.line
ok      Location.col
ok      Cell.stage
ok      Cell.stage_running
ok      Cell.stage_finished
ok      Cell.stage_consumed
ok      Cell.trailer
ok      Cell.task_id
ok      Cell.scheduler
ok      time::Wheel.levels (family v1_49)
ok      wheel::Level.slot
ok      wheel::Slot.head
ok      TimerShared.next
ok      TimerShared.waker

program: many-tasks

[tasks]
task: many_tasks::park_task::{async_fn_env#0}
  kind: AsyncFn
  decl: many-tasks.rs:9
  entries: 2
  symbols-per-entry: 6,6
  stage: Stage<many_tasks::park_task::{async_fn_env#0}>
  variants:
    Unresumed @ many-tasks.rs:9
    Returned @ many-tasks.rs:12
    Panicked @ many-tasks.rs:12
    Suspend0 @ many-tasks.rs:11

[dyn-futures]
dyn: core::future::poll_fn::PollFn<tokio::runtime::scheduler::current_thread::{impl#0}::block_on::{closure#0}::{closure_env#0}<many_tasks::main::{async_block_env#0}>> (poll)
dyn: core::pin::Pin<&mut many_tasks::main::{async_block_env#0}> (poll)
dyn: many_tasks::main::{async_block_env#0} (poll, drop_glue)
dyn: many_tasks::park_task::{async_fn_env#0} (poll, drop_glue)

[infra]
header: ok
vtable: ok
trailer: ok
context: ok
scheduler_handle: ok
mt_handle: ok
ct_handle: ok
location: ok
raw_waker_vtable: ok

[statics]
tls-context-key: ok
task-waker-vtable: ok

[walks]
ok      Context.current_task_id
ok      Context.thread_id
ok      Context.handle
ok      Context.handle.current_thread
ok      Context.scheduler
ok      Context.scheduler.current_thread
ok      worker::Context.index
ok      current_thread::Context.core
ok      current_thread::Core.driver
ok      Handle.shared
ok      Shared.remotes
ok      Remote.unpark
ok      parker::Inner.state
ok      parker::Inner.driver_lock
ok      current_thread::Shared.woken
ok      Handle.blocking_metrics
ok      SpawnerMetrics.num_threads
ok      SpawnerMetrics.num_idle_threads
ok      SpawnerMetrics.queue_depth
ok      Shared.owned_lists
ok      Shard.head
ok      Header.state
ok      Header.owner_id
ok      Header.vtable
ok      Trailer.owned_next
ok      Vtable.poll
ok      Vtable.trailer_offset
ok      Vtable.id_offset
ok      Vtable.dealloc
ok      Vtable.try_read_output
ok      Vtable.drop_join_handle_slow
ok      Vtable.drop_abort_handle
ok      Vtable.shutdown
absent  Vtable.spawn_location_offset — the target was built without tokio_unstable
ok      Location.file (spelling 1 of 3)
ok      Location.line
ok      Location.col
ok      Cell.stage
ok      Cell.stage_running
ok      Cell.stage_finished
ok      Cell.stage_consumed
ok      Cell.trailer
ok      Cell.task_id
ok      Cell.scheduler
ok      time::Wheel.levels (family v1_49)
ok      wheel::Level.slot
ok      wheel::Slot.head
ok      TimerShared.next
ok      TimerShared.waker

program: sleep-join

[tasks]
task: sleep_join::joiner::{async_fn_env#0}
  kind: AsyncFn
  decl: sleep-join.rs:15
  entries: 2
  symbols-per-entry: 6,6
  stage: Stage<sleep_join::joiner::{async_fn_env#0}>
  variants:
    Unresumed @ sleep-join.rs:15
    Returned @ sleep-join.rs:18
    Panicked @ sleep-join.rs:18
    Suspend0 @ sleep-join.rs:17
task: sleep_join::sleeper::{async_fn_env#0}
  kind: AsyncFn
  decl: sleep-join.rs:9
  entries: 2
  symbols-per-entry: 6,6
  stage: Stage<sleep_join::sleeper::{async_fn_env#0}>
  variants:
    Unresumed @ sleep-join.rs:9
    Returned @ sleep-join.rs:13
    Panicked @ sleep-join.rs:13
    Suspend0 @ sleep-join.rs:11

[dyn-futures]
dyn: core::future::poll_fn::PollFn<tokio::runtime::scheduler::current_thread::{impl#0}::block_on::{closure#0}::{closure_env#0}<sleep_join::main::{async_block_env#0}>> (poll)
dyn: core::pin::Pin<&mut sleep_join::main::{async_block_env#0}> (poll)
dyn: sleep_join::joiner::{async_fn_env#0} (poll, drop_glue)
dyn: sleep_join::main::{async_block_env#0} (poll, drop_glue)
dyn: sleep_join::sleeper::{async_fn_env#0} (poll, drop_glue)

[infra]
header: ok
vtable: ok
trailer: ok
context: ok
scheduler_handle: ok
mt_handle: ok
ct_handle: ok
location: ok
raw_waker_vtable: ok

[statics]
tls-context-key: ok
task-waker-vtable: ok

[walks]
ok      Context.current_task_id
ok      Context.thread_id
ok      Context.handle
ok      Context.handle.current_thread
ok      Context.scheduler
ok      Context.scheduler.current_thread
ok      worker::Context.index
ok      current_thread::Context.core
ok      current_thread::Core.driver
ok      Handle.shared
ok      Shared.remotes
ok      Remote.unpark
ok      parker::Inner.state
ok      parker::Inner.driver_lock
ok      current_thread::Shared.woken
ok      Handle.blocking_metrics
ok      SpawnerMetrics.num_threads
ok      SpawnerMetrics.num_idle_threads
ok      SpawnerMetrics.queue_depth
ok      Shared.owned_lists
ok      Shard.head
ok      Header.state
ok      Header.owner_id
ok      Header.vtable
ok      Trailer.owned_next
ok      Vtable.poll
ok      Vtable.trailer_offset
ok      Vtable.id_offset
ok      Vtable.dealloc
ok      Vtable.try_read_output
ok      Vtable.drop_join_handle_slow
ok      Vtable.drop_abort_handle
ok      Vtable.shutdown
absent  Vtable.spawn_location_offset — the target was built without tokio_unstable
ok      Location.file (spelling 1 of 3)
ok      Location.line
ok      Location.col
ok      Cell.stage
ok      Cell.stage_running
ok      Cell.stage_finished
ok      Cell.stage_consumed
ok      Cell.trailer
ok      Cell.task_id
ok      Cell.scheduler
ok      time::Wheel.levels (family v1_49)
ok      wheel::Level.slot
ok      wheel::Slot.head
ok      TimerShared.next
ok      TimerShared.waker

program: channels

[tasks]
task: channels::notify_waiter::{async_fn_env#0}
  kind: AsyncFn
  decl: channels.rs:16
  entries: 2
  symbols-per-entry: 6,6
  stage: Stage<channels::notify_waiter::{async_fn_env#0}>
  variants:
    Unresumed @ channels.rs:16
    Returned @ channels.rs:22
    Panicked @ channels.rs:22
    Suspend0 @ channels.rs:21
task: channels::hold::{async_fn_env#0}
  kind: AsyncFn
  decl: channels.rs:36
  entries: 2
  symbols-per-entry: 6,6
  stage: Stage<channels::hold::{async_fn_env#0}>
  variants:
    Unresumed @ channels.rs:36
    Returned @ channels.rs:39
    Panicked @ channels.rs:39
    Suspend0 @ channels.rs:38

[dyn-futures]
dyn: channels::hold::{async_fn_env#0} (poll, drop_glue)
dyn: channels::main::{async_block_env#0} (poll, drop_glue)
dyn: channels::notify_waiter::{async_fn_env#0} (poll, drop_glue)
dyn: core::future::poll_fn::PollFn<tokio::runtime::scheduler::current_thread::{impl#0}::block_on::{closure#0}::{closure_env#0}<channels::main::{async_block_env#0}>> (poll)
dyn: core::pin::Pin<&mut channels::main::{async_block_env#0}> (poll)

[infra]
header: ok
vtable: ok
trailer: ok
context: ok
scheduler_handle: ok
mt_handle: ok
ct_handle: ok
location: ok
raw_waker_vtable: ok

[statics]
tls-context-key: ok
task-waker-vtable: ok

[walks]
ok      Context.current_task_id
ok      Context.thread_id
ok      Context.handle
ok      Context.handle.current_thread
ok      Context.scheduler
ok      Context.scheduler.current_thread
ok      worker::Context.index
ok      current_thread::Context.core
ok      current_thread::Core.driver
ok      Handle.shared
ok      Shared.remotes
ok      Remote.unpark
ok      parker::Inner.state
ok      parker::Inner.driver_lock
ok      current_thread::Shared.woken
ok      Handle.blocking_metrics
ok      SpawnerMetrics.num_threads
ok      SpawnerMetrics.num_idle_threads
ok      SpawnerMetrics.queue_depth
ok      Shared.owned_lists
ok      Shard.head
ok      Header.state
ok      Header.owner_id
ok      Header.vtable
ok      Trailer.owned_next
ok      Vtable.poll
ok      Vtable.trailer_offset
ok      Vtable.id_offset
ok      Vtable.dealloc
ok      Vtable.try_read_output
ok      Vtable.drop_join_handle_slow
ok      Vtable.drop_abort_handle
ok      Vtable.shutdown
absent  Vtable.spawn_location_offset — the target was built without tokio_unstable
ok      Location.file (spelling 1 of 3)
ok      Location.line
ok      Location.col
ok      Cell.stage
ok      Cell.stage_running
ok      Cell.stage_finished
ok      Cell.stage_consumed
ok      Cell.trailer
ok      Cell.task_id
ok      Cell.scheduler
ok      time::Wheel.levels (family v1_49)
ok      wheel::Level.slot
ok      wheel::Slot.head
ok      TimerShared.next
ok      TimerShared.waker

program: unordered

[tasks]
task: unordered::driver::{async_fn_env#0}
  kind: AsyncFn
  decl: unordered.rs:24
  entries: 2
  symbols-per-entry: 6,6
  stage: Stage<unordered::driver::{async_fn_env#0}>
  variants:
    Unresumed @ unordered.rs:24
    Returned @ unordered.rs:38
    Panicked @ unordered.rs:38
    Suspend0 @ unordered.rs:34
    Suspend1 @ unordered.rs:37
    Suspend2 @ unordered.rs:37

[dyn-futures]
dyn: core::future::poll_fn::PollFn<tokio::runtime::scheduler::current_thread::{impl#0}::block_on::{closure#0}::{closure_env#0}<unordered::main::{async_block_env#0}>> (poll)
dyn: core::pin::Pin<&mut unordered::main::{async_block_env#0}> (poll)
dyn: unordered::driver::{async_fn_env#0} (poll, drop_glue)
dyn: unordered::main::{async_block_env#0} (poll, drop_glue)
dyn: unordered::set_member::{async_fn_env#0} (poll, drop_glue)

[infra]
header: ok
vtable: ok
trailer: ok
context: ok
scheduler_handle: ok
mt_handle: ok
ct_handle: ok
location: ok
raw_waker_vtable: ok

[statics]
tls-context-key: ok
task-waker-vtable: ok

[walks]
ok      Context.current_task_id
ok      Context.thread_id
ok      Context.handle
ok      Context.handle.current_thread
ok      Context.scheduler
ok      Context.scheduler.current_thread
ok      worker::Context.index
ok      current_thread::Context.core
ok      current_thread::Core.driver
ok      Handle.shared
ok      Shared.remotes
ok      Remote.unpark
ok      parker::Inner.state
ok      parker::Inner.driver_lock
ok      current_thread::Shared.woken
ok      Handle.blocking_metrics
ok      SpawnerMetrics.num_threads
ok      SpawnerMetrics.num_idle_threads
ok      SpawnerMetrics.queue_depth
ok      Shared.owned_lists
ok      Shard.head
ok      Header.state
ok      Header.owner_id
ok      Header.vtable
ok      Trailer.owned_next
ok      Vtable.poll
ok      Vtable.trailer_offset
ok      Vtable.id_offset
ok      Vtable.dealloc
ok      Vtable.try_read_output
ok      Vtable.drop_join_handle_slow
ok      Vtable.drop_abort_handle
ok      Vtable.shutdown
absent  Vtable.spawn_location_offset — the target was built without tokio_unstable
ok      Location.file (spelling 1 of 3)
ok      Location.line
ok      Location.col
ok      Cell.stage
ok      Cell.stage_running
ok      Cell.stage_finished
ok      Cell.stage_consumed
ok      Cell.trailer
ok      Cell.task_id
ok      Cell.scheduler
ok      time::Wheel.levels (family v1_49)
ok      wheel::Level.slot
ok      wheel::Slot.head
ok      TimerShared.next
ok      TimerShared.waker

program: joinset

[tasks]
task: joinset::driver::{async_fn_env#0}
  kind: AsyncFn
  decl: joinset.rs:22
  entries: 2
  symbols-per-entry: 6,6
  stage: Stage<joinset::driver::{async_fn_env#0}>
  variants:
    Unresumed @ joinset.rs:22
    Returned @ joinset.rs:45
    Panicked @ joinset.rs:45
    Suspend0 @ joinset.rs:36
    Suspend1 @ joinset.rs:41
task: joinset::member::{async_fn_env#0}
  kind: AsyncFn
  decl: joinset.rs:16
  entries: 2
  symbols-per-entry: 6,6
  stage: Stage<joinset::member::{async_fn_env#0}>
  variants:
    Unresumed @ joinset.rs:16
    Returned @ joinset.rs:20
    Panicked @ joinset.rs:20
    Suspend0 @ joinset.rs:17
    Suspend1 @ joinset.rs:18

[dyn-futures]
dyn: core::future::poll_fn::PollFn<tokio::runtime::scheduler::current_thread::{impl#0}::block_on::{closure#0}::{closure_env#0}<joinset::main::{async_block_env#0}>> (poll)
dyn: core::pin::Pin<&mut joinset::main::{async_block_env#0}> (poll)
dyn: joinset::driver::{async_fn_env#0} (poll, drop_glue)
dyn: joinset::main::{async_block_env#0} (poll, drop_glue)
dyn: joinset::member::{async_fn_env#0} (poll, drop_glue)

[infra]
header: ok
vtable: ok
trailer: ok
context: ok
scheduler_handle: ok
mt_handle: ok
ct_handle: ok
location: ok
raw_waker_vtable: ok

[statics]
tls-context-key: ok
task-waker-vtable: ok

[walks]
ok      Context.current_task_id
ok      Context.thread_id
ok      Context.handle
ok      Context.handle.current_thread
ok      Context.scheduler
ok      Context.scheduler.current_thread
ok      worker::Context.index
ok      current_thread::Context.core
ok      current_thread::Core.driver
ok      Handle.shared
ok      Shared.remotes
ok      Remote.unpark
ok      parker::Inner.state
ok      parker::Inner.driver_lock
ok      current_thread::Shared.woken
ok      Handle.blocking_metrics
ok      SpawnerMetrics.num_threads
ok      SpawnerMetrics.num_idle_threads
ok      SpawnerMetrics.queue_depth
ok      Shared.owned_lists
ok      Shard.head
ok      Header.state
ok      Header.owner_id
ok      Header.vtable
ok      Trailer.owned_next
ok      Vtable.poll
ok      Vtable.trailer_offset
ok      Vtable.id_offset
ok      Vtable.dealloc
ok      Vtable.try_read_output
ok      Vtable.drop_join_handle_slow
ok      Vtable.drop_abort_handle
ok      Vtable.shutdown
absent  Vtable.spawn_location_offset — the target was built without tokio_unstable
ok      Location.file (spelling 1 of 3)
ok      Location.line
ok      Location.col
ok      Cell.stage
ok      Cell.stage_running
ok      Cell.stage_finished
ok      Cell.stage_consumed
ok      Cell.trailer
ok      Cell.task_id
ok      Cell.scheduler
ok      time::Wheel.levels (family v1_49)
ok      wheel::Level.slot
ok      wheel::Slot.head
ok      TimerShared.next
ok      TimerShared.waker

program: ct-runtime

[tasks]
task: ct_runtime::sleeper::{async_fn_env#0}
  kind: AsyncFn
  decl: ct-runtime.rs:10
  entries: 2
  symbols-per-entry: 6,6
  stage: Stage<ct_runtime::sleeper::{async_fn_env#0}>
  variants:
    Unresumed @ ct-runtime.rs:10
    Returned @ ct-runtime.rs:14
    Panicked @ ct-runtime.rs:14
    Suspend0 @ ct-runtime.rs:12
task: ct_runtime::acquirer::{async_fn_env#0}
  kind: AsyncFn
  decl: ct-runtime.rs:16
  entries: 2
  symbols-per-entry: 6,6
  stage: Stage<ct_runtime::acquirer::{async_fn_env#0}>
  variants:
    Unresumed @ ct-runtime.rs:16
    Returned @ ct-runtime.rs:20
    Panicked @ ct-runtime.rs:20
    Suspend0 @ ct-runtime.rs:18

[dyn-futures]
dyn: core::future::poll_fn::PollFn<tokio::runtime::scheduler::current_thread::{impl#0}::block_on::{closure#0}::{closure_env#0}<ct_runtime::main::{async_block_env#0}>> (poll)
dyn: core::pin::Pin<&mut ct_runtime::main::{async_block_env#0}> (poll)
dyn: ct_runtime::acquirer::{async_fn_env#0} (poll, drop_glue)
dyn: ct_runtime::main::{async_block_env#0} (poll, drop_glue)
dyn: ct_runtime::sleeper::{async_fn_env#0} (poll, drop_glue)

[infra]
header: ok
vtable: ok
trailer: ok
context: ok
scheduler_handle: ok
mt_handle: ok
ct_handle: ok
location: ok
raw_waker_vtable: ok

[statics]
tls-context-key: ok
task-waker-vtable: ok

[walks]
ok      Context.current_task_id
ok      Context.thread_id
ok      Context.handle
ok      Context.handle.current_thread
ok      Context.scheduler
ok      Context.scheduler.current_thread
ok      worker::Context.index
ok      current_thread::Context.core
ok      current_thread::Core.driver
ok      Handle.shared
ok      Shared.remotes
ok      Remote.unpark
ok      parker::Inner.state
ok      parker::Inner.driver_lock
ok      current_thread::Shared.woken
ok      Handle.blocking_metrics
ok      SpawnerMetrics.num_threads
ok      SpawnerMetrics.num_idle_threads
ok      SpawnerMetrics.queue_depth
ok      Shared.owned_lists
ok      Shard.head
ok      Header.state
ok      Header.owner_id
ok      Header.vtable
ok      Trailer.owned_next
ok      Vtable.poll
ok      Vtable.trailer_offset
ok      Vtable.id_offset
ok      Vtable.dealloc
ok      Vtable.try_read_output
ok      Vtable.drop_join_handle_slow
ok      Vtable.drop_abort_handle
ok      Vtable.shutdown
absent  Vtable.spawn_location_offset — the target was built without tokio_unstable
ok      Location.file (spelling 1 of 3)
ok      Location.line
ok      Location.col
ok      Cell.stage
ok      Cell.stage_running
ok      Cell.stage_finished
ok      Cell.stage_consumed
ok      Cell.trailer
ok      Cell.task_id
ok      Cell.scheduler
ok      time::Wheel.levels (family v1_49)
ok      wheel::Level.slot
ok      wheel::Slot.head
ok      TimerShared.next
ok      TimerShared.waker

program: local-set

[tasks]
task: local_set::local_sleeper::{async_fn_env#0}
  kind: AsyncFn
  decl: local-set.rs:13
  entries: 1
  symbols-per-entry: 6
  stage: Stage<local_set::local_sleeper::{async_fn_env#0}>
  variants:
    Unresumed @ local-set.rs:13
    Returned @ local-set.rs:17
    Panicked @ local-set.rs:17
    Suspend0 @ local-set.rs:15
task: local_set::local_acquirer::{async_fn_env#0}
  kind: AsyncFn
  decl: local-set.rs:19
  entries: 1
  symbols-per-entry: 6
  stage: Stage<local_set::local_acquirer::{async_fn_env#0}>
  variants:
    Unresumed @ local-set.rs:19
    Returned @ local-set.rs:23
    Panicked @ local-set.rs:23
    Suspend0 @ local-set.rs:21
task: local_set::joiner::{async_fn_env#0}
  kind: AsyncFn
  decl: local-set.rs:25
  entries: 2
  symbols-per-entry: 6,6
  stage: Stage<local_set::joiner::{async_fn_env#0}>
  variants:
    Unresumed @ local-set.rs:25
    Returned @ local-set.rs:28
    Panicked @ local-set.rs:28
    Suspend0 @ local-set.rs:27

[dyn-futures]
dyn: core::future::poll_fn::PollFn<tokio::runtime::scheduler::current_thread::{impl#0}::block_on::{closure#0}::{closure_env#0}<local_set::main::{async_block_env#0}>> (poll)
dyn: core::pin::Pin<&mut local_set::main::{async_block_env#0}> (poll)
dyn: local_set::joiner::{async_fn_env#0} (poll, drop_glue)
dyn: local_set::local_acquirer::{async_fn_env#0} (poll, drop_glue)
dyn: local_set::local_sleeper::{async_fn_env#0} (poll, drop_glue)
dyn: local_set::main::{async_block#0}::{async_block_env#0} (poll, drop_glue)
dyn: local_set::main::{async_block_env#0} (poll, drop_glue)

[infra]
header: ok
vtable: ok
trailer: ok
context: ok
scheduler_handle: ok
mt_handle: ok
ct_handle: ok
location: ok
raw_waker_vtable: ok

[statics]
tls-context-key: ok
task-waker-vtable: ok

[walks]
ok      Context.current_task_id
ok      Context.thread_id
ok      Context.handle
ok      Context.handle.current_thread
ok      Context.scheduler
ok      Context.scheduler.current_thread
ok      worker::Context.index
ok      current_thread::Context.core
ok      current_thread::Core.driver
ok      Handle.shared
ok      Shared.remotes
ok      Remote.unpark
ok      parker::Inner.state
ok      parker::Inner.driver_lock
ok      current_thread::Shared.woken
ok      Handle.blocking_metrics
ok      SpawnerMetrics.num_threads
ok      SpawnerMetrics.num_idle_threads
ok      SpawnerMetrics.queue_depth
ok      Shared.owned_lists
ok      Shard.head
ok      Header.state
ok      Header.owner_id
ok      Header.vtable
ok      Trailer.owned_next
ok      Vtable.poll
ok      Vtable.trailer_offset
ok      Vtable.id_offset
ok      Vtable.dealloc
ok      Vtable.try_read_output
ok      Vtable.drop_join_handle_slow
ok      Vtable.drop_abort_handle
ok      Vtable.shutdown
absent  Vtable.spawn_location_offset — the target was built without tokio_unstable
ok      Location.file (spelling 1 of 3)
ok      Location.line
ok      Location.col
ok      Cell.stage
ok      Cell.stage_running
ok      Cell.stage_finished
ok      Cell.stage_consumed
ok      Cell.trailer
ok      Cell.task_id
ok      Cell.scheduler
ok      time::Wheel.levels (family v1_49)
ok      wheel::Level.slot
ok      wheel::Slot.head
ok      TimerShared.next
ok      TimerShared.waker

program: local-set-timer

[tasks]
task: local_set_timer::local_sleeper::{async_fn_env#0}
  kind: AsyncFn
  decl: local-set-timer.rs:15
  entries: 1
  symbols-per-entry: 6
  stage: Stage<local_set_timer::local_sleeper::{async_fn_env#0}>
  variants:
    Unresumed @ local-set-timer.rs:15
    Returned @ local-set-timer.rs:19
    Panicked @ local-set-timer.rs:19
    Suspend0 @ local-set-timer.rs:17
task: local_set_timer::local_acquirer::{async_fn_env#0}
  kind: AsyncFn
  decl: local-set-timer.rs:21
  entries: 1
  symbols-per-entry: 6
  stage: Stage<local_set_timer::local_acquirer::{async_fn_env#0}>
  variants:
    Unresumed @ local-set-timer.rs:21
    Returned @ local-set-timer.rs:25
    Panicked @ local-set-timer.rs:25
    Suspend0 @ local-set-timer.rs:23
task: local_set_timer::sleeper::{async_fn_env#0}
  kind: AsyncFn
  decl: local-set-timer.rs:33
  entries: 2
  symbols-per-entry: 6,6
  stage: Stage<local_set_timer::sleeper::{async_fn_env#0}>
  variants:
    Unresumed @ local-set-timer.rs:33
    Returned @ local-set-timer.rs:37
    Panicked @ local-set-timer.rs:37
    Suspend0 @ local-set-timer.rs:35

[dyn-futures]
dyn: core::future::poll_fn::PollFn<tokio::runtime::scheduler::current_thread::{impl#0}::block_on::{closure#0}::{closure_env#0}<local_set_timer::main::{async_block_env#0}>> (poll)
dyn: core::pin::Pin<&mut local_set_timer::main::{async_block_env#0}> (poll)
dyn: local_set_timer::local_acquirer::{async_fn_env#0} (poll, drop_glue)
dyn: local_set_timer::local_sleeper::{async_fn_env#0} (poll, drop_glue)
dyn: local_set_timer::main::{async_block#0}::{async_block_env#0} (poll, drop_glue)
dyn: local_set_timer::main::{async_block_env#0} (poll, drop_glue)
dyn: local_set_timer::sleeper::{async_fn_env#0} (poll, drop_glue)

[infra]
header: ok
vtable: ok
trailer: ok
context: ok
scheduler_handle: ok
mt_handle: ok
ct_handle: ok
location: ok
raw_waker_vtable: ok

[statics]
tls-context-key: ok
task-waker-vtable: ok

[walks]
ok      Context.current_task_id
ok      Context.thread_id
ok      Context.handle
ok      Context.handle.current_thread
ok      Context.scheduler
ok      Context.scheduler.current_thread
ok      worker::Context.index
ok      current_thread::Context.core
ok      current_thread::Core.driver
ok      Handle.shared
ok      Shared.remotes
ok      Remote.unpark
ok      parker::Inner.state
ok      parker::Inner.driver_lock
ok      current_thread::Shared.woken
ok      Handle.blocking_metrics
ok      SpawnerMetrics.num_threads
ok      SpawnerMetrics.num_idle_threads
ok      SpawnerMetrics.queue_depth
ok      Shared.owned_lists
ok      Shard.head
ok      Header.state
ok      Header.owner_id
ok      Header.vtable
ok      Trailer.owned_next
ok      Vtable.poll
ok      Vtable.trailer_offset
ok      Vtable.id_offset
ok      Vtable.dealloc
ok      Vtable.try_read_output
ok      Vtable.drop_join_handle_slow
ok      Vtable.drop_abort_handle
ok      Vtable.shutdown
absent  Vtable.spawn_location_offset — the target was built without tokio_unstable
ok      Location.file (spelling 1 of 3)
ok      Location.line
ok      Location.col
ok      Cell.stage
ok      Cell.stage_running
ok      Cell.stage_finished
ok      Cell.stage_consumed
ok      Cell.trailer
ok      Cell.task_id
ok      Cell.scheduler
ok      time::Wheel.levels (family v1_49)
ok      wheel::Level.slot
ok      wheel::Slot.head
ok      TimerShared.next
ok      TimerShared.waker

