---
source: hansei/src/offline.rs
description: "`print` over illumos/armed-select"
---
core::future::poll_fn::PollFn<armed_select::selector::{async_fn#0}::{closure_env#0}> {
    f: armed_select::selector::{async_fn#0}::{closure_env#0} {
        _ref__disabled: 0xA1 -> 0,
        _ref__futures: 0xA2 -> (&mut tokio::sync::oneshot::Receiver<u32>, &mut core::pin::Pin<&mut tokio::sync::mpsc::bounded::{impl#0}::recv::{async_fn_env#0}<u32>>, &mut core::pin::Pin<&mut tokio::sync::watch::{impl#4}::changed::{async_fn_env#0}<u32>>, &mut core::pin::Pin<&mut tokio::time::sleep::Sleep>) (..),
    },
}
