---
source: hansei/src/offline.rs
description: "`tasks --with id 3,6` over illumos/blocking-pool"
---
ID  STATE               FUTURES  AWAITING AT                  WAITING ON  TYPE
3   blocking (running)        0  —                            —           future tokio::runtime::blocking::task::BlockingTask<blocking_pool::main::{async_block#0}::{closure_env#0}>
6   idle                      0  src/bin/blocking-pool.rs:22  task 3      async fn blocking_pool::running_waiter
[2 tasks]
