---
source: hansei/src/offline.rs
description: "`census` over illumos/channels"
---
Threads: 3 lwps, 3 in runtime 0 @0xADDR
    2 in the scheduler's run loop
        1 parked in the io driver
            worker 0, lwp 2
        1 parked
    1 in runtime 0 @0xADDR, outside the run loop
        0 in the blocking pool (0 idle, 0 tasks queued)
        1 that entered the runtime another way (a block_on caller)

Tasks: 2 owned by runtime 0 @0xADDR
    Lifecycle: 2 idle
    Future types and what they await:
        1  async fn channels::hold
           └─ 1  future tokio::sync::oneshot::Receiver<u32>
        1  async fn channels::notify_waiter
           └─ 1  future tokio::sync::notify::Notified
    Awaiting at:
        1  src/bin/channels.rs:30
        1  src/bin/channels.rs:48
    Spawned at:
        1  src/bin/channels.rs:75:23
        1  src/bin/channels.rs:83:23

Futures: 3 in flight, on 5 await-chain frames (up to 2 deep)
    Location:
        2  polled as tasks
        1  held in frames, off any await chain
        0  in 0 FuturesUnordered
    Future types and what they await:
        1  future tokio::sync::notify::Notified
