---
source: hansei/src/offline.rs
description: "`future 0x16ebdd0` over illumos/channels"
---
future 0xADDR
    type: async fn tokio::sync::mpsc::bounded::Sender::send<u32>
    held by: task 6 (frame 1, `send`)
    state: Suspend0 — tokio-1.52.4/src/sync/mpsc/bounded.rs:817
    depth: 4 frames
    waiting on:
        slot 0xADDR in tokio::sync::batch_semaphore::Waiter
            location: future 0xADDR node.waker.Some
    armed: yes
    held futures: 0
    join sets: 0
