---
source: hansei/src/offline.rs
description: "`trace 3 -n` over illumos/channels"
---
Waiting on: the Notify at 0xADDR: 1 queued

#0  future        tokio::sync::notify::Notified
      waiting on the Notify at 0xADDR: 1 queued
#1  future        Pin<&mut tokio::sync::notify::Notified>
      (<no_state>, 1 local)
#2  async fn      channels::notify_waiter
      awaiting at src/bin/channels.rs:34 (Suspend0, 2 locals)
