---
source: hansei/src/offline.rs
description: "`threads -f 3` over illumos/ct-runtime"
---
lwp 1  polling no task
  thread_id: core::option::Option<tokio::runtime::thread_id::ThreadId>::None
  runtime:
    tokio::runtime::context::runtime::EnterRuntime::Entered {
        allow_block_in_place: false,
    }
  budget: core::option::Option<u8>::None
  block_on thread of its current_thread runtime
  parked in the driver
  defer:
    core::cell::RefCell<alloc::vec::Vec<core::task::wake::Waker, alloc::alloc::Global>> {
        borrow: core::cell::Cell<isize> {
            value: 0,
        },
        value: [],
    }
  core:
    tokio::runtime::scheduler::current_thread::Core {
        tasks: alloc::collections::vec_deque::VecDeque<tokio::runtime::task::Notified<alloc::sync::Arc<tokio::runtime::scheduler::current_thread::Handle, alloc::alloc::Global>>, alloc::alloc::Global> {
            head: 2,
            len: 0,
            buf: alloc::raw_vec::RawVec<tokio::runtime::task::Notified<alloc::sync::Arc<tokio::runtime::scheduler::current_thread::Handle, alloc::alloc::Global>>, alloc::alloc::Global> {
                inner: alloc::raw_vec::RawVecInner<alloc::alloc::Global> {
                    ptr: 0xADDR -> 128,
                    cap: 64,
                },
            },
        },
        tick: 4,
        driver: core::option::Option<tokio::runtime::driver::Driver>::None,
        metrics: tokio::runtime::metrics::batch::MetricsBatch {
            busy_duration_total: 125132,
            processing_scheduled_tasks_started_at: core::option::Option<std::time::Instant>::Some {
                tv_sec: 5077943,
                tv_nsec: 539328795,
            },
            park_count: 1,
            park_unpark_count: 1,
            noop_count: 0,
            steal_count: 0,
            steal_operations: 0,
            poll_count: 2,
            poll_count_on_last_park: 2,
            local_schedule_count: 2,
            overflow_count: 0,
            poll_timer: core::option::Option<tokio::runtime::metrics::batch::PollTimer>::None,
        },
        global_queue_interval: 31,
        unhandled_panic: false,
    }
  stack:
    0xADDR 
    0xADDR <mio::poll::Poll>::poll  (frame-pointer walk)
    0xADDR <tokio::runtime::io::driver::Driver>::turn  (frame-pointer walk)
