---
source: hansei/src/offline.rs
description: "`whatis 0x16f7580` over illumos/ct-runtime"
---
Status: live
Size:   272 byte block
Offset: +16 in block

Task 1: async fn ct_runtime::sleeper
    At: offset 0xADDR in the task's allocation (header 0xADDR)
    State: idle
    Spawned at: src/bin/ct-runtime.rs:37:24
