---
source: hansei/src/offline.rs
description: "`trace 1 -n` over illumos/delegation-cases"
---
Waiting on: unknown at delegation_cases::Gated

what delegation_cases::Gated<1> polls is not established (no reviewed rule covers its implementation); the chain ends there
#0  future        delegation_cases::Gated<1>
      (<no_state>, 3 locals; holds 1 pending future)
#1  future        Pin<Box<delegation_cases::Gated<1>>>
      (<no_state>, 1 local)
