---
source: hansei/src/offline.rs
description: "`info` over illumos/delegation-cases"
---
core:  <core>
tokio info: <tokio info>
symbols resolved: 37/37
allocator evidence: libumem index (N caches, N slabs)
waker slots: 1 copy of tokio's WAKER_VTABLE, 0 set vtables; N swept in N chunks
    hits: N
    by class: N
    attributed: N
pid:  PID (delegation-case)
ppid:  PID
uid:  ID (effective ID)
gid:  ID (effective ID)
model:  LP64
start:  TIME
psargs: PSARGS
executable: <test-programs>/fixtures/bin-a/delegation-cases
argv:
  <test-programs>/fixtures/bin-a/delegation-cases
environment:
signal: none recorded
