---
source: hansei/src/offline.rs
description: "`trace 3 -l 1` over illumos/dyn-future"
---
Waiting on: unknown at tokio::sync::oneshot::Receiver
  oneshot rx 0xADDR: waker in Inner.rx_task (rx_task_set), reached from #0 inner → * → data → rx_task

what tokio::sync::oneshot::Receiver<u32> polls is not established (no reviewed rule covers its implementation); the chain ends there
#0  future        tokio::sync::oneshot::Receiver<u32>
      (<no_state>, 1 local)
[4 frames, 1 shown]
