---
source: hansei/src/offline.rs
description: "`sync` over illumos/futurelock"
---
a tokio::sync::Mutex (semaphore 0xADDR): 0 permits available
    Held by: task 5 — 1 permit granted to `future1` (async fn futurelock::do_async_thing), a future it stopped polling
    Blocked on it: task 5 (1 permit requested)
    Wake queue: task 5

task 5 (async block futurelock::main::{async_block#0}): idle
    No task waits to join it, holds its handle, or drives it in a set
