---
source: hansei/src/offline.rs
description: "`future 0xA1` over illumos/gen-0007"
---
future 0xA1
    type: async fn gen_0007::leaf_01
    child of: futures_util::stream::futures_unordered::FuturesUnordered<gen_0007::leaf_01> at 0xA2, polled by task 2005
    state: Unresumed
    depth: 1 frame
    held futures: 0
    join sets: 0
