---
source: hansei/src/offline.rs
description: "`task 2001` over illumos/gen-0007"
---
task 2001
    state: idle
    thread: <none>
    type: async fn gen_0007::member_02
    awaiting at: src/bin/gen-0007.rs:148
    awaiting on: notify rx 0xA1 (waiting, 1 queued)
    spawned at: src/bin/gen-0007.rs:121:12
    type defined at: src/bin/gen-0007.rs:141
    held futures: 0
    join sets: 0
