---
source: hansei/src/offline.rs
description: "`print` over illumos/http-conns"
---
tokio::runtime::io::scheduled_io::Readiness {
    scheduled_io: 0xADDR -> tokio::runtime::io::scheduled_io::ScheduledIo { .. },
    state: tokio::runtime::io::scheduled_io::State = Waiting,
    waiter: tokio::runtime::io::scheduled_io::Waiter {
        pointers: tokio::util::linked_list::Pointers<tokio::runtime::io::scheduled_io::Waiter> {
            inner: core::cell::UnsafeCell<tokio::util::linked_list::PointersInner<tokio::runtime::io::scheduled_io::Waiter>> { .. } @ 0xADDR,
        },
        waker: core::option::Option<core::task::wake::Waker> { .. } @ 0xADDR,
        interest: 1,
        is_ready: false,
    },
}
