---
source: hansei/src/offline.rs
description: "`sync` over illumos/http-conns"
---
oneshot 0xADDR: nothing sent, sender alive
    rx: task 13

oneshot 0xADDR: nothing sent, sender alive
    tx: task 8

oneshot 0xADDR: nothing sent, sender alive
    tx: task 11

mpsc 0xADDR: 1 sender, 0 unread
    rx: task 5

mpsc 0xADDR: 1 sender, 0 unread
    rx: task 15

notify 0xADDR: waiting
    rx: task 7, task 10
