---
source: hansei/src/offline.rs
description: "`connections --with role server --with buffered =0` over illumos/http-conns"
---
TASK  CALLER  PROTO  ROLE    PHASE             DEADLINE    BUF      SENDQ  PEER  SERVER  METHOD  REQUEST
4     —       http1  server  idle (7ms)        +TS  0/16302  —      —     —       —       —
8     —       http1  server  handling request  —           0/16339  —      —     —       GET     /park
11    —       http1  server  handling request  —           0/16326  —      —     —       GET     /park
15    —       http1  server  idle (4ms)        +TS  0/16343  —      —     —       —       —
[4 connections]
