---
source: hansei/src/offline.rs
description: "`connections --group phase` over illumos/http-conns"
---
COUNT  PHASE  CONNECTIONS
    4  idle  client task 2002, server task 2004, server task 2008, …
    2  awaiting response  client task 2001, client task 2014
    2  handling request  server task 2005, server task 2006
    1  negotiating  server task 2007
[4 groups]
