---
source: hansei/src/offline.rs
description: "`tasks --with type http_conns::serve --with waiting-on http1.server --exec print dispatch.service.f.peer` over illumos/http-conns"
---
task 4
core::net::socket_addr::SocketAddr = V4(127.0.0.1:35585)

task 7
core::net::socket_addr::SocketAddr = V4(127.0.0.1:50909)

task 10
core::net::socket_addr::SocketAddr = V4(127.0.0.1:34780)

task 14
core::net::socket_addr::SocketAddr = V4(127.0.0.1:46465)
[Executed against 4 tasks, 0 failed]
