---
source: hansei/src/offline.rs
description: "`connections` over illumos/http-conns"
---
TASK  ROLE    PHASE              DEADLINE    BUF      PEER  SERVER  METHOD  REQUEST
4     server  idle (8ms)         +TS  0/16302  —     —       —       —
5     client  idle               —           0/8192   —     —       —       —
9     server  handling request   —           0/16339  —     —       GET     /park
10    client  awaiting response  —           0/8192   —     —       GET     —
12    server  handling request   —           0/16326  —     —       GET     /park
13    client  awaiting response  —           0/8192   —     —       GET     http://127.0.0.1:41780/park
14    server  negotiating        —           —        —     —       —       —
[7 connections]
