---
source: hansei/src/offline.rs
description: "`print no_such_member` over illumos/http-conns"
---
error: type hyper::proto::h1::dispatch::Dispatcher<hyper::proto::h1::dispatch::Client<reqwest::async_impl::body::Body>, reqwest::async_impl::body::Body, reqwest::connect::sealed::Conn, hyper::proto::h1::role::Client> has no member named no_such_member (members: conn, dispatch, body_tx, body_rx, is_closing)
