---
source: hansei/src/offline.rs
description: "`channels` over illumos/http-conns"
---
oneshot 0xADDR: nothing sent, sender alive
    tx: task 10

oneshot 0xADDR: nothing sent, sender alive
    tx: task 13

oneshot 0xADDR: nothing sent, sender alive
    rx: task 15

mpsc 0xADDR: 1 sender, 0 unread
    rx: task 5

mpsc 0xADDR: 1 sender, 0 unread
    rx: task 17
