---
source: hansei/src/offline.rs
description: "`threads -f 3` over illumos/joinset"
---
lwp 1  polling no task
  thread_id: core::option::Option<tokio::runtime::thread_id::ThreadId>::None
  runtime:
    tokio::runtime::context::runtime::EnterRuntime::Entered {
        allow_block_in_place: true,
    }
  budget: core::option::Option<u8>::None
  not in the scheduler's run loop
  stack:
    0xADDR  
    0xADDR    (frame-pointer walk)
    0xADDR    (frame-pointer walk)

lwp 2  last polled task 1
  thread_id: core::option::Option<tokio::runtime::thread_id::ThreadId>::None
  runtime:
    tokio::runtime::context::runtime::EnterRuntime::Entered {
        allow_block_in_place: true,
    }
  budget: core::option::Option<u8>::None
  worker 0
  defer:
    core::cell::RefCell<alloc::vec::Vec<core::task::wake::Waker, alloc::alloc::Global>> {
        borrow: core::cell::Cell<isize> {
            value: 0,
        },
        value: [],
    }
  core:
    tokio::runtime::scheduler::multi_thread::worker::Core {
        tick: 7,
        lifo_slot: core::option::Option<tokio::runtime::task::Notified<alloc::sync::Arc<tokio::runtime::scheduler::multi_thread::handle::Handle, alloc::alloc::Global>>>::None,
        lifo_enabled: false,
        run_queue: tokio::runtime::scheduler::multi_thread::queue::Local<alloc::sync::Arc<tokio::runtime::scheduler::multi_thread::handle::Handle, alloc::alloc::Global>> {
            inner: alloc::sync::Arc<tokio::runtime::scheduler::multi_thread::queue::Inner<alloc::sync::Arc<tokio::runtime::scheduler::multi_thread::handle::Handle, alloc::alloc::Global>>, alloc::alloc::Global> { .. } @ 0xADDR,
        },
        time_context: tokio::runtime::time_alt::context::LocalContext {
            wheel: tokio::runtime::time_alt::wheel::Wheel { .. } @ 0xADDR,
            registration_queue: tokio::runtime::time_alt::registration_queue::RegistrationQueue { .. } @ 0xADDR,
            canc_tx: tokio::runtime::time_alt::cancellation_queue::Sender { .. } @ 0xADDR,
            canc_rx: tokio::runtime::time_alt::cancellation_queue::Receiver { .. } @ 0xADDR,
        },
        is_searching: false,
        is_shutdown: false,
        is_traced: false,
        had_driver: [0xADDR],
        enable_eager_driver_handoff: false,
        park: core::option::Option<tokio::runtime::scheduler::multi_thread::park::Parker>::None,
        stats: tokio::runtime::scheduler::multi_thread::stats::Stats {
            batch: tokio::runtime::metrics::batch::MetricsBatch { .. } @ 0xADDR,
            processing_scheduled_tasks_started_at: std::time::Instant { .. } @ 0xADDR,
            tasks_polled_in_batch: 6,
            task_poll_time_ewma: 20160.468587030053,
        },
        global_queue_interval: 61,
        rand: tokio::util::rand::FastRand {
            one: 4111842050,
            two: 3836654932,
        },
    }
  stack:
    0xADDR  
    0xADDR    (frame-pointer walk)
    0xADDR    (frame-pointer walk)

lwp 3  last polled task 2
  thread_id: core::option::Option<tokio::runtime::thread_id::ThreadId>::None
  runtime:
    tokio::runtime::context::runtime::EnterRuntime::Entered {
        allow_block_in_place: true,
    }
  budget: core::option::Option<u8>::None
  worker 1
  defer:
    core::cell::RefCell<alloc::vec::Vec<core::task::wake::Waker, alloc::alloc::Global>> {
        borrow: core::cell::Cell<isize> {
            value: 0,
        },
        value: [],
    }
  core:
    tokio::runtime::scheduler::multi_thread::worker::Core {
        tick: 4,
        lifo_slot: core::option::Option<tokio::runtime::task::Notified<alloc::sync::Arc<tokio::runtime::scheduler::multi_thread::handle::Handle, alloc::alloc::Global>>>::None,
        lifo_enabled: false,
        run_queue: tokio::runtime::scheduler::multi_thread::queue::Local<alloc::sync::Arc<tokio::runtime::scheduler::multi_thread::handle::Handle, alloc::alloc::Global>> {
            inner: alloc::sync::Arc<tokio::runtime::scheduler::multi_thread::queue::Inner<alloc::sync::Arc<tokio::runtime::scheduler::multi_thread::handle::Handle, alloc::alloc::Global>>, alloc::alloc::Global> { .. } @ 0xADDR,
        },
        time_context: tokio::runtime::time_alt::context::LocalContext {
            wheel: tokio::runtime::time_alt::wheel::Wheel { .. } @ 0xADDR,
            registration_queue: tokio::runtime::time_alt::registration_queue::RegistrationQueue { .. } @ 0xADDR,
            canc_tx: tokio::runtime::time_alt::cancellation_queue::Sender { .. } @ 0xADDR,
            canc_rx: tokio::runtime::time_alt::cancellation_queue::Receiver { .. } @ 0xADDR,
        },
        is_searching: false,
        is_shutdown: false,
        is_traced: false,
        had_driver: [0xADDR],
        enable_eager_driver_handoff: false,
        park: core::option::Option<tokio::runtime::scheduler::multi_thread::park::Parker>::None,
        stats: tokio::runtime::scheduler::multi_thread::stats::Stats {
            batch: tokio::runtime::metrics::batch::MetricsBatch { .. } @ 0xADDR,
            processing_scheduled_tasks_started_at: std::time::Instant { .. } @ 0xADDR,
            tasks_polled_in_batch: 2,
            task_poll_time_ewma: 3765.7177049180327,
        },
        global_queue_interval: 61,
        rand: tokio::util::rand::FastRand {
            one: 1061512740,
            two: 3667206367,
        },
    }
  stack:
    0xADDR  
    0xADDR  <mio::poll::Poll>::poll  (frame-pointer walk)
    0xADDR  <tokio::runtime::io::driver::Driver>::turn  (frame-pointer walk)
