---
source: hansei/src/offline.rs
description: "`trace 1 -n` over illumos/local-set-io"
---
Task 1: async fn local_set_io::local_reader (idle)
Spawned at: src/bin/local-set-io.rs:98:20
Defined at: src/bin/local-set-io.rs:24

#0  async fn      local_set_io::local_reader
      awaiting at src/bin/local-set-io.rs:28 (Suspend0, 2 locals)
#1  future        tokio::io::util::read::Read<tokio::net::unix::stream::UnixStream>
      (<no_state>, 2 locals)
