---
source: hansei/src/offline.rs
description: "`tasks --with id 3,6` over illumos/local-set-timer"
---
ID  STATE  RT  FUTURES  AWAITING AT                    WAITING ON                     TYPE
3   idle   0         0  src/bin/local-set-timer.rs:42  timer (deadline TS)  async fn local_set_timer::sleeper
[1 task]
