---
source: hansei/src/offline.rs
description: "`whatis 0xA1` over illumos/local-set-io"
---
Status: live
Size:  256 bytes
Offset: +128 in allocation

Connection 0xA1: unix, open, task 2001
    At: offset 0xA2 in the socket's registration, tokio::runtime::io::scheduled_io::ScheduledIo
    In full: connection 0xA1
