---
source: hansei/src/offline.rs
description: "`connection 0xfa3568` over illumos/local-set-io"
---
connection 0xADDR
    proto: unix
    driven by: task 1
    unix: fd 11
        stream: 0xADDR tokio::net::unix::stream::UnixStream
        registration: 0xADDR
        ready: writable
        waker: the reader slot, task 1
    route:
        0xADDR tokio::net::unix::stream::UnixStream
