---
source: hansei/src/offline.rs
description: "`tasks --exec type no::such::Type` over illumos/local-set"
---
1  idle  1  src/bin/local-set.rs:16  timer (deadline TS)  async fn local_set::local_sleeper
error: the tokio info records no type named no::such::Type; try `find-types no::such::Type`

2  idle  1  src/bin/local-set.rs:23  a tokio::sync::Semaphore (semaphore 0xADDR): 1 permit requested, 0 available; wake queue: task 2  async fn local_set::local_acquirer
error: the tokio info records no type named no::such::Type; try `find-types no::such::Type`

3  idle  0  src/bin/local-set.rs:30  task 1  async fn local_set::joiner
error: the tokio info records no type named no::such::Type; try `find-types no::such::Type`
Executed against 3 tasks, 3 failed
error: --exec failed against 3 of 3 tasks
