---
source: hansei/src/offline.rs
description: "`info` over illumos/local-set-io"
---
core:  <core>
tokio info: <tokio info>
symbols resolved: 19/19
allocator evidence: libumem index (N caches, N slabs)
waker slots: 1 copy of tokio's WAKER_VTABLE, 0 set vtables; N swept in N chunks
    hits: N
    by class: N
    attributed: N
pid:  PID (local-set-io)
ppid:  PID
uid:  ID (effective ID)
gid:  ID (effective ID)
model:  LP64
start:  TIME
psargs: PSARGS
executable: <test-programs>/fixtures/bin-a/local-set-io
argv:
  <test-programs>/fixtures/bin-a/local-set-io
environment:
signal: none recorded
