---
source: hansei/src/offline.rs
description: "`print .__awaitee` over illumos/nested-await"
---
nested_await::middle::{async_fn_env#0}::3 {
    __awaitee: nested_await::leaf::{async_fn_env#0}::3 {
        __awaitee: tokio::sync::oneshot::Receiver<u32> {
            inner: core::option::Option<alloc::sync::Arc<tokio::sync::oneshot::Inner<u32>, alloc::alloc::Global>>::Some(...),
        },
    },
}
