---
source: hansei/src/offline.rs
description: "`tasks` over illumos/nested-await"
---
ID  STATE  FUTURES  AWAITING AT                 WAITING ON                                  FUTURE
3   idle         0  src/bin/nested-await.rs:23  future tokio::sync::oneshot::Receiver<u32>  async fn nested_await::outer
[1 task]
