---
source: hansei/src/offline.rs
description: "`tasks` over illumos/simple-await"
---
ID  STATE  FUTURES  AWAITING AT                 WAITING ON                                  TYPE
3   idle         0  src/bin/simple-await.rs:44  future tokio::sync::oneshot::Receiver<u32>  async fn simple_await::work
[1 task]
