---
source: hansei/src/offline.rs
description: "`tasks --with state idle` over illumos/sleep-join"
---
ID  STATE  FUT  AWAITING AT  WAITING ON  TYPE
2001  idle  0  src/bin/sleep-join.rs:16  timer  async fn sleep_join::sleeper
2002  idle  0  src/bin/sleep-join.rs:23  task 2001  async fn sleep_join::joiner
[2 tasks]
