---
source: hansei/src/offline.rs
description: "`futures` over illumos/tls-conns"
---
ADDR       TASK  HELD IN           STATE  WAITING ON   ARMED  TYPE
0xADDR  5     frame 1, `read`   —      unarmed: io  no     future tokio::io::util::read::Read<tokio::io::split::ReadHalf<tokio_rustls::TlsStream<tokio::net::tcp::stream::TcpStream>>>
0xADDR  5     frame 1, `write`  —      unarmed: io  no     future tokio::io::util::write_buf::WriteBuf<tokio::io::split::WriteHalf<tokio_rustls::TlsStream<tokio::net::tcp::stream::TcpStream>>, core::io::cursor::Cursor<Vec<u8>>>
0xADDR  7     frame 1, `read`   —      unarmed: io  no     future tokio::io::util::read::Read<tokio::net::tcp::split_owned::OwnedReadHalf>
0xADDR  7     frame 1, `write`  —      unarmed: io  no     future tokio::io::util::write_buf::WriteBuf<tokio::net::tcp::split_owned::OwnedWriteHalf, core::io::cursor::Cursor<Vec<u8>>>
[4 futures]
