---
source: hansei/src/offline.rs
description: "`tasks --with holds >0` over illumos/tls-conns"
---
ID  STATE  FUT  AWAITING AT               WAITING ON  TYPE
5   idle     2  src/bin/tls-conns.rs:214  io          async fn tls_conns::split_client
7   idle     2  src/bin/tls-conns.rs:248  io          async fn tls_conns::owned_split_client
[2 tasks]
