---
source: hansei/src/offline.rs
description: "`tasks --with type two_releases::keeper --exec up print new_tx` over illumos/two-releases"
---
task 3
#1  async fn      two_releases::keeper
      awaiting at src/bin/two-releases.rs:42 (Suspend0, 6 locals)
0xADDR -> alloc::sync::ArcInner<async_channel::Channel<u32>> {
        strong: 3,
        weak: 1,
        data: async_channel::Channel<u32> { .. } @ 0xADDR,
    }
[Executed against 1 task, 0 failed]
