---
source: hansei/src/offline.rs
description: "`futures` over illumos/unordered"
---
ADDR       TASK  HELD IN                                         STATE                               WAITING ON                        ARMED  TYPE
0xADDR  3     frame 1, `held`                                 Unresumed                           —                                 no     async fn unordered::set_member
0xADDR  3     frame 1, `boxed`                                Unresumed                           —                                 no     async fn unordered::set_member
0xADDR  3     frame 1, `pair`                                 Unresumed                           —                                 no     async fn unordered::leaf
0xADDR  3     frame 1, `maybe`                                Unresumed                           —                                 no     async fn unordered::leaf
0xADDR  3     frame 1, `nested_hold`                          Unresumed                           —                                 no     async fn unordered::holder<unordered::leaf>
0xADDR  3     frame 0, `inner`, via held future at 0xADDR  Unresumed                           —                                 no     async fn unordered::leaf
0xADDR  3     set 0xADDR                                   Suspend0 — src/bin/unordered.rs:73  unarmed: the Notify at 0xADDR  no     async fn unordered::set_member
0xADDR  3     frame 1, `held`, via set child at 0xADDR     Unresumed                           —                                 no     async fn unordered::leaf
0xADDR  3     set 0xADDR                                   Suspend0 — src/bin/unordered.rs:73  unarmed: the Notify at 0xADDR  no     async fn unordered::set_member
0xADDR  3     frame 1, `held`, via set child at 0xADDR     Unresumed                           —                                 no     async fn unordered::leaf
0xADDR  3     set 0xADDR                                   Suspend0 — src/bin/unordered.rs:73  unarmed: the Notify at 0xADDR  no     async fn unordered::set_member
0xADDR  3     frame 1, `held`, via set child at 0xADDR     Unresumed                           —                                 no     async fn unordered::leaf
0xADDR  3     set 0xADDR, via set child at 0xADDR       Unresumed                           —                                 no     async fn unordered::leaf
0xADDR  3     set 0xADDR, via set child at 0xADDR       Unresumed                           —                                 no     async fn unordered::leaf
[14 futures]
