---
source: hansei/src/offline.rs
description: "`info` over illumos/unordered"
---
core:       <snapshot>
tokio info: <tokio info>
symbols resolved: 15/15
allocator evidence: libumem index (58 caches, 35 slabs)
waker slots: 1 copy of tokio's WAKER_VTABLE, 0 set vtables; 163.7 KiB swept in 3464 chunks
    hits: 3 task-pattern, 0 set-pattern; 1 admitted; 2 unlisted headers
    by class: 1 umem live, 2 lwp stack
process: not recorded by this target
signal: none recorded
