---
source: hansei/src/offline.rs
description: "`tasks --with id 3,6` over illumos/walk-shapes"
---
ID  STATE  RT  FUT  AWAITING AT                 WAITING ON  TYPE
3   idle   0     1  src/bin/walk-shapes.rs:160  notify rx   async fn walk_shapes::abandoner
6   idle   0     0  src/bin/walk-shapes.rs:174  semaphore   async fn walk_shapes::blocked
[2 tasks]
