---
source: hansei/src/offline.rs
description: "`task 2003` over illumos/walk-shapes"
---
task 2003
    state: idle
    thread: <none>
    owner: runtime 0 @ 0xA1 (current_thread)
    type: async fn walk_shapes::chained
    awaiting at: src/bin/walk-shapes.rs:116
    awaiting on:
        inner: walk_shapes::WrapE<walk_shapes::deep>
            held in: frame 0 `inner`
            awaiting on: notify rx 0xA2 (waiting)
            type defined at: src/bin/walk-shapes.rs:77
    spawned at: src/bin/walk-shapes.rs:258:9
    type defined at: src/bin/walk-shapes.rs:105
    held futures: 2
    join sets: 0
