---
source: hansei/src/offline.rs
description: "`threads --without role ^worker --group has-task -f 1` over illumos/walk-shapes"
---
3  no
lwp 1  polling no task  runtime 0 @0xADDR
  thread_id: core::option::Option<tokio::runtime::thread_id::ThreadId>::Some(1)
  runtime:
    tokio::runtime::context::runtime::EnterRuntime::Entered {
        allow_block_in_place: false,
    }
  budget: core::option::Option<u8>::None
  block_on thread of its current_thread runtime
  parked in the driver
  defer:
    core::cell::RefCell<alloc::vec::Vec<core::task::wake::Waker, alloc::alloc::Global>> {
        borrow: core::cell::Cell<isize> {
            value: 0,
        },
        value: [],
    }
  core:
    tokio::runtime::scheduler::current_thread::Core {
        tasks: alloc::collections::vec_deque::VecDeque<tokio::runtime::task::Notified<alloc::sync::Arc<tokio::runtime::scheduler::current_thread::Handle, alloc::alloc::Global>>, alloc::alloc::Global> {
            head: 7,
            len: 0,
            buf: alloc::raw_vec::RawVec<tokio::runtime::task::Notified<alloc::sync::Arc<tokio::runtime::scheduler::current_thread::Handle, alloc::alloc::Global>>, alloc::alloc::Global> { .. } @ 0xADDR,
        },
        tick: 10,
        driver: core::option::Option<tokio::runtime::driver::Driver>::None,
        metrics: tokio::runtime::metrics::batch::MetricsBatch {
            busy_duration_total: 538792,
            processing_scheduled_tasks_started_at: core::option::Option<std::time::Instant> { .. } @ 0xADDR,
            park_count: 2,
            park_unpark_count: 3,
            noop_count: 1,
            steal_count: 0,
            steal_operations: 0,
            poll_count: 7,
            poll_count_on_last_park: 7,
            local_schedule_count: 7,
            overflow_count: 0,
            poll_timer: core::option::Option<tokio::runtime::metrics::batch::PollTimer> { .. } @ 0xADDR,
        },
        global_queue_interval: 31,
        unhandled_panic: false,
    }
  stack:
    0xADDR  

lwp 2  polling no task
  thread_id: core::option::Option<tokio::runtime::thread_id::ThreadId>::None
  runtime: tokio::runtime::context::runtime::EnterRuntime::NotEntered
  budget: core::option::Option<u8>::None
  not in the scheduler's run loop
  stack:
    0xADDR  

lwp 3  polling no task
  thread_id: core::option::Option<tokio::runtime::thread_id::ThreadId>::Some(2)
  runtime: tokio::runtime::context::runtime::EnterRuntime::NotEntered
  budget: core::option::Option<u8>::None
  not in the scheduler's run loop
  stack:
    0xADDR  
1 group
