---
source: hansei/src/offline.rs
description: "`threads` over illumos/walk-shapes"
---
LWP  NAME  ROLE                       TASK  FRAME 0
1    —     block_on caller            —     0xADDR
2    —     tokio context, no runtime  —     0xADDR
3    —     tokio context, no runtime  —     0xADDR
[3 threads]
