---
source: hansei/src/offline.rs
description: "`task 3` over illumos/watch-stream"
---
task 3
    state: idle
    thread: <none>
    type: async fn watch_stream::resolver
    awaiting at: src/bin/watch-stream.rs:43
    awaiting on:
        select!:
            held in: frame 1
            awaiting at: src/bin/watch-stream.rs:43
            branch 0 (borrowed): tokio::sync::oneshot::Receiver<u32>
                held in: frame 1 `once`
                awaiting at: src/bin/watch-stream.rs:44
                awaiting on: oneshot rx 0xADDR (nothing sent, sender alive)
                type defined at: tokio-1.52.4/src/sync/oneshot.rs:1271
            branch 1 (borrowed): futures_util::stream::stream::next::Next<tokio_stream::wrappers::watch::WatchStream<u32>>
                held in: frame 1 `next`
                awaiting at: src/bin/watch-stream.rs:45
                awaiting on: watch rx 0xADDR (version 0, 1 sender, 1 receiver)
                type defined at: futures-util-0.3.33/src/stream/stream/next.rs:31
    spawned at: src/bin/watch-stream.rs:120:25
    type defined at: src/bin/watch-stream.rs:30
    held futures: 3
    join sets: 0
