---
source: hansei-runtime/tests/two_binary.rs
---
fingerprint 5/5
workers 3
task 3 idle dyn_future::driver::{async_fn_env#0}
  spawned src/bin/dyn-future.rs:46:21
  defined src/bin/dyn-future.rs:22
  await dyn_future::driver::{async_fn_env#0} Suspend0 @ src/bin/dyn-future.rs:29 locals [set]
  await dyn_future::boxed_leaf::{async_fn_env#0} [dyn] Suspend0 @ src/bin/dyn-future.rs:11
  await tokio::sync::oneshot::Receiver<u32>
  end leaf
task 4 idle dyn_future::set_member::{async_fn_env#0}
  spawned src/bin/dyn-future.rs:26:9
  defined src/bin/dyn-future.rs:14
  await dyn_future::set_member::{async_fn_env#0} Suspend0 @ src/bin/dyn-future.rs:15
  await tokio::sync::oneshot::Receiver<u32>
  end leaf
