---
source: exegesis/tests/golden.rs
---
program: armed-select

[tasks]
task: armed_select::pacer::{async_fn_env#0}
  kind: AsyncFn
  decl: armed-select.rs:138
  entries: 2
  symbols-per-entry: 6,6
  stage: Stage<armed_select::pacer::{async_fn_env#0}>
  variants:
    Unresumed @ armed-select.rs:138
    Returned @ armed-select.rs:151
    Panicked @ armed-select.rs:151
    Suspend0 @ armed-select.rs:149
task: armed_select::driver::{async_fn_env#0}
  kind: AsyncFn
  decl: armed-select.rs:89
  entries: 2
  symbols-per-entry: 6,6
  stage: Stage<armed_select::driver::{async_fn_env#0}>
  variants:
    Unresumed @ armed-select.rs:93
    Returned @ armed-select.rs:105
    Panicked @ armed-select.rs:105
    Suspend0 @ armed-select.rs:101
task: armed_select::holder::{async_fn_env#0}
  kind: AsyncFn
  decl: armed-select.rs:59
  entries: 2
  symbols-per-entry: 6,6
  stage: Stage<armed_select::holder::{async_fn_env#0}>
  variants:
    Unresumed @ armed-select.rs:63
    Returned @ armed-select.rs:70
    Panicked @ armed-select.rs:70
    Suspend0 @ armed-select.rs:67
task: armed_select::ticker::{async_fn_env#0}
  kind: AsyncFn
  decl: armed-select.rs:118
  entries: 2
  symbols-per-entry: 6,6
  stage: Stage<armed_select::ticker::{async_fn_env#0}>
  variants:
    Unresumed @ armed-select.rs:118
    Returned @ armed-select.rs:132
    Panicked @ armed-select.rs:132
    Suspend0 @ select.rs:741 (awaited at armed-select.rs:128)
task: armed_select::waiter::{async_fn_env#0}
  kind: AsyncFn
  decl: armed-select.rs:74
  entries: 2
  symbols-per-entry: 6,6
  stage: Stage<armed_select::waiter::{async_fn_env#0}>
  variants:
    Unresumed @ armed-select.rs:74
    Returned @ armed-select.rs:79
    Panicked @ armed-select.rs:79
    Suspend0 @ armed-select.rs:77
task: armed_select::forever::{async_fn_env#0}
  kind: AsyncFn
  decl: armed-select.rs:160
  entries: 2
  symbols-per-entry: 6,6
  stage: Stage<armed_select::forever::{async_fn_env#0}>
  variants:
    Unresumed @ armed-select.rs:160
    Returned @ armed-select.rs:174
    Panicked @ armed-select.rs:174
    Suspend0 @ select.rs:741 (awaited at armed-select.rs:169)
task: armed_select::selector::{async_fn_env#0}
  kind: AsyncFn
  decl: armed-select.rs:31
  entries: 2
  symbols-per-entry: 6,6
  stage: Stage<armed_select::selector::{async_fn_env#0}>
  variants:
    Unresumed @ armed-select.rs:36
    Returned @ armed-select.rs:55
    Panicked @ armed-select.rs:55
    Suspend0 @ select.rs:741 (awaited at armed-select.rs:49)

[dyn-futures]
dyn: armed_select::child::{async_fn_env#0} (poll, drop_glue)
dyn: armed_select::driver::{async_fn_env#0} (poll, drop_glue)
dyn: armed_select::forever::{async_fn#0}::{async_block_env#0} (poll)
dyn: armed_select::forever::{async_fn_env#0} (poll, drop_glue)
dyn: armed_select::holder::{async_fn_env#0} (poll, drop_glue)
dyn: armed_select::main::{async_block_env#0} (poll, drop_glue)
dyn: armed_select::never::{async_fn_env#0} (poll)
dyn: armed_select::pacer::{async_fn_env#0} (poll, drop_glue)
dyn: armed_select::selector::{async_fn_env#0} (poll, drop_glue)
dyn: armed_select::ticker::{async_fn_env#0} (poll, drop_glue)
dyn: armed_select::waiter::{async_fn_env#0} (poll, drop_glue)
dyn: core::future::poll_fn::PollFn<armed_select::forever::{async_fn#0}::{closure_env#1}> (poll)
dyn: core::future::poll_fn::PollFn<armed_select::selector::{async_fn#0}::{closure_env#0}> (poll)
dyn: core::future::poll_fn::PollFn<armed_select::ticker::{async_fn#0}::{closure_env#0}> (poll)
dyn: core::future::poll_fn::PollFn<tokio::runtime::scheduler::current_thread::{impl#0}::block_on::{closure#0}::{closure_env#0}<armed_select::main::{async_block_env#0}>> (poll)
dyn: core::pin::Pin<&mut armed_select::forever::{async_fn#0}::{async_block_env#0}> (poll)
dyn: core::pin::Pin<&mut armed_select::main::{async_block_env#0}> (poll)

[env-decls]
env: armed_select::child::{async_fn_env#0} @ armed-select.rs:83
env: armed_select::driver::{async_fn_env#0} @ armed-select.rs:89
env: armed_select::forever::{async_fn#0}::{async_block_env#0} @ armed-select.rs:163
env: armed_select::forever::{async_fn#0}::{closure_env#1} @ select.rs:659
env: armed_select::forever::{async_fn_env#0} @ armed-select.rs:160
env: armed_select::holder::{async_fn_env#0} @ armed-select.rs:59
env: armed_select::main::{async_block_env#0} @ armed-select.rs:181
env: armed_select::never::{async_fn_env#0} @ armed-select.rs:237
env: armed_select::pacer::{async_fn_env#0} @ armed-select.rs:138
env: armed_select::selector::{async_fn#0}::{closure_env#0} @ select.rs:659
env: armed_select::selector::{async_fn_env#0} @ armed-select.rs:31
env: armed_select::ticker::{async_fn#0}::{closure_env#0} @ select.rs:659
env: armed_select::ticker::{async_fn_env#0} @ armed-select.rs:118
env: armed_select::waiter::{async_fn_env#0} @ armed-select.rs:74

[poll-decls]

[local-decls]
local: armed_select::child::{async_fn_env#0} :: park @ armed-select.rs:83
local: armed_select::driver::{async_fn_env#0} :: first @ armed-select.rs:91
local: armed_select::driver::{async_fn_env#0} :: ready @ armed-select.rs:90
local: armed_select::driver::{async_fn_env#0} :: second @ armed-select.rs:92
local: armed_select::driver::{async_fn_env#0} :: set @ armed-select.rs:95
local: armed_select::driver::{async_fn_env#0} :: sum @ armed-select.rs:100
local: armed_select::forever::{async_fn_env#0} :: disabled @ armed-select.rs:169
local: armed_select::forever::{async_fn_env#0} :: futures @ armed-select.rs:169
local: armed_select::forever::{async_fn_env#0} :: ready @ armed-select.rs:160
local: armed_select::holder::{async_fn_env#0} :: notified @ armed-select.rs:61
local: armed_select::holder::{async_fn_env#0} :: park @ armed-select.rs:62
local: armed_select::holder::{async_fn_env#0} :: ready @ armed-select.rs:60
local: armed_select::main::{async_block_env#0} :: first_tx @ armed-select.rs:199
local: armed_select::main::{async_block_env#0} :: holder_park_tx @ armed-select.rs:190
local: armed_select::main::{async_block_env#0} :: notify @ armed-select.rs:189
local: armed_select::main::{async_block_env#0} :: once_tx @ armed-select.rs:182
local: armed_select::main::{async_block_env#0} :: published_tx @ armed-select.rs:184
local: armed_select::main::{async_block_env#0} :: queue_tx @ armed-select.rs:183
local: armed_select::main::{async_block_env#0} :: second_tx @ armed-select.rs:200
local: armed_select::main::{async_block_env#0} :: ticker_once_tx @ armed-select.rs:205
local: armed_select::pacer::{async_fn_env#0} :: interval @ armed-select.rs:142
local: armed_select::pacer::{async_fn_env#0} :: ready @ armed-select.rs:138
local: armed_select::pacer::{async_fn_env#0} :: spare @ armed-select.rs:141
local: armed_select::selector::{async_fn_env#0} :: disabled @ armed-select.rs:49
local: armed_select::selector::{async_fn_env#0} :: futures @ armed-select.rs:49
local: armed_select::selector::{async_fn_env#0} :: once @ armed-select.rs:33
local: armed_select::selector::{async_fn_env#0} :: published @ armed-select.rs:35
local: armed_select::selector::{async_fn_env#0} :: queue @ armed-select.rs:34
local: armed_select::selector::{async_fn_env#0} :: ready @ armed-select.rs:32
local: armed_select::ticker::{async_fn_env#0} :: disabled @ armed-select.rs:128
local: armed_select::ticker::{async_fn_env#0} :: futures @ armed-select.rs:128
local: armed_select::ticker::{async_fn_env#0} :: interval @ armed-select.rs:121
local: armed_select::ticker::{async_fn_env#0} :: once @ armed-select.rs:118
local: armed_select::ticker::{async_fn_env#0} :: ready @ armed-select.rs:118
local: armed_select::waiter::{async_fn_env#0} :: notify @ armed-select.rs:74
local: armed_select::waiter::{async_fn_env#0} :: ready @ armed-select.rs:74

[infra]
header: ok
vtable: ok
trailer: ok
context: ok
scheduler_handle: ok
mt_handle: ok
ct_handle: ok
location: ok
raw_waker_vtable: ok

[statics]
tls-context-key: ok
task-waker-vtable: ok

[walks]
ok      Context.current_task_id
ok      Context.thread_id
ok      Context.handle
ok      Context.handle.current_thread
ok      Context.scheduler
ok      Context.scheduler.current_thread
ok      worker::Context.index
ok      current_thread::Context.core
ok      current_thread::Core.driver
ok      Handle.shared
ok      Shared.remotes
ok      Remote.unpark
ok      parker::Inner.state
ok      parker::Inner.driver_lock
ok      current_thread::Shared.woken
ok      Handle.blocking_metrics
ok      SpawnerMetrics.num_threads
ok      SpawnerMetrics.num_idle_threads
ok      SpawnerMetrics.queue_depth
ok      Shared.owned_lists
ok      Shared.owned_id
ok      Shard.head
ok      Header.state
ok      Header.owner_id
ok      Header.vtable
ok      Trailer.owned_next
ok      Vtable.poll
ok      Vtable.trailer_offset
ok      Vtable.id_offset
ok      Vtable.dealloc
ok      Vtable.try_read_output
ok      Vtable.drop_join_handle_slow
ok      Vtable.drop_abort_handle
ok      Vtable.shutdown
ok      Vtable.spawn_location_offset
ok      Location.file (spelling 1 of 3)
ok      Location.line
ok      Location.col
ok      Cell.stage
ok      Cell.stage_running
ok      Cell.stage_finished
ok      Cell.stage_consumed
ok      Cell.trailer
ok      Cell.task_id
ok      Cell.scheduler
ok      time::Wheel.levels (family v1_49)
ok      wheel::Level.slot
ok      wheel::Slot.head
ok      TimerShared.next
ok      TimerShared.waker
ok      io::Synced.registrations
ok      ScheduledIo.next
ok      ScheduledIo.waiters
ok      io::Waiters.list
ok      io::Waiters.reader
ok      io::Waiters.writer
ok      io::Waiter.next
ok      io::Waiter.waker
ok      TimerShared.state
ok      time::Handle.time_source.start_time
ok      ScheduledIo.readiness
ok      io::Waiter.interest
ok      blocking::Shared.queue (spelling 1 of 3)
ok      blocking::queue.head
ok      blocking::queue.len
ok      blocking::queue.buf
ok      blocking::queue.cap
ok      blocking::Shared.worker_threads (spelling 1 of 3)
ok      Trailer.waker
ok      ScheduledIo.waiters.lock (spelling 1 of 2)
