---
source: exegesis/tests/golden.rs
---
program: select-combinator

[tasks]
task: select_combinator::joiner::{async_fn_env#0}
  kind: AsyncFn
  decl: select-combinator.rs:38
  entries: 2
  symbols-per-entry: 6,6
  stage: Stage<select_combinator::joiner::{async_fn_env#0}>
  variants:
    Unresumed @ select-combinator.rs:42
    Returned @ select-combinator.rs:46
    Panicked @ select-combinator.rs:46
    Suspend0 @ join.rs:203 (awaited at select-combinator.rs:44)
task: select_combinator::mapper::{async_fn_env#0}
  kind: AsyncFn
  decl: select-combinator.rs:93
  entries: 2
  symbols-per-entry: 6,6
  stage: Stage<select_combinator::mapper::{async_fn_env#0}>
  variants:
    Unresumed @ select-combinator.rs:93
    Returned @ select-combinator.rs:97
    Panicked @ select-combinator.rs:97
    Suspend0 @ select-combinator.rs:96
task: select_combinator::dynamic::{async_fn_env#0}
  kind: AsyncFn
  decl: select-combinator.rs:105
  entries: 2
  symbols-per-entry: 6,6
  stage: Stage<select_combinator::dynamic::{async_fn_env#0}>
  variants:
    Unresumed @ select-combinator.rs:105
    Returned @ select-combinator.rs:109
    Panicked @ select-combinator.rs:109
    Suspend0 @ select-combinator.rs:108
task: select_combinator::remapper::{async_fn_env#0}
  kind: AsyncFn
  decl: select-combinator.rs:99
  entries: 2
  symbols-per-entry: 6,6
  stage: Stage<select_combinator::remapper::{async_fn_env#0}>
  variants:
    Unresumed @ select-combinator.rs:99
    Returned @ select-combinator.rs:103
    Panicked @ select-combinator.rs:103
    Suspend0 @ select-combinator.rs:102
task: select_combinator::selector::{async_fn_env#0}
  kind: AsyncFn
  decl: select-combinator.rs:26
  entries: 2
  symbols-per-entry: 6,6
  stage: Stage<select_combinator::selector::{async_fn_env#0}>
  variants:
    Unresumed @ select-combinator.rs:30
    Returned @ select-combinator.rs:36
    Panicked @ select-combinator.rs:36
    Suspend0 @ select.rs:741 (awaited at select-combinator.rs:32)

[dyn-futures]
dyn: core::future::poll_fn::PollFn<select_combinator::joiner::{async_fn#0}::{closure_env#0}> (poll)
dyn: core::future::poll_fn::PollFn<select_combinator::selector::{async_fn#0}::{closure_env#0}> (poll)
dyn: core::future::poll_fn::PollFn<tokio::runtime::scheduler::current_thread::{impl#0}::block_on::{closure#0}::{closure_env#0}<select_combinator::main::{async_block_env#0}>> (poll)
dyn: core::pin::Pin<&mut select_combinator::main::{async_block_env#0}> (poll)
dyn: core::pin::Pin<alloc::boxed::Box<dyn select_combinator::Parked<Output=u32>, alloc::alloc::Global>> (poll, drop_glue)
dyn: select_combinator::Fallible (poll, drop_glue)
dyn: select_combinator::Park (poll, drop_glue)
dyn: select_combinator::dynamic::{async_fn_env#0} (poll, drop_glue)
dyn: select_combinator::joiner::{async_fn_env#0} (poll, drop_glue)
dyn: select_combinator::main::{async_block_env#0} (poll, drop_glue)
dyn: select_combinator::mapper::{async_fn_env#0} (poll, drop_glue)
dyn: select_combinator::remapper::{async_fn_env#0} (poll, drop_glue)
dyn: select_combinator::selector::{async_fn_env#0} (poll, drop_glue)
dyn: select_combinator::wait::{async_fn_env#0} (poll, drop_glue)
dyn: tokio::future::maybe_done::MaybeDone<select_combinator::wait::{async_fn_env#0}> (poll, drop_glue)

[env-decls]
env: select_combinator::dynamic::{async_fn_env#0} @ select-combinator.rs:105
env: select_combinator::joiner::{async_fn#0}::{closure_env#0} @ join.rs:151
env: select_combinator::joiner::{async_fn_env#0} @ select-combinator.rs:38
env: select_combinator::main::{async_block_env#0} @ select-combinator.rs:126
env: select_combinator::mapper::{async_fn_env#0} @ select-combinator.rs:93
env: select_combinator::remapper::{async_fn_env#0} @ select-combinator.rs:99
env: select_combinator::selector::{async_fn#0}::{closure_env#0} @ select.rs:659
env: select_combinator::selector::{async_fn_env#0} @ select-combinator.rs:26
env: select_combinator::wait::{async_fn_env#0} @ select-combinator.rs:22

[poll-decls]
poll: select_combinator::Fallible @ select-combinator.rs:79
poll: select_combinator::Park @ select-combinator.rs:68

[local-decls]
local: select_combinator::dynamic::{async_fn_env#0} :: park @ select-combinator.rs:105
local: select_combinator::dynamic::{async_fn_env#0} :: ready @ select-combinator.rs:105
local: select_combinator::joiner::{async_fn_env#0} :: futures @ select-combinator.rs:44
local: select_combinator::joiner::{async_fn_env#0} :: park_a @ select-combinator.rs:40
local: select_combinator::joiner::{async_fn_env#0} :: park_b @ select-combinator.rs:41
local: select_combinator::joiner::{async_fn_env#0} :: ready @ select-combinator.rs:39
local: select_combinator::main::{async_block_env#0} :: ready_dyn_rx @ select-combinator.rs:135
local: select_combinator::main::{async_block_env#0} :: ready_join_rx @ select-combinator.rs:128
local: select_combinator::main::{async_block_env#0} :: ready_map_rx @ select-combinator.rs:133
local: select_combinator::main::{async_block_env#0} :: ready_remap_rx @ select-combinator.rs:134
local: select_combinator::mapper::{async_fn_env#0} :: park @ select-combinator.rs:93
local: select_combinator::mapper::{async_fn_env#0} :: ready @ select-combinator.rs:93
local: select_combinator::remapper::{async_fn_env#0} :: park @ select-combinator.rs:99
local: select_combinator::remapper::{async_fn_env#0} :: ready @ select-combinator.rs:99
local: select_combinator::selector::{async_fn_env#0} :: disabled @ select-combinator.rs:32
local: select_combinator::selector::{async_fn_env#0} :: futures @ select-combinator.rs:32
local: select_combinator::selector::{async_fn_env#0} :: park_a @ select-combinator.rs:28
local: select_combinator::selector::{async_fn_env#0} :: park_b @ select-combinator.rs:29
local: select_combinator::selector::{async_fn_env#0} :: ready @ select-combinator.rs:27
local: select_combinator::wait::{async_fn_env#0} :: park @ select-combinator.rs:22

[infra]
header: ok
vtable: ok
trailer: ok
context: ok
scheduler_handle: ok
mt_handle: ok
ct_handle: ok
location: ok
raw_waker_vtable: ok

[statics]
tls-context-key: ok
task-waker-vtable: ok

[walks]
ok      Context.current_task_id
ok      Context.thread_id
ok      Context.handle
ok      Context.handle.current_thread
ok      Context.scheduler
ok      Context.scheduler.current_thread
ok      worker::Context.index
ok      current_thread::Context.core
ok      current_thread::Core.driver
ok      Handle.shared
ok      Shared.remotes
ok      Remote.unpark
ok      parker::Inner.state
ok      parker::Inner.driver_lock
ok      current_thread::Shared.woken
ok      Handle.blocking_metrics
ok      SpawnerMetrics.num_threads
ok      SpawnerMetrics.num_idle_threads
ok      SpawnerMetrics.queue_depth
ok      Shared.owned_lists
ok      Shared.owned_id
ok      Shard.head
ok      Header.state
ok      Header.owner_id
ok      Header.vtable
ok      Trailer.owned_next
ok      Vtable.poll
ok      Vtable.trailer_offset
ok      Vtable.id_offset
ok      Vtable.dealloc
ok      Vtable.try_read_output
ok      Vtable.drop_join_handle_slow
ok      Vtable.drop_abort_handle
ok      Vtable.shutdown
ok      Vtable.spawn_location_offset
ok      Location.file (spelling 1 of 3)
ok      Location.line
ok      Location.col
ok      Cell.stage
ok      Cell.stage_running
ok      Cell.stage_finished
ok      Cell.stage_consumed
ok      Cell.trailer
ok      Cell.task_id
ok      Cell.scheduler
ok      time::Wheel.levels (family v1_49)
ok      wheel::Level.slot
ok      wheel::Slot.head
ok      TimerShared.next
ok      TimerShared.waker
ok      io::Synced.registrations
ok      ScheduledIo.next
ok      ScheduledIo.waiters
ok      io::Waiters.list
ok      io::Waiters.reader
ok      io::Waiters.writer
ok      io::Waiter.next
ok      io::Waiter.waker
ok      TimerShared.state
ok      time::Handle.time_source.start_time
ok      ScheduledIo.readiness
ok      io::Waiter.interest
ok      blocking::Shared.queue (spelling 1 of 3)
ok      blocking::queue.head
ok      blocking::queue.len
ok      blocking::queue.buf
ok      blocking::queue.cap
ok      Trailer.waker
ok      ScheduledIo.waiters.lock (spelling 1 of 2)
