---
source: hansei/tests/acceptance.rs
expression: actual
---
TASK                 STATE  WAITING ON
#blocked             idle   a tokio::sync::Mutex (semaphore ADDR1): 1 permit requested, 0 available; wake queue: task #blocked
└─ #blocked ← cycle  idle   

futurelock: task #blocked holds 1 granted permit of a tokio::sync::Mutex (semaphore ADDR1) in a future it stopped polling:
  `future1` (async fn futurelock::do_async_thing)
  held across async fn futurelock::do_stuff state Suspend1 — src/bin/futurelock.rs:70
  blocked behind it: task #blocked
