---
source: hansei/tests/acceptance.rs
expression: actual
---
Task #blocked: futurelock::main::{async_block#0}::{async_block_env#0} (idle)
Defined at: src/bin/futurelock.rs:16

  0  async block   futurelock::main::{async_block#0}::{async_block_env#0}
     suspends:
       Suspend0  src/bin/futurelock.rs:25  1 local  futurelock::start_background_task::{async_fn_env#0}
     ▸ Suspend1  src/bin/futurelock.rs:28  1 local
       └─  1  async fn      futurelock::do_stuff::{async_fn_env#0}
          suspends:
            Suspend0  src/bin/futurelock.rs:65  4 locals  core::future::poll_fn::PollFn<futurelock::do_stuff::{async_fn#0}::{closure_env#0}>
          ▸ Suspend1  src/bin/futurelock.rs:70  3 locals
            └─  2  async fn      futurelock::do_async_thing::{async_fn_env#0}
               suspends:
               ▸ Suspend0  src/bin/futurelock.rs:78  2 locals
                 └─  3  async fn      tokio::sync::mutex::{impl#10}::lock::{async_fn_env#0}<()>
                    suspends:
                    ▸ Suspend0  tokio/src/sync/mutex.rs:LINE
                      └─  4  async block   tokio::sync::mutex::{impl#10}::lock::{async_fn#0}::{async_block_env#0}<()>
                         suspends:
                         ▸ Suspend0  tokio/src/sync/mutex.rs:LINE
                           └─  5  async fn      tokio::sync::mutex::{impl#10}::acquire::{async_fn_env#0}<()>
                              suspends:
                                Suspend0  tokio/src/sync/mutex.rs:LINE  1 local  tokio::trace::async_trace_leaf::TY
                              ▸ Suspend1  tokio/src/sync/mutex.rs:LINE
                                └─* 6  future        tokio::sync::batch_semaphore::Acquire
                                   waiting on a tokio::sync::Mutex (semaphore ADDR1): 1 permit requested, 0 available; wake queue: task #blocked
