---
source: hansei/tests/acceptance.rs
expression: actual
---
Task #park: async fn many_tasks::park_task (idle)
Defined at: src/bin/many-tasks.rs:9

#0  async fn      many_tasks::park_task
      awaiting at src/bin/many-tasks.rs:11 (Suspend0, 0 locals)
#1  future        tokio::sync::oneshot::Receiver<u32>
      (<no_state>, 1 local)
