---
source: hansei/tests/acceptance.rs
expression: actual
---
Task #outer: async fn nested_await::outer (idle)
Defined at: src/bin/nested-await.rs:16

  0  async fn      nested_await::outer
     suspends:
     ▸ Suspend0  src/bin/nested-await.rs:19
       └─  1  async fn      nested_await::middle
          suspends:
          ▸ Suspend0  src/bin/nested-await.rs:12
            └─  2  async fn      nested_await::leaf
               suspends:
               ▸ Suspend0  src/bin/nested-await.rs:8
                 └─* 3  future        tokio::sync::oneshot::Receiver<u32>
