---
source: hansei/src/offline.rs
description: "`tasks` over linux/armed-select"
---
ID  STATE  FUTURES  AWAITING AT                  WAITING ON                                                                                                                            TYPE
3   idle         4  src/bin/armed-select.rs:48   mpsc 0xADDR, notify 0xADDR, oneshot rx 0xADDR, timer (deadline TS on the target's monotonic clock)  async fn armed_select::selector
4   idle         1  src/bin/armed-select.rs:66   oneshot rx 0xADDR                                                                                                             async fn armed_select::holder
5   idle         0  src/bin/armed-select.rs:76   the Notify at 0xADDR: 1 queued                                                                                                async fn armed_select::waiter
6   idle         2  src/bin/armed-select.rs:100  slot 0xADDR in futures_core::task::__internal::atomic_waker::AtomicWaker                                                      async fn armed_select::driver
[4 tasks]
