---
source: hansei/src/offline.rs
description: "`task 3` over linux/armed-select"
---
task 3
    state: idle
    thread: <none>
    type: async fn armed_select::selector
    awaiting at: src/bin/armed-select.rs:49
    waiting on:
        branch 0 (borrowed): tokio::sync::oneshot::Receiver<u32>
            address: 0xADDR
            armed: yes
            blocked on: oneshot rx 0xADDR (nothing sent, sender alive)
            location: future 0xADDR inner.Some.data.rx_task (rx_task_set)
        branch 1 (borrowed): async fn tokio::sync::mpsc::bounded::Receiver::recv<u32>
            address: 0xADDR
            armed: yes
            blocked on: mpsc rx 0xADDR (1 sender, capacity 4, 0 unread)
            location: frame 1 queue.chan.inner.data.rx_waker.waker.Some
        branch 2 (borrowed): async fn tokio::sync::watch::Receiver::changed<u32>
            address: 0xADDR
            armed: yes
            blocked on: watch rx 0xADDR (version 0, 1 sender, 1 receiver)
            location: future 0xADDR waiter.waker.Some
        branch 3 (borrowed): tokio::time::sleep::Sleep
            address: 0xADDR
            armed: yes
            blocked on: timer (deadline TS on the target's monotonic clock)
            waker: timer 0xADDR
    spawned at: src/bin/armed-select.rs:186:25
    defined at: src/bin/armed-select.rs:31
    held futures: 4
    join sets: 0
