---
source: hansei/src/offline.rs
description: "`tasks --with id 2003,2006` over linux/armed-select"
---
ID  STATE  FUT  AWAITING AT  WAITING ON  TYPE
2003  idle  0  src/bin/armed-select.rs:77  notify rx  async fn armed_select::waiter
2006  idle  2  src/bin/armed-select.rs:149  timer  async fn armed_select::pacer
[2 tasks]
