---
source: hansei/src/offline.rs
description: "`census` over linux/armed-select"
---
Threads: 3 lwps, 3 in runtime 0 @ 0xADDR

COUNT  RT  ROLE             STATE            LWPS
    1  0   worker           in driver        2344977
    1  0   worker           parked           2344976
    1  0   entered runtime  block_on caller  2344974
    0  0   blocking pool    0 idle, 0 busy   —
[3 lwps]

Tasks: 7 owned by runtime 0 @ 0xADDR

COUNT  STATE
    7  idle
[7 tasks]

COUNT  TYPE / WAITING ON
    1  async fn armed_select::driver
       └─ 1  one of several
    1  async fn armed_select::forever
       └─ 1  never ready
    1  async fn armed_select::holder
       └─ 1  oneshot rx
    1  async fn armed_select::pacer
       └─ 1  timer
    1  async fn armed_select::selector
       └─ 1  one of several
    2  (2 more types)
[7 types, 5 shown]

Futures: 21 in flight, on 44 await-chain frames, up to 5 deep

COUNT  HELD IN
    7  task (its own await chain)
   12  frame (off any await chain)
    2  set (1 FuturesUnordered)
[21 futures]

COUNT  TYPE / WAITING ON
    3  future tokio::time::sleep::Sleep
       └─ 3  timer
    2  async fn armed_select::child
       └─ 2  oneshot rx
    2  async fn tokio::time::interval::Interval::tick
       ├─ 1  timer
       └─ 1  — (unresumed)
    2  future tokio::sync::oneshot::Receiver<u32>
       └─ 2  oneshot rx
    1  async block armed_select::forever::{async_fn#0}
       └─ 1  never ready
    4  (4 more types)
[9 types, 5 shown]
