---
source: hansei/src/offline.rs
description: "`future 0x562eb742e210` over linux/armed-select"
---
future 0xADDR
    type: future tokio::sync::oneshot::Receiver<u32>
    held by: task 3 (frame 1, `once`)
    depth: 1 frame
    waiting on: oneshot rx 0xADDR
        oneshot rx 0xADDR: waker in Inner.rx_task (rx_task_set), reached from the future at 0xADDR inner → * → data → rx_task
    armed: yes
    held futures: 0
    join sets: 0
