---
source: hansei/src/offline.rs
description: "`future 0x55f23fea5210` over linux/armed-select"
---
future 0xADDR
    type: future tokio::sync::oneshot::Receiver<u32>
    held by: task 3 (frame 1, `once`)
    depth: 1 frame
    waiting on:
        waker 0:
            blocked on: oneshot rx 0xADDR (nothing sent, sender alive)
            location: future 0xADDR inner.Some.data.rx_task (rx_task_set)
    armed: yes
    held futures: 0
    join sets: 0
