---
source: hansei/src/offline.rs
description: "`census` over linux/armed-select"
---
Threads: 3 lwps, 3 in runtime 0 @ 0xADDR

COUNT  RT  ROLE             STATE            LWPS
    1  0   worker           in driver        799452
    1  0   worker           parked           799453
    1  0   entered runtime  block_on caller  799450
    0  0   blocking pool    0 idle, 0 busy   —
[3 lwps]

Tasks: 6 owned by runtime 0 @ 0xADDR

COUNT  STATE
    6  idle
[6 tasks]

COUNT  TYPE / WAITING ON
    1  async fn armed_select::driver
       └─ 1  one of several
    1  async fn armed_select::holder
       └─ 1  oneshot rx
    1  async fn armed_select::pacer
       └─ 1  timer
    1  async fn armed_select::selector
       └─ 1  one of several
    1  async fn armed_select::ticker
       └─ 1  one of several
    1  (1 more types)
[6 types, 5 shown]

Futures: 18 in flight, on 39 await-chain frames, up to 5 deep

COUNT  HELD IN
    6  task (its own await chain)
   10  frame (off any await chain)
    2  set (1 FuturesUnordered)
[18 futures]

COUNT  TYPE / WAITING ON
    3  future tokio::time::sleep::Sleep
       └─ 3  timer
    2  async fn armed_select::child
       └─ 2  oneshot rx
    2  async fn tokio::time::interval::Interval::tick
       ├─ 1  timer
       └─ 1  — (unresumed)
    2  future tokio::sync::oneshot::Receiver<u32>
       └─ 2  oneshot rx
    1  async fn tokio::sync::mpsc::bounded::Receiver::recv<u32>
       └─ 1  mpsc
    2  (2 more types)
[7 types, 5 shown]
