---
source: hansei/src/offline.rs
description: "`threads` over linux/blocking-pool"
---
LWP      NAME  ROLE                 TASK  FRAME 0
1735647  —     entered runtime      —     0xADDR
1735649  —     worker 1, parked     —     0xADDR
1735650  —     worker 0, in driver  —     0xADDR
1735651  —     entered runtime      3     0xADDR
[4 threads]
