---
source: hansei/src/offline.rs
description: "`task 3` over linux/blocking-pool"
---
task 3
    state: blocking
    thread: 2086387
    owner: unknown (no list, queue or cell scheduler established one)
    type: future tokio::runtime::blocking::task::BlockingTask<blocking_pool::main::{async_block#0}::{closure_env#0}>
    waker: <empty>
    spawned at: src/bin/blocking-pool.rs:39:23
    held futures: 0
    join sets: 0
