---
source: hansei/src/offline.rs
description: "`threads` over linux/blocking-pool"
---
LWP      NAME  ROLE                 TASK  FRAME 0
1799692  —     entered runtime      —     0xADDR
1799694  —     worker 1, parked     —     0xADDR
1799695  —     worker 0, in driver  —     0xADDR
1799696  —     entered runtime      3     0xADDR
[4 threads]
