---
source: hansei/src/offline.rs
description: "`tasks -v` over linux/blocking-pool"
---
Task 3: future tokio::runtime::blocking::task::BlockingTask<blocking_pool::main::{async_block#0}::{closure_env#0}>
    State: blocking (running)
    Spawned at: src/bin/blocking-pool.rs:35:23
    Defined at: -
    Waiting on: —
    Waker: <empty>
    Held futures: 0
    Join sets: 0

Task 4: future tokio::runtime::blocking::task::BlockingTask<blocking_pool::main::{async_block#0}::{closure_env#1}>
    State: blocking (queued)
    Spawned at: src/bin/blocking-pool.rs:43:22
    Defined at: -
    Waiting on: —
    Waker: <empty>
    Held futures: 0
    Join sets: 0

Task 5: future tokio::runtime::blocking::task::BlockingTask<blocking_pool::main::{async_block#0}::{closure_env#2}>
    State: blocking (queued)
    Spawned at: src/bin/blocking-pool.rs:47:14
    Defined at: -
    Waiting on: —
    Waker: <empty>
    Held futures: 0
    Join sets: 0

Task 6: async fn blocking_pool::running_waiter
    State: idle
    Spawned at: src/bin/blocking-pool.rs:51:24
    Defined at: src/bin/blocking-pool.rs:15
    Waiting on: task 3
    Waker: join task 3
        join task 3: waker in its trailer
    Held futures: 0
    Join sets: 0

Task 7: async fn blocking_pool::queued_waiter
    State: idle
    Spawned at: src/bin/blocking-pool.rs:52:23
    Defined at: src/bin/blocking-pool.rs:21
    Waiting on: task 4
    Waker: join task 4
        join task 4: waker in its trailer
    Held futures: 0
    Join sets: 0

5 tasks
