---
source: hansei/src/offline.rs
description: "`tasks --exec trace -n` over linux/blocking-pool"
---
task 3
mid-poll, but lwp 1610339's walked stack holds no frame in the task's poll symbol (its walk ended: no CFI for /usr/lib64/libc.so.6 (none of its pages are in the core, and the backing file is not on this machine); the frame-pointer walk found nothing below 0xADDR); `threads 1610339` shows the raw stack

#0  future        Option<blocking_pool::main::{async_block#0}::{closure_env#0}>
      constructed at src/bin/blocking-pool.rs:32 (None, 0 locals)

task 4
#0  future        Option<blocking_pool::main::{async_block#0}::{closure_env#1}>
      constructed at src/bin/blocking-pool.rs:32 (Some, 0 locals)

task 5
#0  future        Option<blocking_pool::main::{async_block#0}::{closure_env#2}>
      constructed at src/bin/blocking-pool.rs:32 (Some, 0 locals)

task 6
Waiting on: task 3

#0  future        tokio::runtime::task::join::JoinHandle<u32>
      waiting on task 3
#1  async fn      blocking_pool::running_waiter
      awaiting at src/bin/blocking-pool.rs:18 (Suspend0, 0 locals)

task 7
Waiting on: task 4

#0  future        tokio::runtime::task::join::JoinHandle<u32>
      waiting on task 4
#1  async fn      blocking_pool::queued_waiter
      awaiting at src/bin/blocking-pool.rs:24 (Suspend0, 0 locals)
Executed against 5 tasks, 0 failed
