---
source: hansei/src/offline.rs
description: "`threads` over linux/blocking-pool"
---
LWP    NAME  ROLE                 TASK  FRAME 0
80017  —     entered runtime      —     0xADDR
80019  —     worker 0, in driver  —     0xADDR
80020  —     worker 1, parked     —     0xADDR
80021  —     entered runtime      3     0xADDR
[4 threads]
