---
source: hansei/src/offline.rs
description: "`task 3` over linux/channels"
---
task 3
    state: idle
    type: async fn channels::notify_waiter
    awaiting at: src/bin/channels.rs:34
    waiting on: future tokio::sync::notify::Notified
    waker: <empty>
    spawned at: src/bin/channels.rs:79:23
    defined at: src/bin/channels.rs:21
    held futures: 1
    join sets: 0
