---
source: hansei/src/offline.rs
description: "`future 0xA1` over linux/delegation-cases"
---
future 0xA1
    type: future delegation_cases::Probe<1>
    held by: task 2010 (frame 0, `child`)
    depth: 1 frame
    awaiting on: unarmed: unknown at delegation_cases::Probe
    held futures: 0
    join sets: 0
