---
source: hansei/src/offline.rs
description: "`tasks` over linux/delegation-cases"
---
ID  STATE  FUT  AWAITING AT  WAITING ON  TYPE
2001  idle  0  —  unarmed: unknown at delegation_cases::Probe  future Pin<Box<Pin<Box<(dyn Future<Output=()> + Send)>>>>
2002  idle  0  src/bin/delegation-cases.rs:361  unarmed: unknown at delegation_cases::Leaf  future Pin<Box<Pin<Box<(dyn Future<Output=()> + Send)>>>>
2003  idle  0  src/bin/delegation-cases.rs:384  unarmed: never ready  future Pin<Box<delegation_cases::main::{async_block_env#3}>>
2004  idle  1  —  unarmed: unknown at delegation_cases::Handle (holds 1 future)  future Pin<Box<delegation_cases::Handle>>
2005  idle  0  —  unarmed: unknown at delegation_cases::Retained  future Pin<Box<delegation_cases::Retained>>
2006  idle  0  —  unarmed: unknown at delegation_cases::RawHolder  future Pin<Box<delegation_cases::RawHolder>>
2007  idle  0  —  unarmed: unknown at delegation_cases::Probe  future Pin<Box<&mut delegation_cases::Probe<5>>>
2008  idle  0  —  unarmed: unknown at delegation_cases::Probe  future Pin<Box<Box<delegation_cases::Probe<6>>>>
2009  idle  1  —  unarmed: unknown at delegation_cases::Gated (holds 1 future)  future Pin<Box<delegation_cases::Gated<2>>>
2010  idle  1  —  unarmed: unknown at delegation_cases::Gated (holds 1 future)  future Pin<Box<delegation_cases::Gated<1>>>
2011  idle  1  —  unarmed: unknown at delegation_cases::Holder (holds 1 future)  future Pin<Box<delegation_cases::Holder<delegation_cases::main>>>
2012  idle  0  —  unarmed: unknown at delegation_cases::Probe  future Pin<Box<tracing::instrument::Instrumented<delegation_cases::Probe<8>>>>
[12 tasks]
