---
source: hansei/src/offline.rs
description: "`tasks --exec trace -n` over linux/foreign-runtime"
---
1  idle  1  src/bin/foreign-runtime.rs:36  a tokio::sync::Semaphore (semaphore 0xADDR): 1 permit requested, 0 available; wake queue: task 1  async fn foreign_runtime::joined
Waiting on: a tokio::sync::Semaphore (semaphore 0xADDR): 1 permit requested, 0 available; wake queue: task 1

#0  future        tokio::sync::batch_semaphore::Acquire
      waiting on a tokio::sync::Semaphore (semaphore 0xADDR): 1 permit requested, 0 available; wake queue: task 1
#1  async fn      tokio::sync::semaphore::Semaphore::acquire
      awaiting at tokio-1.52.4/src/sync/semaphore.rs:597 (Suspend0, 1 local)
#2  async fn      foreign_runtime::joined
      awaiting at src/bin/foreign-runtime.rs:36 (Suspend0, 0 locals)

2  idle  1  src/bin/foreign-runtime.rs:51  future core::future::pending::Pending<()>  async fn foreign_runtime::detached
#0  future        core::future::pending::Pending<()>
      (<no_state>, 0 locals)
#1  async fn      foreign_runtime::detached
      awaiting at src/bin/foreign-runtime.rs:51 (Suspend0, 1 local)

3  idle  0  src/bin/foreign-runtime.rs:26  task 1  async fn foreign_runtime::joiner
Waiting on: task 1

#0  future        tokio::runtime::task::join::JoinHandle<u32>
      waiting on task 1
#1  async fn      foreign_runtime::joiner
      awaiting at src/bin/foreign-runtime.rs:26 (Suspend0, 0 locals)

4  idle  2  src/bin/foreign-runtime.rs:63  timer (deadline TS on the target's monotonic clock)  async fn foreign_runtime::local_sleeper
Waiting on: timer (deadline TS on the target's monotonic clock)

#0  future        tokio::time::sleep::Sleep
      waiting on timer (deadline TS on the target's monotonic clock)
#1  async fn      foreign_runtime::local_sleeper
      awaiting at src/bin/foreign-runtime.rs:63 (Suspend0, 0 locals)
Executed against 4 tasks, 0 failed
