---
source: hansei/src/offline.rs
description: "`census` over linux/foreign-runtime"
---
Threads: 2 lwps, 2 in 2 runtimes

COUNT  RT  ROLE             STATE           LWPS
    1  0   block_on thread  in driver       3918370
    0  0   blocking pool    0 idle, 0 busy  —
    0  1   blocking pool    0 idle, 0 busy  —
    1  —   entered runtime  —               3918372
[2 lwps]

Tasks: 4 owned by 2 runtimes and 1 local set

COUNT  STATE
    4  idle
[4 tasks]

COUNT  TYPE / WAITING ON
    1  async fn foreign_runtime::detached
       └─ 1  never ready
    1  async fn foreign_runtime::joined
       └─ 1  a tokio::sync::Semaphore (semaphore)
    1  async fn foreign_runtime::joiner
       └─ 1  task
    1  async fn foreign_runtime::local_sleeper
       └─ 1  timer
[4 types]

Futures: 4 in flight, on 9 await-chain frames, up to 3 deep

COUNT  HELD IN
    4  task (its own await chain)
    0  frame (off any await chain)
    0  set (0 FuturesUnordered)
[4 futures]

[0 types]
