---
source: hansei/src/offline.rs
description: "`threads` over linux/futurelock"
---
LWP      NAME  ROLE                 TASK  FRAME 0
2487819  —     entered runtime      —     0xADDR
2487821  —     worker 0, parked     —     0xADDR
2487822  —     worker 1, parked     —     0xADDR
2487823  —     worker 3, parked     —     0xADDR
2487824  —     worker 2, in driver  —     0xADDR
[5 threads]
