---
source: hansei/src/offline.rs
description: "`threads` over linux/futurelock"
---
LWP      NAME  ROLE                 TASK  FRAME 0
1733458  —     entered runtime      —     0xADDR
1733460  —     worker 0, in driver  —     0xADDR
1733461  —     worker 1, parked     —     0xADDR
1733462  —     worker 2, parked     —     0xADDR
1733463  —     worker 3, parked     —     0xADDR
[5 threads]
