---
source: hansei/src/offline.rs
description: "`graph` over linux/futurelock"
---
TASK  STATE  WAITING ON
2001  idle  semaphore
└─ 2001 [holds permits awaited above] (above)  idle  

futurelock: task 2001 holds 1 granted permit of a tokio::sync::Mutex (semaphore 0xA1) in a future it cannot poll until the future tokio::sync::batch_semaphore::Acquire it awaits completes:
  `future1` (async fn futurelock::do_async_thing)
  held across async fn futurelock::do_stuff state Suspend1 — src/bin/futurelock.rs:82
  waiting on the permits it holds: task 2001
