---
source: hansei/src/offline.rs
description: "`threads` over linux/futurelock"
---
LWP      NAME  ROLE                 TASK  FRAME 0
2109048  —     entered runtime      —     0xADDR
2109052  —     worker 0, parked     —     0xADDR
2109053  —     worker 2, in driver  —     0xADDR
2109054  —     worker 3, parked     —     0xADDR
2109055  —     worker 1, parked     —     0xADDR
[5 threads]
