---
source: hansei/src/offline.rs
description: "`graph` over linux/gen-0007"
---
TASK                            STATE  WAITING ON
3                               idle   future gen_0007::GfSel3<core::future::pending::Pending<u64>, core::future::pending::Pending<u64>, core::future::pending::Pending<u64>>
├─ 4 [in the JoinSet above]     idle   future tokio::sync::notify::Notified
└─ 5 [in the JoinSet above]     idle   timer (deadline TS on the target's monotonic clock)
   ├─ 6 [in the JoinSet above]  idle   future gen_0007::GfSel2<core::future::pending::Pending<u64>, core::future::pending::Pending<u64>>
   └─ 7 [in the JoinSet above]  idle   future gen_0007::GfSel2<core::future::pending::Pending<u64>, core::future::pending::Pending<u64>>
