---
source: hansei/src/offline.rs
description: "`connections` over linux/http-conns"
---
ADDR  TASK  CALLER  PROTO  ROLE  PHASE  DEADLINE  PEER  SERVER  METHOD  REQUEST
0xA1  2001  2011  http1  client  awaiting response  —  127.0.0.1:PORT  —  GET  http://127.0.0.1:PORT/park
0xA2  2002  —  http1  client  idle  —  127.0.0.1:PORT  —  —  —
0xA3  2004  —  http1  server  idle  TS on the target's monotonic clock  —  —  —  —
0xA4  2005  —  http1  server  handling request  —  —  —  GET  /park
0xA5  2006  —  http1  server  handling request  —  —  —  GET  /park
0xA6  2007  —  http1  server  negotiating  —  —  —  —  —
0xA7  2008  —  http1  server  idle  TS on the target's monotonic clock  —  —  —  —
0xA8  2013  —  http1  client  idle  —  —  —  —  —
0xA9  2014  2010  http1  client  awaiting response  —  127.0.0.1:PORT  —  GET  —
[9 connections]
