---
source: hansei/src/offline.rs
description: "`futures` over linux/http-conns"
---
ADDR            TASK  HELD IN                                                  STATE  WAITING ON                                                       ARMED  TYPE
0xADDR  5     frame 0, `conn`                                          —      timer                                                            yes    future hyper_util::rt::tokio::TokioSleep
0xADDR  10    frame 0, `inner`                                         —      unarmed: unknown at reqwest::async_impl::client::PendingRequest  no     future reqwest::async_impl::client::PendingRequest
0xADDR  10    frame 0, `in_flight`, via held future at 0xADDR  —      unarmed: unknown at tower_http::follow_redirect::ResponseFuture  no     future tower_http::follow_redirect::ResponseFuture<tower::retry::Retry<reqwest::retry::Policy, reqwest::async_impl::client::HyperService>, reqwest::async_impl::body::Body, reqwest::redirect::TowerRedirectPolicy>
0xADDR  10    frame 0, `future`, via held future at 0xADDR     —      unarmed: unknown at futures_util::future::either::Either         no     future futures_util::future::either::Either<tower::retry::future::ResponseFuture<reqwest::retry::Policy, reqwest::async_impl::client::HyperService, http::request::Request<reqwest::async_impl::body::Body>>, tower::util::oneshot::Oneshot<tower::retry::Retry<reqwest::retry::Policy, reqwest::async_impl::client::HyperService>, http::request::Request<reqwest::async_impl::body::Body>>>
0xADDR  13    frame 0, `read_version`                                  —      unarmed: unknown at hyper_util::server::conn::auto::ReadVersion  no     future hyper_util::server::conn::auto::ReadVersion<hyper_util::rt::tokio::TokioIo<tokio::net::tcp::stream::TcpStream>>
0xADDR  15    frame 0, `conn`                                          —      timer                                                            yes    future hyper_util::rt::tokio::TokioSleep
0xADDR  17    frame 1, `self`                                          —      futures_channel::lock::Lock                                      yes    future futures_channel::oneshot::Receiver<core::convert::Infallible>
0xADDR  17    frame 1, `sleep`                                         —      timer                                                            yes    future hyper_util::rt::tokio::TokioSleep
0xADDR  17    frame 1, `on_pool_drop`                                  —      futures_channel::lock::Lock                                      yes    future futures_channel::oneshot::Receiver<core::convert::Infallible>
[9 futures]
