---
source: hansei/src/offline.rs
description: "`channels` over linux/http-conns"
---
oneshot 0xADDR: nothing sent, sender alive
    rx: task 14

oneshot 0xADDR: nothing sent, sender alive
    tx: task 12

oneshot 0xADDR: nothing sent, sender alive
    tx: task 8

mpsc 0xADDR: 1 sender, 0 unread
    rx: task 4
