---
source: hansei/src/offline.rs
description: "`graph` over linux/http-conns"
---
TASK                                STATE  WAITING ON
6                                   idle   oneshot rx
└─ 7 [its response awaited above]   idle   http1 client
9                                   idle   oneshot rx
└─ 11 [its response awaited above]  idle   http1 client
