---
source: hansei/src/offline.rs
description: "`connections` over linux/local-set-io"
---
ADDR            TASK  CALLER  PROTO  ROLE  PHASE  DEADLINE  SENDQ  PEER  SERVER  METHOD  REQUEST
0xADDR  1     —       unix   —     open   —         —      —     —       —       —
0xADDR  3     —       unix   —     open   —         —      —     —       —       —
0xADDR  5     —       unix   —     open   —         —      —     —       —       —
[3 connections]
