---
source: hansei/src/offline.rs
description: "`tasks` over linux/local-set-io"
---
ID  STATE  RT  FUT  AWAITING AT  WAITING ON  TYPE
2001  idle  1  0  src/bin/local-set-io.rs:32  io  async fn local_set_io::local_reader
2002  idle  1  0  src/bin/local-set-io.rs:40  io  async fn local_set_io::local_watcher
2003  idle  1  0  src/bin/local-set-io.rs:60  io  async fn local_set_io::local_writer
2004  idle  1  0  src/bin/local-set-io.rs:100  unarmed: unknown at tokio::io::util::read::Read  async fn local_set_io::local_gated_reader
2005  idle  0  0  src/bin/local-set-io.rs:114  io  async fn local_set_io::reader
[5 tasks]
