---
source: hansei/src/offline.rs
description: "`census` over linux/nested-await"
---
Threads: 3 lwps, 3 in runtime 0 @ 0xADDR

COUNT  RT  ROLE             STATE            LWPS
    1  0   worker           in driver        141529
    1  0   worker           parked           141528
    1  0   entered runtime  block_on caller  141526
    0  0   blocking pool    0 idle, 0 busy   —
[3 lwps]

Tasks: 1 owned by runtime 0 @ 0xADDR

COUNT  STATE
    1  idle
[1 task]

COUNT  TYPE / WAITING ON
    1  async fn nested_await::outer
       └─ 1  oneshot rx
[1 type]

Futures: 1 in flight, on 4 await-chain frames, up to 4 deep

COUNT  HELD IN
    1  task (its own await chain)
    0  frame (off any await chain)
    0  set (0 FuturesUnordered)
[1 future]

[0 types]
