---
source: hansei/src/offline.rs
description: "`trace 3 -l 1` over linux/simple-await"
---
Waiting on: oneshot rx 0xADDR (nothing sent, sender alive)
  oneshot rx 0xADDR: waker in Inner.rx_task (rx_task_set), reached from #0 inner → * → data → rx_task

#0  future        tokio::sync::oneshot::Receiver<u32>
      waiting on oneshot rx 0xADDR (nothing sent, sender alive)
[2 frames, 1 shown]
