---
source: hansei/src/offline.rs
description: "`tasks --exec trace -n` over linux/simple-await"
---
3  idle  src/bin/simple-await.rs:40  future tokio::sync::oneshot::Receiver<u32>  async fn simple_await::work
#0  future        tokio::sync::oneshot::Receiver<u32>
      (<no_state>, 1 local)
#1  async fn      simple_await::work
      awaiting at src/bin/simple-await.rs:40 (Suspend1, 12 locals)
Executed against 1 tasks, 0 failed
