---
source: hansei/src/offline.rs
description: "`tasks --group waiting-on` over linux/sleep-join"
---
COUNT  WAITING ON                                                        TASKS
    1  task 3 (JoinHandle)                                               4
    1  the timer: deadline TS on the target's monotonic clock  3
2 groups
