---
source: hansei/src/offline.rs
description: "`tasks --exec trace -n` over linux/tls-conns"
---
task 3
#0  future        tokio::io::util::read::Read<tokio_rustls::client::TlsStream<tokio::net::tcp::stream::TcpStream>>
      waiting on io fd 11 (readable)
      tls client, TLSv1_3, established, 2 records read, 1 written
#1  async fn      tls_conns::plain_client
      awaiting at src/bin/tls-conns.rs:181 (Suspend2, 3 locals)

task 4
#0  future        tokio::io::util::read_exact::ReadExact<tokio_rustls::server::TlsStream<tokio::net::tcp::stream::TcpStream>>
      waiting on io fd 12 (readable)
      tls server, TLSv1_3, established, 1 record read, 2 written
#1  async fn      tls_conns::exact_server
      awaiting at src/bin/tls-conns.rs:196 (Suspend2, 3 locals)

task 5
#0  future        core::future::poll_fn::PollFn<tls_conns::split_client::{async_fn#0}::{closure_env#0}>
      defined at library/core/src/future/poll_fn.rs:149 (<no_state>, 1 local)
#1  async fn      tls_conns::split_client
      awaiting at src/bin/tls-conns.rs:218 (Suspend0, 8 locals; holds 2 pending futures)

task 6
#0  future        tokio::io::util::read_exact::ReadExact<Box<tokio::io::util::buf_stream::BufStream<tokio_rustls::server::TlsStream<tokio::net::tcp::stream::TcpStream>>>>
      waiting on io fd 14 (readable)
      tls server, TLSv1_3, established, 0 records read, 1 written
#1  async fn      tls_conns::buffered_server
      awaiting at src/bin/tls-conns.rs:232 (Suspend0, 2 locals)

task 7
#0  future        core::future::poll_fn::PollFn<tls_conns::owned_split_client::{async_fn#0}::{closure_env#0}>
      defined at library/core/src/future/poll_fn.rs:149 (<no_state>, 1 local)
#1  async fn      tls_conns::owned_split_client
      awaiting at src/bin/tls-conns.rs:252 (Suspend0, 8 locals; holds 2 pending futures)

task 8
#0  future        tokio::io::util::read::Read<tokio::net::tcp::stream::TcpStream>
      waiting on io fd 16 (readable)
#1  async fn      tls_conns::tcp_server
      awaiting at src/bin/tls-conns.rs:263 (Suspend0, 2 locals)

task 9
#0  future        tokio::io::util::read::Read<&mut tokio_rustls::client::TlsStream<tokio::net::tcp::stream::TcpStream>>
      waiting on io fd 17 (readable)
      tls client, TLSv1_3, closing, 1 record each way
#1  async fn      tls_conns::closing_client
      awaiting at src/bin/tls-conns.rs:276 (Suspend1, 3 locals)

task 10
#0  future        tokio::sync::oneshot::Receiver<()>
      waiting on oneshot rx 0xADDR (nothing sent, sender alive)
#1  async fn      tls_conns::drained_server
      awaiting at src/bin/tls-conns.rs:293 (Suspend1, 2 locals)

task 11
#0  future        tokio::sync::oneshot::Receiver<()>
      waiting on oneshot rx 0xADDR (nothing sent, sender alive)
#1  async fn      tls_conns::silent_peer
      awaiting at src/bin/tls-conns.rs:320 (Suspend1, 2 locals)

task 12
#0  future        tokio_rustls::common::handshake::MidHandshake<tokio_rustls::client::TlsStream<tokio::net::tcp::stream::TcpStream>>
      waiting on handshaking fd 19 (readable)
      tls client, handshaking, 0 records each way
#1  future        tokio_rustls::client::Connect<tokio::net::tcp::stream::TcpStream>
      defined at tokio-rustls-0.26.4/src/client.rs:185 (<no_state>, 0 locals)
#2  async fn      tls_conns::handshaking_client
      awaiting at src/bin/tls-conns.rs:303 (Suspend0, 1 local)

task 13
#0  future        tokio::sync::oneshot::Receiver<()>
      waiting on oneshot rx 0xADDR (nothing sent, sender alive)
#1  async fn      tls_conns::mute_peer
      awaiting at src/bin/tls-conns.rs:338 (Suspend0, 1 local)

task 14
#0  future        tokio_rustls::common::handshake::MidHandshake<tokio_rustls::server::TlsStream<tokio::net::tcp::stream::TcpStream>>
      waiting on handshaking fd 22 (readable)
      tls server, handshaking, 0 records each way
#1  future        tokio_rustls::server::Accept<tokio::net::tcp::stream::TcpStream>
      defined at tokio-rustls-0.26.4/src/server.rs:285 (<no_state>, 0 locals)
#2  async fn      tls_conns::handshaking_server
      awaiting at src/bin/tls-conns.rs:332 (Suspend0, 1 local)

task 15
#0  future        tokio::sync::oneshot::Receiver<()>
      waiting on oneshot rx 0xADDR (nothing sent, sender alive)
#1  async fn      tls_conns::deaf_server
      awaiting at src/bin/tls-conns.rs:389 (Suspend0, 1 local)

task 16
#0  future        tokio::io::util::read::Read<tokio_rustls::client::TlsStream<tokio::net::tcp::stream::TcpStream>>
      waiting on io fd 23 (readable)
      tls client, TLSv1_3, established, 1 record read, 156 written, 1 unsent (3432 bytes)
#1  async fn      tls_conns::unflushed_client
      awaiting at src/bin/tls-conns.rs:382 (Suspend1, 3 locals)

task 17
#0  future        hyper::proto::h1::dispatch::Dispatcher<hyper::proto::h1::dispatch::Client<http_body_util::empty::Empty<bytes::bytes::Bytes>>, http_body_util::empty::Empty<bytes::bytes::Bytes>, hyper_util::rt::tokio::TokioIo<tokio::io::util::mem::DuplexStream>, hyper::proto::h1::role::Client>
      waiting on http1 client 0xADDR (idle, keep-alive)
      via mpsc rx 0xADDR (1 sender, 0 unread)
#1  future        hyper::client::conn::http1::Connection<hyper_util::rt::tokio::TokioIo<tokio::io::util::mem::DuplexStream>, http_body_util::empty::Empty<bytes::bytes::Bytes>>
      defined at hyper-1.10.1/src/client/conn/http1.rs:310 (<no_state>, 1 local)
#2  async fn      tls_conns::duplex_client
      awaiting at src/bin/tls-conns.rs:399 (Suspend0, 0 locals)

task 18
#0  future        hyper::proto::h1::dispatch::Dispatcher<hyper::proto::h1::dispatch::Server<hyper::service::util::ServiceFn<tls_conns::https_server::{async_fn#0}::{closure_env#0}, hyper::body::incoming::Incoming>, hyper::body::incoming::Incoming>, http_body_util::full::Full<bytes::bytes::Bytes>, hyper_util::common::rewind::Rewind<hyper_util::rt::tokio::TokioIo<tokio_rustls::server::TlsStream<tokio::net::tcp::stream::TcpStream>>>, hyper::proto::h1::role::Server>
      waiting on http1 server 0xADDR fd 26 (idle, keep-alive)
      tls server, TLSv1_3, established, 1 record read, 2 written
#1  future        hyper::server::conn::http1::UpgradeableConnection<hyper_util::common::rewind::Rewind<hyper_util::rt::tokio::TokioIo<tokio_rustls::server::TlsStream<tokio::net::tcp::stream::TcpStream>>>, hyper::service::util::ServiceFn<tls_conns::https_server::{async_fn#0}::{closure_env#0}, hyper::body::incoming::Incoming>>
      defined at hyper-1.10.1/src/server/conn/http1.rs:550 (Some, 0 locals)
#2  future        hyper_util::server::conn::auto::UpgradeableConnection<hyper_util::rt::tokio::TokioIo<tokio_rustls::server::TlsStream<tokio::net::tcp::stream::TcpStream>>, hyper::service::util::ServiceFn<tls_conns::https_server::{async_fn#0}::{closure_env#0}, hyper::body::incoming::Incoming>, hyper_util::rt::tokio::TokioExecutor>
      defined at hyper-util-0.1.20/src/server/conn/auto/mod.rs:664 (H1, 1 local)
#3  async fn      tls_conns::https_server
      awaiting at src/bin/tls-conns.rs:349 (Suspend0, 0 locals)

task 19
#0  future        hyper::proto::h1::dispatch::Dispatcher<hyper::proto::h1::dispatch::Client<http_body_util::empty::Empty<bytes::bytes::Bytes>>, http_body_util::empty::Empty<bytes::bytes::Bytes>, hyper_util::rt::tokio::TokioIo<tokio_rustls::client::TlsStream<tokio::net::tcp::stream::TcpStream>>, hyper::proto::h1::role::Client>
      waiting on http1 client 0xADDR fd 25 (idle, keep-alive)
      via mpsc rx 0xADDR (1 sender, 0 unread)
      tls client, TLSv1_3, established, 2 records read, 1 written
#1  future        hyper::client::conn::http1::Connection<hyper_util::rt::tokio::TokioIo<tokio_rustls::client::TlsStream<tokio::net::tcp::stream::TcpStream>>, http_body_util::empty::Empty<bytes::bytes::Bytes>>
      defined at hyper-1.10.1/src/client/conn/http1.rs:310 (<no_state>, 1 local)
#2  async fn      tls_conns::https_client
      awaiting at src/bin/tls-conns.rs:363 (Suspend0, 0 locals)
[Executed against 17 tasks, 0 failed]
