---
source: hansei/src/offline.rs
description: "`tasks` over linux/two-releases"
---
ID  STATE  FUT  AWAITING AT                 WAITING ON                   TYPE
3   idle     0  src/bin/two-releases.rs:42  oneshot rx                   async fn two_releases::keeper
4   idle     1  src/bin/two-releases.rs:63  event_listener::Entry        async fn two_releases::old_waiter
5   idle     1  src/bin/two-releases.rs:82  event_listener::State::Task  async fn two_releases::new_waiter
[3 tasks]
