---
source: hansei/src/offline.rs
description: "`tasks --exec trace` over linux/unordered"
---
3  idle  src/bin/unordered.rs:115  future futures_util::stream::futures_unordered::FuturesUnordered<unordered::set_member>  async fn unordered::driver
Task 3: async fn unordered::driver (idle)
Spawned at: src/bin/unordered.rs:137:21
Defined at: src/bin/unordered.rs:78

#0  async fn      unordered::driver
      awaiting at src/bin/unordered.rs:115 (Suspend0, 8 locals; holds 5 pending futures)
#1  future        futures_util::stream::futures_unordered::FuturesUnordered<unordered::set_member>
      (<no_state>, 3 locals)
Executed against 1 tasks, 0 failed
