---
source: hansei/src/offline.rs
description: "`futures -v` over linux/unordered"
---
Future 0xADDR: async fn unordered::set_member
    Held by: task 3 (frame 1, `held`)
    State: Unresumed — src/bin/unordered.rs:56
    Depth: 1 frame
    Waiting on: —
    Held futures: 0
    Join sets: 0

Future 0xADDR: async fn unordered::set_member
    Held by: task 3 (frame 1, `boxed`)
    State: Unresumed — src/bin/unordered.rs:56
    Depth: 1 frame
    Waiting on: —
    Held futures: 0
    Join sets: 0

Future 0xADDR: async fn unordered::leaf
    Held by: task 3 (frame 1, `pair`)
    State: Unresumed — src/bin/unordered.rs:36
    Depth: 1 frame
    Waiting on: —
    Held futures: 0
    Join sets: 0

Future 0xADDR: async fn unordered::leaf
    Held by: task 3 (frame 1, `maybe`)
    State: Unresumed — src/bin/unordered.rs:36
    Depth: 1 frame
    Waiting on: —
    Held futures: 0
    Join sets: 0

Future 0xADDR: async fn unordered::holder<unordered::leaf>
    Held by: task 3 (frame 1, `nested_hold`)
    State: Unresumed — src/bin/unordered.rs:46
    Depth: 1 frame
    Waiting on: —
    Held futures: 1
        (frame 0, `inner`): 0xADDR  async fn unordered::leaf  Unresumed — src/bin/unordered.rs:36
    Join sets: 0

Future 0xADDR: async fn unordered::leaf
    Held by: task 3 (frame 0, `inner`), via held future at 0xADDR
    State: Unresumed — src/bin/unordered.rs:36
    Depth: 1 frame
    Waiting on: —
    Held futures: 0
    Join sets: 0

Future 0xADDR: async fn unordered::set_member
    Child of: futures_util::stream::futures_unordered::FuturesUnordered<unordered::set_member> at 0xADDR, polled by task 3
    State: Suspend0 — src/bin/unordered.rs:69
    Depth: 2 frames
    Waiting on: —
    Held futures: 1
        (frame 1, `held`): 0xADDR  async fn unordered::leaf  Unresumed — src/bin/unordered.rs:36
    Join sets: 0

Future 0xADDR: async fn unordered::leaf
    Held by: task 3 (frame 1, `held`), via set child at 0xADDR
    State: Unresumed — src/bin/unordered.rs:36
    Depth: 1 frame
    Waiting on: —
    Held futures: 0
    Join sets: 0

Future 0xADDR: async fn unordered::set_member
    Child of: futures_util::stream::futures_unordered::FuturesUnordered<unordered::set_member> at 0xADDR, polled by task 3
    State: Suspend0 — src/bin/unordered.rs:69
    Depth: 2 frames
    Waiting on: —
    Held futures: 1
        (frame 1, `held`): 0xADDR  async fn unordered::leaf  Unresumed — src/bin/unordered.rs:36
    Join sets: 0

Future 0xADDR: async fn unordered::leaf
    Held by: task 3 (frame 1, `held`), via set child at 0xADDR
    State: Unresumed — src/bin/unordered.rs:36
    Depth: 1 frame
    Waiting on: —
    Held futures: 0
    Join sets: 0

Future 0xADDR: async fn unordered::set_member
    Child of: futures_util::stream::futures_unordered::FuturesUnordered<unordered::set_member> at 0xADDR, polled by task 3
    State: Suspend0 — src/bin/unordered.rs:69
    Depth: 2 frames
    Waiting on: —
    Held futures: 1
        (frame 1, `held`): 0xADDR  async fn unordered::leaf  Unresumed — src/bin/unordered.rs:36
    Join sets: 1 (2 futures)
        - futures_util::stream::futures_unordered::FuturesUnordered<unordered::leaf> at 0xADDR (frame 1, `inner`): 2 children in flight
            0xADDR  async fn unordered::leaf  Unresumed — src/bin/unordered.rs:36
            0xADDR  async fn unordered::leaf  Unresumed — src/bin/unordered.rs:36

Future 0xADDR: async fn unordered::leaf
    Held by: task 3 (frame 1, `held`), via set child at 0xADDR
    State: Unresumed — src/bin/unordered.rs:36
    Depth: 1 frame
    Waiting on: —
    Held futures: 0
    Join sets: 0

Future 0xADDR: async fn unordered::leaf
    Child of: futures_util::stream::futures_unordered::FuturesUnordered<unordered::leaf> at 0xADDR, polled by task 3, via set child at 0xADDR
    State: Unresumed — src/bin/unordered.rs:36
    Depth: 1 frame
    Waiting on: —
    Held futures: 0
    Join sets: 0

Future 0xADDR: async fn unordered::leaf
    Child of: futures_util::stream::futures_unordered::FuturesUnordered<unordered::leaf> at 0xADDR, polled by task 3, via set child at 0xADDR
    State: Unresumed — src/bin/unordered.rs:36
    Depth: 1 frame
    Waiting on: —
    Held futures: 0
    Join sets: 0

[14 futures]
