---
source: hansei/src/offline.rs
description: "`info` over linux/walk-shapes"
---
core:       <snapshot>
tokio info: <tokio info>
symbols resolved: 17/17
signal: none recorded (a live capture, not a crash)
objects: 5 loaded (see `info objects`)
3 worker thread(s), 10 task(s)
2 runtimes, 2 local sets (see `runtimes --list`)
