---
source: hansei/src/offline.rs
description: "`locals` over linux/walk-shapes"
---
node: tokio::sync::batch_semaphore::Waiter {
      state: 1,
      waker: core::option::Option<core::task::wake::Waker> = Some(task 2001),
      pointers: tokio::util::linked_list::Pointers<tokio::sync::batch_semaphore::Waiter> {
          inner: tokio::util::linked_list::PointersInner<tokio::sync::batch_semaphore::Waiter> {
              prev: core::option::Option<core::ptr::non_null::NonNull<tokio::sync::batch_semaphore::Waiter>> { .. } @ 0xA1 (task 2001),
              next: core::option::Option<core::ptr::non_null::NonNull<tokio::sync::batch_semaphore::Waiter>> { .. } @ 0xA2 (task 2001),
          },
      },
  }
semaphore: &tokio::sync::batch_semaphore::Semaphore = 0xA3 -> tokio::sync::batch_semaphore::Semaphore {
          waiters: tokio::loom::std::parking_lot::Mutex<tokio::sync::batch_semaphore::Waitlist> { .. } @ 0xA3,
          permits: closed=false, permits=0,
      }
num_permits: usize = 1
queued: bool = true
