---
source: hansei/src/offline.rs
description: "`task 2001` over linux/walk-shapes"
---
task 2001
    state: idle
    thread: <none>
    owner: runtime 1 @ 0xA1 (current_thread, no thread inside it)
    type: async fn walk_shapes::hidden_blocked
    awaiting at: src/bin/walk-shapes.rs:180
    awaiting on: a tokio::sync::Semaphore (semaphore 0xA2): 1 permit requested, 0 available; wake queue: task 2007, task 2008, task 2001
        waker: its wake-queue node @ 0xA3
    spawned at: src/bin/walk-shapes.rs:194:18
    type defined at: src/bin/walk-shapes.rs:177
    held futures: 0
    join sets: 0
