---
source: hansei/src/offline.rs
description: "`sync` over linux/watch-stream"
---
oneshot 0xADDR: nothing sent, sender alive
    rx: task 3

oneshot 0xADDR: nothing sent, sender alive
    rx: task 4

oneshot 0xADDR: nothing sent, sender alive
    rx: task 5

watch 0xADDR: version 0, 1 sender, 1 receiver
    rx: task 3

watch 0xADDR: version 0, 1 sender, 1 receiver
    rx: task 4

watch 0xADDR: version 0, 1 sender, 1 receiver
    rx: task 4

watch 0xADDR: version 0, 1 sender, 1 receiver
    rx: task 4

watch 0xADDR: version 0, 1 sender, 1 receiver
    rx: task 6
