---
source: hansei/src/offline.rs
description: "`futures --exec trace -l 1` over linux-floor/armed-select"
---
future 0xADDR
future 0xADDR: future tokio::sync::oneshot::Receiver<u32>
Held by: task 3 — async fn armed_select::selector (frame 1, `once`)

#0  future        tokio::sync::oneshot::Receiver<u32>
      waiting on oneshot rx 0xADDR (nothing sent, sender alive)

future 0xADDR
future 0xADDR: async fn tokio::sync::mpsc::bounded::Receiver::recv<u32>
Held by: task 3 — async fn armed_select::selector (frame 1, `recv`)

#0  future        core::future::poll_fn::PollFn<tokio::sync::mpsc::bounded::Receiver::recv::{async_fn#0}::{closure_env#0}<u32>>
      waiting on mpsc rx 0xADDR (1 sender, capacity 4, 0 unread)
[2 frames, 1 shown]

future 0xADDR
future 0xADDR: async fn tokio::sync::watch::Receiver::changed<u32>
Held by: task 3 — async fn armed_select::selector (frame 1, `changed`)

#0  future        tokio::sync::notify::Notified
      waiting on watch rx 0xADDR (version 0, 1 sender, 1 receiver)
[4 frames, 1 shown]

future 0xADDR
future 0xADDR: future tokio::time::sleep::Sleep
Held by: task 3 — async fn armed_select::selector (frame 1, `sleep`)

#0  future        tokio::time::sleep::Sleep
      waiting on timer (deadline TS on the target's monotonic clock)

future 0xADDR
future 0xADDR: future tokio::sync::notify::Notified
Held by: task 4 — async fn armed_select::holder (frame 1, `notified`)

#0  future        tokio::sync::notify::Notified
      waiting on notify rx 0xADDR (waiting)

future 0xADDR
future 0xADDR: async fn armed_select::child
Child of: futures_util::stream::futures_unordered::FuturesUnordered<armed_select::child> at 0xADDR (frame 2, `set`), polled by task 6 — async fn armed_select::driver

#0  future        tokio::sync::oneshot::Receiver<u32>
      waiting on oneshot rx 0xADDR (nothing sent, sender alive)
[2 frames, 1 shown]

future 0xADDR
future 0xADDR: async fn armed_select::child
Child of: futures_util::stream::futures_unordered::FuturesUnordered<armed_select::child> at 0xADDR (frame 2, `set`), polled by task 6 — async fn armed_select::driver

#0  future        tokio::sync::oneshot::Receiver<u32>
      waiting on oneshot rx 0xADDR (nothing sent, sender alive)
[2 frames, 1 shown]

future 0xADDR
future 0xADDR: future tokio::sync::oneshot::Receiver<u32>
Held by: task 7 — async fn armed_select::ticker (frame 1, `once`)

#0  future        tokio::sync::oneshot::Receiver<u32>
      waiting on oneshot rx 0xADDR (nothing sent, sender alive)

future 0xADDR
future 0xADDR: future tokio::time::sleep::Sleep
Held by: task 7 — async fn armed_select::ticker (frame 1, `interval`)

#0  future        tokio::time::sleep::Sleep
      waiting on timer (deadline TS on the target's monotonic clock)

future 0xADDR
future 0xADDR: async fn tokio::time::interval::Interval::tick
Held by: task 7 — async fn armed_select::ticker (frame 1, `tick`)

#0  future        tokio::time::sleep::Sleep
      waiting on timer (deadline TS on the target's monotonic clock)
[4 frames, 1 shown]

future 0xADDR
future 0xADDR: future tokio::time::sleep::Sleep
Held by: task 8 — async fn armed_select::pacer (frame 4, `spare`)

#0  future        tokio::time::sleep::Sleep
      waiting on timer (deadline TS on the target's monotonic clock)

future 0xADDR
future 0xADDR: async fn tokio::time::interval::Interval::tick
Held by: task 8 — async fn armed_select::pacer (frame 4, `spare_tick`)

the chain ends in a future that has never been polled
#0  async fn      tokio::time::interval::Interval::tick
      state Unresumed

future 0xADDR
future 0xADDR: async block armed_select::forever::{async_fn#0}
Held by: task 9 — async fn armed_select::forever (frame 1, `wrapped`)

the chain ends in a future that is never ready
#0  future        core::future::pending::Pending<u32>
      (<no_state>, 0 locals)
[2 frames, 1 shown]

future 0xADDR
future 0xADDR: future core::future::ready::Ready<u32>
Held by: task 9 — async fn armed_select::forever (frame 1, `at_once`)

#0  future        core::future::ready::Ready<u32>
      (<no_state>, 0 locals)
[Executed against 14 futures, 0 failed]
