---
source: hansei/src/offline.rs
description: "`channels` over linux-floor/armed-select"
---
oneshot 0xA1: nothing sent, sender alive
    rx: task 2001

oneshot 0xA2: nothing sent, sender alive
    rx: task 2002

oneshot 0xA3: nothing sent, sender alive
    rx: child 1 of the set at 0xA4 (polled by task 2004)

oneshot 0xA5: nothing sent, sender alive
    rx: child 0 of the set at 0xA4 (polled by task 2004)

oneshot 0xA6: nothing sent, sender alive
    rx: task 2005

mpsc 0xA7: 1 sender, capacity 4, 0 unread
    rx: task 2001

watch 0xA8: version 0, 1 sender, 1 receiver
    rx: task 2001
