---
source: hansei/src/offline.rs
description: "`task 3 --futures` over linux-floor/armed-select"
---
task 3
    state: idle
    thread: <none>
    type: async fn armed_select::selector
    awaiting at: src/bin/armed-select.rs:48
    waiting on: mpsc 0xADDR, oneshot rx 0xADDR, timer (deadline TS on the target's monotonic clock), watch 0xADDR
        wait set: 1 of 1 members hold this task's waker; any one of them wakes it
        what core::future::poll_fn::PollFn<armed_select::selector::{async_fn#0}::{closure_env#0}> polls is not established: no reviewed rule covers its implementation
        timer (deadline TS on the target's monotonic clock): this task's waker in wheel entry 0xADDR, registered, inside #1's storage at +0xADDR; in no branch of the stop
        mpsc 0xADDR: waker in Chan.rx_waker, reached from #1 queue → chan → inner → * → data → rx_waker → waker
        oneshot rx 0xADDR: waker in Inner.rx_task (rx_task_set), reached from the future at 0xADDR inner → * → data → rx_task
        watch 0xADDR: waker in Notified.waiter, in the future at 0xADDR waiter → waker
    spawned at: src/bin/armed-select.rs:116:25
    defined at: src/bin/armed-select.rs:30
    held futures: 4
        (frame 1, `once`): 0xADDR  future tokio::sync::oneshot::Receiver<u32>
        (frame 1, `recv`): 0xADDR  async fn tokio::sync::mpsc::bounded::Receiver::recv<u32>  Suspend0 — tokio-1.47.5/src/sync/mpsc/bounded.rs:242
          waiting on mpsc rx 0xADDR: 1 sender, capacity 4, 0 unread
        (frame 1, `changed`): 0xADDR  async fn tokio::sync::watch::Receiver::changed<u32>  Suspend0 — tokio-1.47.5/src/sync/watch.rs:747
            (frame 0, `fut`): 0xADDR  async fn tokio::sync::watch::changed_impl<u32>  Suspend1 — tokio-1.47.5/src/sync/watch.rs:927
              waiting on the Notify at 0xADDR
        (frame 1, `sleep`): 0xADDR  future tokio::time::sleep::Sleep
          waiting on timer (deadline TS on the target's monotonic clock)
    join sets: 0
