---
source: hansei/src/offline.rs
description: "`threads` over linux-floor/armed-select"
---
LWP      NAME  ROLE                 TASK  FRAME 0
4192155  —     entered runtime      —     0xADDR
4192157  —     worker 0, in driver  —     0xADDR
4192158  —     worker 1, parked     —     0xADDR
[3 threads]
