---
source: hansei/src/offline.rs
description: "`census` over linux-floor/blocking-pool"
---
Threads: 4 lwps, 4 in runtime 0 @ 0xADDR

COUNT  RT  ROLE             STATE                     LWPS
    1  0   worker           in driver                 3932359
    1  0   worker           parked                    3932358
    1  0   blocking pool    0 idle, 1 busy, 2 queued  —
    1  0   entered runtime  block_on caller           —
[4 lwps]

Tasks: 5: 4 owned by runtime 0 @ 0xADDR, 1 with no established owner

COUNT  STATE
    2  blocking (queued)
    2  idle
    1  blocking (running)
[5 tasks]

COUNT  TYPE / WAITING ON
    1  async fn blocking_pool::queued_waiter
       └─ 1  task
    1  async fn blocking_pool::running_waiter
       └─ 1  task
    1  future tokio::runtime::blocking::task::BlockingTask<blocking_pool::main::{async_block#0}::{closure_env#0}>
       └─ 1  — (mid-poll)
    1  future tokio::runtime::blocking::task::BlockingTask<blocking_pool::main::{async_block#0}::{closure_env#1}>
       └─ 1  — (queued)
    1  future tokio::runtime::blocking::task::BlockingTask<blocking_pool::main::{async_block#0}::{closure_env#2}>
       └─ 1  — (queued)
[5 types]

Futures: 5 in flight, on 7 await-chain frames, up to 2 deep

COUNT  HELD IN
    5  task (its own await chain)
    0  frame (off any await chain)
    0  set (0 FuturesUnordered)
[5 futures]

[0 types]
