---
source: hansei/src/offline.rs
description: "`threads` over linux-floor/blocking-pool"
---
LWP      NAME  ROLE                 TASK  FRAME 0
3975728  —     entered runtime      —     0xADDR
3975730  —     worker 0, parked     —     0xADDR
3975731  —     worker 1, in driver  —     0xADDR
3975732  —     entered runtime      3     0xADDR
[4 threads]
