---
source: hansei/src/offline.rs
description: "`threads` over linux-floor/blocking-pool"
---
LWP      NAME  ROLE                 TASK  FRAME 0
3650537  —     entered runtime      —     0xADDR
3650539  —     worker 0, in driver  —     0xADDR
3650540  —     worker 1, parked     —     0xADDR
3650541  —     entered runtime      3     0xADDR
[4 threads]
