---
source: hansei/src/offline.rs
description: "`tasks --group waiting-on` over linux-floor/channels"
---
COUNT  WAITING ON                                 TASKS
    1  mpsc rx                                    4
    1  the Notify at 0xADDR               3
    1  unknown at tokio::sync::oneshot::Receiver  5
[3 groups]
