---
source: hansei/src/offline.rs
description: "`print` over linux-floor/channels"
---
channels::notify_waiter::{async_fn_env#0}::Suspend0 {
    notify: alloc::sync::Arc<tokio::sync::notify::Notify, alloc::alloc::Global> {
        ptr: 0xADDR -> alloc::sync::ArcInner<tokio::sync::notify::Notify> {
                strong: ...,
                weak: ...,
                data: ...,
            },
    },
    notified: tokio::sync::notify::Notified {
        notify: 0xADDR -> tokio::sync::notify::Notify {
                state: state=waiting, generation=0,
                mutex: locked=false, parked=false,
                queue: [
                    tokio::sync::notify::Waiter { notification: kind=none, order=fifo, waker: ... },
                ],
            },
        state: [0xADDR],
        notify_waiters_calls: 0,
        waiter: tokio::sync::notify::Waiter {
            pointers: tokio::util::linked_list::Pointers<tokio::sync::notify::Waiter> {
                inner: ...,
            },
            waker: core::option::Option<core::task::wake::Waker>::Some(0xADDR),
            notification: tokio::sync::notify::AtomicNotification(
                ...,
            ),
        },
    },
    __awaitee: core::pin::Pin<&mut tokio::sync::notify::Notified> {
        pointer: 0xADDR -> tokio::sync::notify::Notified {
                notify: ...,
                state: ...,
                notify_waiters_calls: ...,
                waiter: ...,
            },
    },
    __4: false,
}
