---
source: hansei/src/offline.rs
description: "`task 3` over linux-floor/channels"
---
task 3
    state: idle
    thread: <none>
    type: async fn channels::notify_waiter
    awaiting at: src/bin/channels.rs:32
    waiting on: unknown at tokio::sync::notify::Notified
    waker: <empty>
        unknown: the chain does not end in a primitive
        what tokio::sync::notify::Notified polls is not established: no reviewed rule covers its implementation
    spawned at: src/bin/channels.rs:92:23
    defined at: src/bin/channels.rs:22
    held futures: 0
    join sets: 0
