---
source: hansei/src/offline.rs
description: "`threads -v` over linux-floor/channels"
---
lwp 4037178  polling no task
  thread_id: core::option::Option<tokio::runtime::thread_id::ThreadId>::None
  runtime:
    tokio::runtime::context::runtime::EnterRuntime::Entered {
        allow_block_in_place: true,
    }
  budget: core::option::Option<u8>::None
  not in the scheduler's run loop
  stack:
    0xADDR 

lwp 4037180  last polled task 1
  thread_id: core::option::Option<tokio::runtime::thread_id::ThreadId>::None
  runtime:
    tokio::runtime::context::runtime::EnterRuntime::Entered {
        allow_block_in_place: true,
    }
  budget: core::option::Option<u8>::None
  worker 0
  defer:
    core::cell::RefCell<alloc::vec::Vec<core::task::wake::Waker, alloc::alloc::Global>> {
        borrow: core::cell::Cell<isize> {
            value: 0,
        },
        value: [],
    }
  core:
    tokio::runtime::scheduler::multi_thread::worker::Core {
        tick: 2,
        lifo_slot: core::option::Option<tokio::runtime::task::Notified<alloc::sync::Arc<tokio::runtime::scheduler::multi_thread::handle::Handle, alloc::alloc::Global>>>::None,
        lifo_enabled: false,
        run_queue: tokio::runtime::scheduler::multi_thread::queue::Local<alloc::sync::Arc<tokio::runtime::scheduler::multi_thread::handle::Handle, alloc::alloc::Global>> {
            inner: alloc::sync::Arc<tokio::runtime::scheduler::multi_thread::queue::Inner<alloc::sync::Arc<tokio::runtime::scheduler::multi_thread::handle::Handle, alloc::alloc::Global>>, alloc::alloc::Global> {
                ptr: 0xADDR -> alloc::sync::ArcInner<tokio::runtime::scheduler::multi_thread::queue::Inner<alloc::sync::Arc<tokio::runtime::scheduler::multi_thread::handle::Handle, alloc::alloc::Global>>> { .. },
            },
        },
        is_searching: false,
        is_shutdown: false,
        is_traced: false,
        park: core::option::Option<tokio::runtime::scheduler::multi_thread::park::Parker>::None,
        stats: tokio::runtime::scheduler::multi_thread::stats::Stats {
            batch: tokio::runtime::metrics::batch::MetricsBatch {
                busy_duration_total: 5480,
                processing_scheduled_tasks_started_at: core::option::Option<std::time::Instant>::Some {
                    tv_sec: 1474275,
                    tv_nsec: 772044037,
                },
                park_count: 1,
                park_unpark_count: 1,
                noop_count: 0,
                steal_count: 0,
                steal_operations: 0,
                poll_count: 1,
                poll_count_on_last_park: 1,
                local_schedule_count: 0,
                overflow_count: 0,
                poll_timer: core::option::Option<tokio::runtime::metrics::batch::PollTimer>::None,
            },
            processing_scheduled_tasks_started_at: std::sys::pal::unix::time::Timespec {
                tv_sec: 1474275,
                tv_nsec: 772044077,
            },
            tasks_polled_in_batch: 1,
            task_poll_time_ewma: 3504.9196721311478,
        },
        global_queue_interval: 61,
        rand: tokio::util::rand::FastRand {
            one: 405334959,
            two: 4053666073,
        },
    }
  stack:
    0xADDR 
    0xADDR   (frame-pointer walk)
    0xADDR   (frame-pointer walk)

lwp 4037181  last polled task 2
  thread_id: core::option::Option<tokio::runtime::thread_id::ThreadId>::None
  runtime:
    tokio::runtime::context::runtime::EnterRuntime::Entered {
        allow_block_in_place: true,
    }
  budget: core::option::Option<u8>::None
  worker 1
  defer:
    core::cell::RefCell<alloc::vec::Vec<core::task::wake::Waker, alloc::alloc::Global>> {
        borrow: core::cell::Cell<isize> {
            value: 0,
        },
        value: [],
    }
  core:
    tokio::runtime::scheduler::multi_thread::worker::Core {
        tick: 2,
        lifo_slot: core::option::Option<tokio::runtime::task::Notified<alloc::sync::Arc<tokio::runtime::scheduler::multi_thread::handle::Handle, alloc::alloc::Global>>>::None,
        lifo_enabled: false,
        run_queue: tokio::runtime::scheduler::multi_thread::queue::Local<alloc::sync::Arc<tokio::runtime::scheduler::multi_thread::handle::Handle, alloc::alloc::Global>> {
            inner: alloc::sync::Arc<tokio::runtime::scheduler::multi_thread::queue::Inner<alloc::sync::Arc<tokio::runtime::scheduler::multi_thread::handle::Handle, alloc::alloc::Global>>, alloc::alloc::Global> {
                ptr: 0xADDR -> alloc::sync::ArcInner<tokio::runtime::scheduler::multi_thread::queue::Inner<alloc::sync::Arc<tokio::runtime::scheduler::multi_thread::handle::Handle, alloc::alloc::Global>>> { .. },
            },
        },
        is_searching: false,
        is_shutdown: false,
        is_traced: false,
        park: core::option::Option<tokio::runtime::scheduler::multi_thread::park::Parker>::None,
        stats: tokio::runtime::scheduler::multi_thread::stats::Stats {
            batch: tokio::runtime::metrics::batch::MetricsBatch {
                busy_duration_total: 2395,
                processing_scheduled_tasks_started_at: core::option::Option<std::time::Instant>::Some {
                    tv_sec: 1474275,
                    tv_nsec: 772053755,
                },
                park_count: 1,
                park_unpark_count: 1,
                noop_count: 0,
                steal_count: 0,
                steal_operations: 0,
                poll_count: 1,
                poll_count_on_last_park: 1,
                local_schedule_count: 0,
                overflow_count: 0,
                poll_timer: core::option::Option<tokio::runtime::metrics::batch::PollTimer>::None,
            },
            processing_scheduled_tasks_started_at: std::sys::pal::unix::time::Timespec {
                tv_sec: 1474275,
                tv_nsec: 772053765,
            },
            tasks_polled_in_batch: 1,
            task_poll_time_ewma: 3178.319672131148,
        },
        global_queue_interval: 61,
        rand: tokio::util::rand::FastRand {
            one: 2905539861,
            two: 2879017963,
        },
    }
  stack:
    0xADDR
