---
source: hansei/src/offline.rs
description: "`census` over linux-floor/channels"
---
Threads: 3 lwps, 3 in runtime 0 @ 0xADDR

COUNT  RT  ROLE             STATE            LWPS
    1  0   worker           in driver        1802519
    1  0   worker           parked           1802518
    1  0   entered runtime  block_on caller  1802516
    0  0   blocking pool    0 idle, 0 busy   —
[3 lwps]

Tasks: 3 owned by runtime 0 @ 0xADDR

COUNT  STATE
    3  idle
[3 tasks]

COUNT  TYPE / WAITING ON
    1  async fn channels::hold
       └─ 1  unknown
    1  async fn channels::notify_waiter
       └─ 1  a Notify
    1  async fn channels::recv_waiter
       └─ 1  mpsc rx
[3 types]

Futures: 3 in flight, on 8 await-chain frames, up to 3 deep

COUNT  HELD IN
    3  task (its own await chain)
    0  frame (off any await chain)
    0  set (0 FuturesUnordered)
[3 futures]

[0 types]
