---
source: hansei/src/offline.rs
description: "`task 5` over linux-floor/channels"
---
task 5
    state: idle
    thread: <none>
    type: async fn channels::hold
    awaiting at: src/bin/channels.rs:70
    waiting on: oneshot rx 0xADDR (nothing sent, sender alive)
        oneshot rx 0xADDR: waker in Inner.rx_task (rx_task_set), reached from #0 inner → * → data → rx_task
    spawned at: src/bin/channels.rs:159:23
    defined at: src/bin/channels.rs:54
    held futures: 0
    join sets: 0
