---
source: hansei/src/offline.rs
description: "`tasks --exec trace -n` over linux-floor/channels"
---
3  idle  src/bin/channels.rs:30  future tokio::sync::notify::Notified  async fn channels::notify_waiter
#0  future        tokio::sync::notify::Notified
      (<no_state>, 4 locals)
#1  async fn      channels::notify_waiter
      awaiting at src/bin/channels.rs:30 (Suspend0, 2 locals; holds 1 pending future)

4  idle  src/bin/channels.rs:48  future tokio::sync::oneshot::Receiver<u32>  async fn channels::hold
#0  future        tokio::sync::oneshot::Receiver<u32>
      (<no_state>, 1 local)
#1  async fn      channels::hold
      awaiting at src/bin/channels.rs:48 (Suspend0, 6 locals)
Executed against 2 tasks, 0 failed
