---
source: hansei/src/offline.rs
description: "`future 0xA1` over linux-floor/delegation-cases"
---
future 0xA1
    type: future tokio::runtime::task::join::JoinHandle<()>
    held by: task 2004 (frame 0, `handle`)
    depth: 2 frames
    awaiting on: unarmed: task 2011
    held futures: 0
    join sets: 0
