---
source: hansei/src/offline.rs
description: "`task 1` over linux-floor/delegation-cases"
---
task 1
    state: idle
    thread: <none>
    type: future Pin<Box<delegation_cases::Gated<1>>>
    waiting on: unarmed: unknown at delegation_cases::Gated (holds 1 future)
        unknown: the chain does not end in a primitive
        what delegation_cases::Gated<1> polls is not established: no reviewed rule covers its implementation
        holds 1 future at its stop, none holding this task's waker:
        child: delegation_cases::Probe at 0xADDR — unknown; held, not armed; what delegation_cases::Probe<1> polls is not established: no reviewed rule covers its implementation
    spawned at: src/bin/delegation-cases.rs:197:8
    held futures: 1
    join sets: 0
