---
source: hansei/src/offline.rs
description: "`tasks --group state -v` over linux-floor/dyn-future"
---
2  idle
Task 3: async fn dyn_future::driver
    State: idle
    Spawned at: src/bin/dyn-future.rs:53:21
    Defined at: src/bin/dyn-future.rs:24
    Waiting on: future tokio::sync::oneshot::Receiver<u32>
    Held futures: 0
    Join sets: 1 (1 task)

Task 4: async fn dyn_future::set_member
    State: idle
    Spawned at: src/bin/dyn-future.rs:28:9
    Defined at: src/bin/dyn-future.rs:15
    Waiting on: future tokio::sync::oneshot::Receiver<u32>
    Held futures: 0
    Join sets: 0

1 group
