---
source: hansei/src/offline.rs
description: "`sync` over linux-floor/dyn-future"
---
task 2001 (async fn dyn_future::set_member): idle
    Member of: a tokio::task::join_set::JoinSet<u32> (set 0xA1), driven by task 2002

a tokio::task::join_set::JoinSet<u32> (set 0xA1): 1 member, driven by task 2002 (`set`)
    Members (idle): task 2001

oneshot 0xA2: nothing sent, sender alive
    rx: task 2001
