---
source: hansei/src/offline.rs
description: "`threads` over linux-floor/dyn-future"
---
LWP      NAME  ROLE                 TASK  FRAME 0
2615183  —     entered runtime      —     0xADDR
2615185  —     worker 0, parked     —     0xADDR
2615186  —     worker 1, in driver  —     0xADDR
[3 threads]
