---
source: hansei/src/offline.rs
description: "`threads` over linux-floor/futurelock"
---
LWP      NAME  ROLE                 TASK  FRAME 0
1997713  —     entered runtime      —     0xADDR
1997715  —     worker 0, in driver  —     0xADDR
1997716  —     worker 1, parked     —     0xADDR
1997717  —     worker 2, parked     —     0xADDR
1997718  —     worker 3, parked     —     0xADDR
[5 threads]
