---
source: hansei/src/offline.rs
description: "`threads` over linux-floor/futurelock"
---
LWP     NAME  ROLE                 TASK  FRAME 0
433639  —     entered runtime      —     0xADDR
433641  —     worker 0, parked     —     0xADDR
433642  —     worker 1, parked     —     0xADDR
433643  —     worker 2, parked     —     0xADDR
433644  —     worker 3, in driver  —     0xADDR
[5 threads]
