---
source: hansei/src/offline.rs
description: "`threads` over linux-floor/futurelock"
---
LWP      NAME  ROLE                 TASK  FRAME 0
2957511  —     entered runtime      —     0xADDR
2957513  —     worker 0, in driver  —     0xADDR ← 0xADDR ← 0xADDR
2957514  —     worker 1, parked     —     0xADDR
2957515  —     worker 2, parked     —     0xADDR
2957516  —     worker 3, parked     —     0xADDR
