---
source: hansei/src/offline.rs
description: "`info` over linux-floor/gen-0007"
---
core:  <core>
tokio info: <tokio info>
symbols resolved: 11/11
allocator evidence: unavailable
waker slots: 1 copy of tokio's WAKER_VTABLE, 1 set vtable; N swept in N chunks
    hits: N
    by class: N
    attributed: N
pid:  PID (gen-0007)
ppid:  PID
uid:  ID
gid:  ID
psargs: PSARGS
execfn: <test-programs>/fixtures/bin-a/rust-1.98.0-tokio-1.47.5-unstable/gen-0007
executable: <test-programs>/fixtures/bin-a/rust-1.98.0-tokio-1.47.5-unstable/gen-0007
build id (core):  BUILDID
build id (binary): BUILDID — agree
argv: not recorded in a Linux core (psargs is its 80-byte spelling)
environment: not recorded in a Linux core
signal: none recorded
