---
source: hansei/src/offline.rs
description: "`trace 3 -l 1` over linux-floor/gen-0007"
---
Waiting on: unknown at gen_0007::GfSel3

what gen_0007::GfSel3<core::future::pending::Pending<u64>, core::future::pending::Pending<u64>, core::future::pending::Pending<u64>> polls is not established (no reviewed rule covers its implementation); the chain ends there
#0  future        gen_0007::GfSel3<core::future::pending::Pending<u64>, core::future::pending::Pending<u64>, core::future::pending::Pending<u64>>
      (<no_state>, 0 locals)
[2 frames, 1 shown]
