---
source: hansei/src/offline.rs
description: "`tasks --group waker` over linux-floor/http-conns"
---
COUNT  WAITING ON                      TASKS
    3  io                              3, 5, 10
    1  http1 client awaiting response  9
    1  http1 client idle               4
    1  io, notify rx                   8
    1  oneshot rx                      11
    1  unknown                         7
[6 groups]
