---
source: hansei/src/offline.rs
description: "`connections --with role server --without phase negotiating` over linux-floor/http-conns"
---
TASK  CALLER  PROTO  ROLE    PHASE             DEADLINE                                     SENDQ  PEER  SERVER  METHOD  REQUEST
5     —       http1  server  idle              TS on the target's monotonic clock  —      —     —       —       —
9     —       http1  server  handling request  —                                            —      —     —       GET     /park
11    —       http1  server  handling request  —                                            —      —     —       GET     /park
15    —       http1  server  idle              TS on the target's monotonic clock  —      —     —       —       —
[4 connections]
