---
source: hansei/src/offline.rs
description: "`tasks --with type http_conns::serve --with waiting-on http1.server --exec print dispatch` over linux-floor/http-conns"
---
task 5
hyper::proto::h1::dispatch::Server<hyper::service::util::ServiceFn<http_conns::serve::{async_fn#0}::{closure_env#0}, hyper::body::incoming::Incoming>, hyper::body::incoming::Incoming> {
    in_flight: core::pin::Pin<alloc::boxed::Box<core::option::Option<http_conns::handle::{async_fn_env#0}>, alloc::alloc::Global>> {
        pointer: 0xADDR -> core::option::Option<http_conns::handle::{async_fn_env#0}> { .. },
    },
    service: hyper::service::util::ServiceFn<http_conns::serve::{async_fn#0}::{closure_env#0}, hyper::body::incoming::Incoming> {
        f: http_conns::serve::{async_fn#0}::{closure_env#0} {
            peer: core::net::socket_addr::SocketAddr { .. } @ 0xADDR,
            events: tokio::sync::mpsc::unbounded::UnboundedSender<http_conns::Event> {
                chan: tokio::sync::mpsc::chan::Tx<http_conns::Event, tokio::sync::mpsc::unbounded::Semaphore> {
                    inner: alloc::sync::Arc<tokio::sync::mpsc::chan::Chan<http_conns::Event, tokio::sync::mpsc::unbounded::Semaphore>, alloc::alloc::Global> {
                        ptr: 0xADDR -> alloc::sync::ArcInner<tokio::sync::mpsc::chan::Chan<http_conns::Event, tokio::sync::mpsc::unbounded::Semaphore>> { .. },
                    },
                },
            },
            park: alloc::sync::Arc<tokio::sync::notify::Notify, alloc::alloc::Global> {
                ptr: 0xADDR -> alloc::sync::ArcInner<tokio::sync::notify::Notify> { .. },
            },
        },
    },
}

task 7
hyper::proto::h1::dispatch::Server<hyper::service::util::ServiceFn<http_conns::serve::{async_fn#0}::{closure_env#0}, hyper::body::incoming::Incoming>, hyper::body::incoming::Incoming> {
    in_flight: core::pin::Pin<alloc::boxed::Box<core::option::Option<http_conns::handle::{async_fn_env#0}>, alloc::alloc::Global>> {
        pointer: 0xADDR -> core::option::Option<http_conns::handle::{async_fn_env#0}> { .. },
    },
    service: hyper::service::util::ServiceFn<http_conns::serve::{async_fn#0}::{closure_env#0}, hyper::body::incoming::Incoming> {
        f: http_conns::serve::{async_fn#0}::{closure_env#0} {
            peer: core::net::socket_addr::SocketAddr { .. } @ 0xADDR,
            events: tokio::sync::mpsc::unbounded::UnboundedSender<http_conns::Event> {
                chan: tokio::sync::mpsc::chan::Tx<http_conns::Event, tokio::sync::mpsc::unbounded::Semaphore> {
                    inner: alloc::sync::Arc<tokio::sync::mpsc::chan::Chan<http_conns::Event, tokio::sync::mpsc::unbounded::Semaphore>, alloc::alloc::Global> {
                        ptr: 0xADDR -> alloc::sync::ArcInner<tokio::sync::mpsc::chan::Chan<http_conns::Event, tokio::sync::mpsc::unbounded::Semaphore>> { .. },
                    },
                },
            },
            park: alloc::sync::Arc<tokio::sync::notify::Notify, alloc::alloc::Global> {
                ptr: 0xADDR -> alloc::sync::ArcInner<tokio::sync::notify::Notify> { .. },
            },
        },
    },
}

task 10
hyper::proto::h1::dispatch::Server<hyper::service::util::ServiceFn<http_conns::serve::{async_fn#0}::{closure_env#0}, hyper::body::incoming::Incoming>, hyper::body::incoming::Incoming> {
    in_flight: core::pin::Pin<alloc::boxed::Box<core::option::Option<http_conns::handle::{async_fn_env#0}>, alloc::alloc::Global>> {
        pointer: 0xADDR -> core::option::Option<http_conns::handle::{async_fn_env#0}> { .. },
    },
    service: hyper::service::util::ServiceFn<http_conns::serve::{async_fn#0}::{closure_env#0}, hyper::body::incoming::Incoming> {
        f: http_conns::serve::{async_fn#0}::{closure_env#0} {
            peer: core::net::socket_addr::SocketAddr { .. } @ 0xADDR,
            events: tokio::sync::mpsc::unbounded::UnboundedSender<http_conns::Event> {
                chan: tokio::sync::mpsc::chan::Tx<http_conns::Event, tokio::sync::mpsc::unbounded::Semaphore> {
                    inner: alloc::sync::Arc<tokio::sync::mpsc::chan::Chan<http_conns::Event, tokio::sync::mpsc::unbounded::Semaphore>, alloc::alloc::Global> {
                        ptr: 0xADDR -> alloc::sync::ArcInner<tokio::sync::mpsc::chan::Chan<http_conns::Event, tokio::sync::mpsc::unbounded::Semaphore>> { .. },
                    },
                },
            },
            park: alloc::sync::Arc<tokio::sync::notify::Notify, alloc::alloc::Global> {
                ptr: 0xADDR -> alloc::sync::ArcInner<tokio::sync::notify::Notify> { .. },
            },
        },
    },
}
[Executed against 3 tasks, 0 failed]
