---
source: hansei/src/offline.rs
description: "`tasks --with type http_conns::serve --with waiting-on http1.server --exec print dispatch.service.f.peer` over linux-floor/http-conns"
---
task 5
core::net::socket_addr::SocketAddr = V4(127.0.0.1:55768)

task 8
core::net::socket_addr::SocketAddr = V4(127.0.0.1:55774)

task 11
core::net::socket_addr::SocketAddr = V4(127.0.0.1:55780)

task 15
core::net::socket_addr::SocketAddr = V4(127.0.0.1:55808)
[Executed against 4 tasks, 0 failed]
