---
source: hansei/src/offline.rs
description: "`tasks --with type http_conns::serve --with waiting-on http1.server --exec print dispatch.service.f.peer` over linux-floor/http-conns"
---
task 4
core::net::socket_addr::SocketAddr = V4(127.0.0.1:47324)

task 8
core::net::socket_addr::SocketAddr = V4(127.0.0.1:47326)

task 11
core::net::socket_addr::SocketAddr = V4(127.0.0.1:47332)

task 15
core::net::socket_addr::SocketAddr = V4(127.0.0.1:47348)
[Executed against 4 tasks, 0 failed]
