---
source: hansei/src/offline.rs
description: "`locals` over linux-floor/joinset"
---
f: tokio::task::join_set::{impl#1}::join_next::{async_fn#0}::{closure_env#0}<u32> = 0xADDR (task 3) -> tokio::task::join_set::JoinSet<u32> {
          inner: tokio::util::idle_notified_set::IdleNotifiedSet<tokio::runtime::task::join::JoinHandle<u32>> { .. } @ 0xADDR (task 3),
      }
