---
source: hansei/src/offline.rs
description: "`threads` over linux-floor/joinset"
---
LWP      NAME  ROLE                 TASK  FRAME 0
2958256  —     entered runtime      —     0xADDR
2958258  —     worker 0, in driver  —     0xADDR ← 0xADDR ← 0xADDR
2958259  —     worker 1, parked     —     0xADDR
