---
source: hansei/src/offline.rs
description: "`print .notify` over linux-floor/joinset"
---
0xADDR -> alloc::sync::ArcInner<tokio::sync::notify::Notify> {
        strong: 6,
        weak: 1,
        data: tokio::sync::notify::Notify {
            state: state=waiting, generation=0,
            mutex: locked=false, parked=false,
            queue: [
                tokio::sync::notify::Waiter { notification: kind=none, order=fifo, waker: tokio::loom::std::unsafe_cell::UnsafeCell<core::option::Option<core::task::wake::Waker>> { .. } @ 0xADDR },
                tokio::sync::notify::Waiter { notification: kind=none, order=fifo, waker: tokio::loom::std::unsafe_cell::UnsafeCell<core::option::Option<core::task::wake::Waker>> { .. } @ 0xADDR },
                tokio::sync::notify::Waiter { notification: kind=none, order=fifo, waker: tokio::loom::std::unsafe_cell::UnsafeCell<core::option::Option<core::task::wake::Waker>> { .. } @ 0xADDR },
                tokio::sync::notify::Waiter { notification: kind=none, order=fifo, waker: tokio::loom::std::unsafe_cell::UnsafeCell<core::option::Option<core::task::wake::Waker>> { .. } @ 0xADDR },
                tokio::sync::notify::Waiter { notification: kind=none, order=fifo, waker: tokio::loom::std::unsafe_cell::UnsafeCell<core::option::Option<core::task::wake::Waker>> { .. } @ 0xADDR },
            ],
        },
    }
