---
source: hansei/src/offline.rs
description: "`threads --without role ^worker --group has-task -f 1` over linux-floor/joinset"
---
1  no
lwp 1613089  polling no task
  thread_id: core::option::Option<tokio::runtime::thread_id::ThreadId>::None
  runtime:
    tokio::runtime::context::runtime::EnterRuntime::Entered {
        allow_block_in_place: true,
    }
  budget: core::option::Option<u8>::None
  not in the scheduler's run loop
  stack:
    0xADDR  
[1 group]
