---
source: hansei/src/offline.rs
description: "`threads -v` over linux-floor/joinset"
---
lwp 4037542  polling no task
  thread_id: core::option::Option<tokio::runtime::thread_id::ThreadId>::None
  runtime:
    tokio::runtime::context::runtime::EnterRuntime::Entered {
        allow_block_in_place: true,
    }
  budget: core::option::Option<u8>::None
  not in the scheduler's run loop
  stack:
    0xADDR 

lwp 4037544  last polled task 2
  thread_id: core::option::Option<tokio::runtime::thread_id::ThreadId>::None
  runtime:
    tokio::runtime::context::runtime::EnterRuntime::Entered {
        allow_block_in_place: true,
    }
  budget: core::option::Option<u8>::None
  worker 1
  defer:
    core::cell::RefCell<alloc::vec::Vec<core::task::wake::Waker, alloc::alloc::Global>> {
        borrow: core::cell::Cell<isize> {
            value: 0,
        },
        value: [],
    }
  core:
    tokio::runtime::scheduler::multi_thread::worker::Core {
        tick: 5,
        lifo_slot: core::option::Option<tokio::runtime::task::Notified<alloc::sync::Arc<tokio::runtime::scheduler::multi_thread::handle::Handle, alloc::alloc::Global>>>::None,
        lifo_enabled: false,
        run_queue: tokio::runtime::scheduler::multi_thread::queue::Local<alloc::sync::Arc<tokio::runtime::scheduler::multi_thread::handle::Handle, alloc::alloc::Global>> {
            inner: alloc::sync::Arc<tokio::runtime::scheduler::multi_thread::queue::Inner<alloc::sync::Arc<tokio::runtime::scheduler::multi_thread::handle::Handle, alloc::alloc::Global>>, alloc::alloc::Global> {
                ptr: 0xADDR -> alloc::sync::ArcInner<tokio::runtime::scheduler::multi_thread::queue::Inner<alloc::sync::Arc<tokio::runtime::scheduler::multi_thread::handle::Handle, alloc::alloc::Global>>> { .. },
            },
        },
        is_searching: false,
        is_shutdown: false,
        is_traced: false,
        park: core::option::Option<tokio::runtime::scheduler::multi_thread::park::Parker>::None,
        stats: tokio::runtime::scheduler::multi_thread::stats::Stats {
            batch: tokio::runtime::metrics::batch::MetricsBatch {
                busy_duration_total: 10430,
                processing_scheduled_tasks_started_at: core::option::Option<std::time::Instant>::Some {
                    tv_sec: 1474278,
                    tv_nsec: 322652548,
                },
                park_count: 1,
                park_unpark_count: 1,
                noop_count: 0,
                steal_count: 3,
                steal_operations: 1,
                poll_count: 4,
                poll_count_on_last_park: 4,
                local_schedule_count: 1,
                overflow_count: 0,
                poll_timer: core::option::Option<tokio::runtime::metrics::batch::PollTimer>::None,
            },
            processing_scheduled_tasks_started_at: std::sys::pal::unix::time::Timespec {
                tv_sec: 1474278,
                tv_nsec: 322652568,
            },
            tasks_polled_in_batch: 4,
            task_poll_time_ewma: 3020.2688159836066,
        },
        global_queue_interval: 61,
        rand: tokio::util::rand::FastRand {
            one: 2446303927,
            two: 4130817056,
        },
    }
  stack:
    0xADDR 

lwp 4037545  last polled task 1
  thread_id: core::option::Option<tokio::runtime::thread_id::ThreadId>::None
  runtime:
    tokio::runtime::context::runtime::EnterRuntime::Entered {
        allow_block_in_place: true,
    }
  budget: core::option::Option<u8>::None
  worker 0
  defer:
    core::cell::RefCell<alloc::vec::Vec<core::task::wake::Waker, alloc::alloc::Global>> {
        borrow: core::cell::Cell<isize> {
            value: 0,
        },
        value: [],
    }
  core:
    tokio::runtime::scheduler::multi_thread::worker::Core {
        tick: 6,
        lifo_slot: core::option::Option<tokio::runtime::task::Notified<alloc::sync::Arc<tokio::runtime::scheduler::multi_thread::handle::Handle, alloc::alloc::Global>>>::None,
        lifo_enabled: false,
        run_queue: tokio::runtime::scheduler::multi_thread::queue::Local<alloc::sync::Arc<tokio::runtime::scheduler::multi_thread::handle::Handle, alloc::alloc::Global>> {
            inner: alloc::sync::Arc<tokio::runtime::scheduler::multi_thread::queue::Inner<alloc::sync::Arc<tokio::runtime::scheduler::multi_thread::handle::Handle, alloc::alloc::Global>>, alloc::alloc::Global> {
                ptr: 0xADDR -> alloc::sync::ArcInner<tokio::runtime::scheduler::multi_thread::queue::Inner<alloc::sync::Arc<tokio::runtime::scheduler::multi_thread::handle::Handle, alloc::alloc::Global>>> { .. },
            },
        },
        is_searching: false,
        is_shutdown: false,
        is_traced: false,
        park: core::option::Option<tokio::runtime::scheduler::multi_thread::park::Parker>::None,
        stats: tokio::runtime::scheduler::multi_thread::stats::Stats {
            batch: tokio::runtime::metrics::batch::MetricsBatch {
                busy_duration_total: 7424,
                processing_scheduled_tasks_started_at: core::option::Option<std::time::Instant>::Some {
                    tv_sec: 1474278,
                    tv_nsec: 322646036,
                },
                park_count: 1,
                park_unpark_count: 1,
                noop_count: 0,
                steal_count: 0,
                steal_operations: 0,
                poll_count: 5,
                poll_count_on_last_park: 5,
                local_schedule_count: 7,
                overflow_count: 0,
                poll_timer: core::option::Option<tokio::runtime::metrics::batch::PollTimer>::None,
            },
            processing_scheduled_tasks_started_at: std::sys::pal::unix::time::Timespec {
                tv_sec: 1474278,
                tv_nsec: 322646076,
            },
            tasks_polled_in_batch: 5,
            task_poll_time_ewma: 2543.2542148852463,
        },
        global_queue_interval: 61,
        rand: tokio::util::rand::FastRand {
            one: 199763444,
            two: 1956728231,
        },
    }
  stack:
    0xADDR 
    0xADDR   (frame-pointer walk)
    0xADDR   (frame-pointer walk)
