---
source: hansei/src/offline.rs
description: "`print reader` over linux-floor/local-set-io"
---
0xA1 -> tokio::net::unix::stream::UnixStream {
        io: tokio::io::poll_evented::PollEvented<mio::net::uds::stream::UnixStream> {
            io: core::option::Option<mio::net::uds::stream::UnixStream> { .. } @ 0xA2,
            registration: tokio::runtime::io::registration::Registration { .. } @ 0xA1,
        },
    }
