---
source: hansei/src/offline.rs
description: "`tasks --with id 3,6` over linux-floor/local-set-io"
---
ID  STATE  RT  FUTURES  AWAITING AT                 WAITING ON           TYPE
3   idle   1         0  src/bin/local-set-io.rs:60  io fd 13 (writable)  async fn local_set_io::local_writer
[1 task]
