---
source: hansei/src/offline.rs
description: "`connections` over linux-floor/local-set-io"
---
TASK  CALLER  PROTO  ROLE  PHASE  DEADLINE  SENDQ  PEER  SERVER  METHOD  REQUEST
1     —       unix   —     open   —         —      —     —       —       —
3     —       unix   —     open   —         —      —     —       —       —
5     —       unix   —     open   —         —      —     —       —       —
[3 connections]
