---
source: hansei/src/offline.rs
description: "`threads` over linux-floor/nested-await"
---
LWP      NAME  ROLE                 TASK  FRAME 0
2349651  —     entered runtime      —     0xADDR
2349653  —     worker 1, in driver  —     0xADDR ← 0xADDR ← 0xADDR
2349654  —     worker 0, parked     —     0xADDR
