---
source: hansei/src/offline.rs
description: "`threads` over linux-floor/nested-await"
---
LWP      NAME  ROLE                 TASK  FRAME 0
2094525  —     entered runtime      —     0xADDR
2094527  —     worker 0, in driver  —     0xADDR
2094528  —     worker 1, parked     —     0xADDR
[3 threads]
