---
source: hansei/src/offline.rs
description: "`threads` over linux-floor/nested-await"
---
LWP      NAME  ROLE                 TASK  FRAME 0
1737590  —     entered runtime      —     0xADDR
1737592  —     worker 0, parked     —     0xADDR
1737593  —     worker 1, in driver  —     0xADDR
[3 threads]
