---
source: hansei/src/offline.rs
description: "`threads` over linux-floor/simple-await"
---
LWP      NAME  ROLE                 TASK  FRAME 0
3647756  —     entered runtime      —     0xADDR
3647758  —     worker 0, in driver  —     0xADDR
3647759  —     worker 1, parked     —     0xADDR
[3 threads]
