---
source: hansei/src/offline.rs
description: "`threads` over linux-floor/simple-await"
---
LWP      NAME  ROLE                 TASK  FRAME 0
3180861  —     entered runtime      —     0xADDR
3180863  —     worker 0, in driver  —     0xADDR ← 0xADDR ← 0xADDR
3180864  —     worker 1, parked     —     0xADDR
