---
source: hansei/src/offline.rs
description: "`census` over linux-floor/sleep-join"
---
Threads: 3 lwps, 3 in runtime 0 @ 0xADDR

COUNT  RT  ROLE             STATE            LWPS
    1  0   worker           in driver        433899
    1  0   worker           parked           433900
    1  0   entered runtime  block_on caller  433897
    0  0   blocking pool    0 idle, 0 busy   —
[3 lwps]

Tasks: 2 owned by runtime 0 @ 0xADDR

COUNT  STATE
    2  idle
[2 tasks]

COUNT  TYPE / WAITING ON
    1  async fn sleep_join::joiner
       └─ 1  task
    1  async fn sleep_join::sleeper
       └─ 1  timer
[2 types]

Futures: 2 in flight, on 4 await-chain frames, up to 2 deep

COUNT  HELD IN
    2  task (its own await chain)
    0  frame (off any await chain)
    0  set (0 FuturesUnordered)
[2 futures]

[0 types]
