---
source: hansei/src/offline.rs
description: "`threads` over linux-floor/sleep-join"
---
LWP      NAME  ROLE                 TASK  FRAME 0
2240407  —     entered runtime      —     0xADDR
2240409  —     worker 0, parked     —     0xADDR
2240410  —     worker 1, in driver  —     0xADDR
[3 threads]
