---
source: hansei/src/offline.rs
description: "`futures` over linux-floor/tls-conns"
---
ADDR  TASK  HELD IN  STATE  WAITING ON  ARMED  TYPE
0xA1  2003  frame 1, `read`  —  io  yes  future tokio::io::util::read::Read<tokio::io::split::ReadHalf<tokio_rustls::TlsStream<tokio::net::tcp::stream::TcpStream>>>
0xA2  2003  frame 1, `write`  —  io  yes  future tokio::io::util::write_buf::WriteBuf<tokio::io::split::WriteHalf<tokio_rustls::TlsStream<tokio::net::tcp::stream::TcpStream>>, core::io::cursor::Cursor<Vec<u8>>>
0xA3  2005  frame 1, `read`  —  io  yes  future tokio::io::util::read::Read<tokio::net::tcp::split_owned::OwnedReadHalf>
0xA4  2005  frame 1, `write`  —  io  yes  future tokio::io::util::write_buf::WriteBuf<tokio::net::tcp::split_owned::OwnedWriteHalf, core::io::cursor::Cursor<Vec<u8>>>
[4 futures]
