---
source: hansei/src/offline.rs
description: "`tasks --group waker` over linux-floor/tls-conns"
---
COUNT  WAITING ON         TASKS
    8  io                 3, 4, 5, …
    4  oneshot rx         10, 11, 13, …
    2  handshaking        12, 14
    1  http1 client idle  18
    1  http1 server idle  17
[5 groups]
