---
source: hansei/src/offline.rs
description: "`find-types async_channel::Receiver<u32>` over linux-floor/two-releases"
---
&async_channel::Receiver<u32>  (2 definitions: type 37; type 677)
alloc::boxed::Box<async_channel::Receiver<u32>, alloc::alloc::Global>  (2 definitions: type 729; type 730)
async_channel::Receiver<u32>  (2 definitions: type 7, async-channel 2.5.0; type 665, async-channel 1.9.0)
core::option::Option<alloc::boxed::Box<async_channel::Receiver<u32>, alloc::alloc::Global>>  (2 definitions: type 731; type 732)
core::option::Option<alloc::boxed::Box<async_channel::Receiver<u32>, alloc::alloc::Global>>::None  (2 definitions: type 734; type 736)
core::option::Option<alloc::boxed::Box<async_channel::Receiver<u32>, alloc::alloc::Global>>::Some  (2 definitions: type 735; type 737)

[6 types]
