---
source: hansei/src/offline.rs
description: "`threads` over linux-floor/two-releases"
---
LWP      NAME  ROLE                 TASK  FRAME 0
2180071  —     entered runtime      —     0xADDR
2180073  —     worker 0, in driver  —     0xADDR
2180074  —     worker 1, parked     —     0xADDR
[3 threads]
