---
source: hansei/src/offline.rs
description: "`tasks --with type two_releases::old_waiter --exec task` over linux-floor/two-releases"
---
task 4
    state: idle
    thread: <none>
    type: async fn two_releases::old_waiter
    awaiting at: src/bin/two-releases.rs:63
    awaiting on:
        listener: event_listener::EventListener
            held in: frame 0 `listener`
            awaiting on: unknown
            type defined at: event-listener-2.5.3/src/lib.rs:667
            waker: event_listener::Entry @ 0xADDR
    spawned at: src/bin/two-releases.rs:107:27
    type defined at: src/bin/two-releases.rs:55
    held futures: 1
    join sets: 0
[Executed against 1 task, 0 failed]
