---
source: hansei/src/offline.rs
description: "`locals` over linux-floor/unordered"
---
notify: alloc::sync::Arc<tokio::sync::notify::Notify, alloc::alloc::Global> = 0xADDR -> alloc::sync::ArcInner<tokio::sync::notify::Notify> {
          strong: 15,
          weak: 1,
          data: tokio::sync::notify::Notify {
              state: state=waiting, generation=0,
              mutex: locked=false, parked=false,
              queue: [
                  tokio::sync::notify::Waiter { notification: kind=none, order=fifo, waker: tokio::loom::std::unsafe_cell::UnsafeCell<core::option::Option<core::task::wake::Waker>> { .. } @ 0xADDR (task 3 via FuturesUnordered) },
                  tokio::sync::notify::Waiter { notification: kind=none, order=fifo, waker: tokio::loom::std::unsafe_cell::UnsafeCell<core::option::Option<core::task::wake::Waker>> { .. } @ 0xADDR (task 3 via FuturesUnordered) },
                  tokio::sync::notify::Waiter { notification: kind=none, order=fifo, waker: tokio::loom::std::unsafe_cell::UnsafeCell<core::option::Option<core::task::wake::Waker>> { .. } @ 0xADDR (task 3 via FuturesUnordered) },
              ],
          },
      }
set: futures_util::stream::futures_unordered::FuturesUnordered<unordered::set_member::{async_fn_env#0}> {
      ready_to_run_queue: alloc::sync::Arc<futures_util::stream::futures_unordered::ready_to_run_queue::ReadyToRunQueue<unordered::set_member::{async_fn_env#0}>, alloc::alloc::Global> {
          ptr: 0xADDR -> alloc::sync::ArcInner<futures_util::stream::futures_unordered::ready_to_run_queue::ReadyToRunQueue<unordered::set_member::{async_fn_env#0}>> {
                  strong: 1,
                  weak: 4,
                  data: futures_util::stream::futures_unordered::ready_to_run_queue::ReadyToRunQueue<unordered::set_member::{async_fn_env#0}> { .. } @ 0xADDR,
              },
      },
      head_all: task 3 via FuturesUnordered,
      is_terminated: core::sync::atomic::Atomic<bool> {
          v: 0,
      },
  }
held: unordered::set_member::{async_fn_env#0}::0 {
      notify: alloc::sync::Arc<tokio::sync::notify::Notify, alloc::alloc::Global> {
          ptr: 0xADDR -> alloc::sync::ArcInner<tokio::sync::notify::Notify> {
                  strong: 15,
                  weak: 1,
                  data: tokio::sync::notify::Notify { .. } @ 0xADDR,
              },
      },
      nest: false,
  }
boxed: core::pin::Pin<alloc::boxed::Box<(dyn core::future::future::Future<Output=u32> + core::marker::Send), alloc::alloc::Global>> = alloc::boxed::Box<(dyn core::future::future::Future<Output=u32> + core::marker::Send), alloc::alloc::Global> {
      pointer: 0xADDR,
      concrete type: unordered::set_member::{closure#0},
      vtable: {
          drop_in_place: 0xADDR -> core::ptr::drop_glue::<unordered::set_member::{closure#0}>,
          size: 232,
          align: 8,
          method[3]: 0xADDR -> unordered::set_member::{closure#0},
      },
  }
pair: (unordered::leaf::{async_fn_env#0}, u32)(
      unordered::leaf::{async_fn_env#0}::0 {
          notify: alloc::sync::Arc<tokio::sync::notify::Notify, alloc::alloc::Global> {
              ptr: 0xADDR -> alloc::sync::ArcInner<tokio::sync::notify::Notify> { .. },
          },
      },
      11,
  )
maybe: core::option::Option<unordered::leaf::{async_fn_env#0}>::Some(unordered::leaf::{async_fn_env#0}::0 {
          notify: alloc::sync::Arc<tokio::sync::notify::Notify, alloc::alloc::Global> {
              ptr: 0xADDR -> alloc::sync::ArcInner<tokio::sync::notify::Notify> { .. },
          },
      })
nested_hold: unordered::holder::{async_fn_env#0}<unordered::leaf::{async_fn_env#0}>::0 {
      inner: unordered::leaf::{async_fn_env#0}::0 {
          notify: alloc::sync::Arc<tokio::sync::notify::Notify, alloc::alloc::Global> {
              ptr: 0xADDR -> alloc::sync::ArcInner<tokio::sync::notify::Notify> { .. },
          },
      },
      notify: alloc::sync::Arc<tokio::sync::notify::Notify, alloc::alloc::Global> {
          ptr: 0xADDR -> alloc::sync::ArcInner<tokio::sync::notify::Notify> {
                  strong: 15,
                  weak: 1,
                  data: tokio::sync::notify::Notify { .. } @ 0xADDR,
              },
      },
  }
sum: u32 = 0
