---
source: hansei/src/offline.rs
description: "`futures` over linux-floor/unordered"
---
ADDR            TASK  HELD IN                                              STATE                                WAITING ON  TYPE
0xADDR  3     frame 1, `held`                                      Unresumed — src/bin/unordered.rs:60  —           async fn unordered::set_member
0xADDR  3     frame 1, `boxed`                                     Unresumed — src/bin/unordered.rs:60  —           async fn unordered::set_member
0xADDR  3     frame 1, `pair`                                      Unresumed — src/bin/unordered.rs:40  —           async fn unordered::leaf
0xADDR  3     frame 1, `maybe`                                     Unresumed — src/bin/unordered.rs:40  —           async fn unordered::leaf
0xADDR  3     frame 1, `nested_hold`                               Unresumed — src/bin/unordered.rs:50  —           async fn unordered::holder<unordered::leaf>
0xADDR  3     frame 0, `inner`, via held future at 0xADDR  Unresumed — src/bin/unordered.rs:40  —           async fn unordered::leaf
0xADDR  3     set 0xADDR                                   Suspend0 — src/bin/unordered.rs:73   —           async fn unordered::set_member
0xADDR  3     frame 1, `held`, via set child at 0xADDR     Unresumed — src/bin/unordered.rs:40  —           async fn unordered::leaf
0xADDR  3     set 0xADDR                                   Suspend0 — src/bin/unordered.rs:73   —           async fn unordered::set_member
0xADDR  3     frame 1, `held`, via set child at 0xADDR     Unresumed — src/bin/unordered.rs:40  —           async fn unordered::leaf
0xADDR  3     set 0xADDR                                   Suspend0 — src/bin/unordered.rs:73   —           async fn unordered::set_member
0xADDR  3     frame 1, `held`, via set child at 0xADDR     Unresumed — src/bin/unordered.rs:40  —           async fn unordered::leaf
0xADDR  3     set 0xADDR, via set child at 0xADDR  Unresumed — src/bin/unordered.rs:40  —           async fn unordered::leaf
0xADDR  3     set 0xADDR, via set child at 0xADDR  Unresumed — src/bin/unordered.rs:40  —           async fn unordered::leaf
[14 futures]
