---
source: hansei/src/offline.rs
description: "`census` over linux-floor/unordered"
---
Threads: 3 lwps, 3 in runtime 0 @ 0xADDR
    2 in the scheduler's run loop
        1 parked in the io driver
            worker 1, lwp 1149389
        1 parked
    1 in runtime 0 @ 0xADDR, outside the run loop
        0 in the blocking pool (0 idle, 0 tasks queued)
        1 that entered the runtime another way (a block_on caller)

Tasks: 1 owned by runtime 0 @ 0xADDR
    State: 1 idle
    Future types and what they await:
        1  async fn unordered::driver
           └─ 1  future futures_util::stream::futures_unordered::FuturesUnordered<unordered::set_member>

Futures: 15 in flight, on 19 await-chain frames (up to 2 deep)
    Location:
        1  polled as tasks
        9  held in frames, off any await chain
        5  in 2 FuturesUnordered
    Future types and what they await:
        8  async fn unordered::leaf
        5  async fn unordered::set_member
           ├─ 3  future tokio::sync::notify::Notified
           └─ 2  async fn unordered::set_member
        1  async fn unordered::holder<unordered::leaf>
