---
source: hansei/src/offline.rs
description: "`tasks --exec trace -n` over linux-floor/unordered"
---
3  idle  src/bin/unordered.rs:115  future futures_util::stream::futures_unordered::FuturesUnordered<unordered::set_member>  async fn unordered::driver
#0  future        futures_util::stream::futures_unordered::FuturesUnordered<unordered::set_member>
      (<no_state>, 3 locals)
#1  async fn      unordered::driver
      awaiting at src/bin/unordered.rs:115 (Suspend0, 8 locals; holds 5 pending futures)
Executed against 1 tasks, 0 failed
