---
source: hansei/src/offline.rs
description: "`trace 1 -l 1` over linux-floor/walk-shapes"
---
Waiting on: unknown at walk_shapes::WrapS (holds 1 future)
  holds 1 future at its stop, none holding this task's waker:
  inner: walk_shapes::WrapE at 0xADDR — unknown; held, not armed; what walk_shapes::WrapE<walk_shapes::deep::{async_fn_env#0}> polls is not established: no reviewed rule covers its implementation

what walk_shapes::WrapS<walk_shapes::WrapE<walk_shapes::deep>> polls is not established (no reviewed rule covers its implementation); the chain ends there
#0  future        walk_shapes::WrapS<walk_shapes::WrapE<walk_shapes::deep>>
      (<no_state>, 2 locals; holds 1 pending future)
[2 frames, 1 shown]
