---
source: hansei/src/offline.rs
description: "`futures` over linux-floor/walk-shapes"
---
ADDR            TASK  RT  HELD IN           STATE                                          WAITING ON          ARMED  TYPE
0xADDR  1     0   frame 1, `wz`     Unresumed                                      —                   no     async fn walk_shapes::deep
0xADDR  1     0   frame 0, `inner`  —                                              notify rx           yes    future walk_shapes::WrapE<walk_shapes::deep>
0xADDR  3     0   frame 1, `fut`    Suspend0 — tokio-1.47.5/src/sync/mutex.rs:455  unarmed: semaphore  no     async fn tokio::sync::mutex::Mutex::lock<()>
[3 futures]
