---
source: hansei/src/offline.rs
description: "`threads` over linux-floor/watch-stream"
---
LWP      NAME  ROLE                 TASK  FRAME 0
2001829  —     entered runtime      —     0xADDR
2001831  —     worker 0, parked     —     0xADDR
2001832  —     worker 1, in driver  —     0xADDR
[3 threads]
